<html>
<body>
<pre>
<h1>µVision Build Log</h1>
<h2>Project:</h2>
E:\code\TPDT.FC_407\project.uvproj
Project File Date:  06/24/2015

<h2>Output:</h2>
Build target 'rt-thread_stm32f4xx'
compiling application.c...
applications\application.c(502): warning:  #177-D: function "config_bt" was declared but never referenced
  static void config_bt()
applications\application.c: 1 warning, 0 errors
linking...
Program Size: Code=148078 RO-data=10082 RW-data=792 ZI-data=14744  
After Build - User command #1: fromelf --bin .\build\rtthread-stm32f4xx.axf --output rtthread.bin
".\build\rtthread-stm32f4xx.axf" - 0 Error(s), 1 Warning(s).
Load "E:\\code\\TPDT.FC_407\\build\\rtthread-stm32f4xx.axf" 
Erase Done.
Programming Done.
Verify OK.
Application running ...
Load "E:\\code\\TPDT.FC_407\\build\\rtthread-stm32f4xx.axf" 
Erase Done.
Programming Done.
Verify OK.
Application running ...
).
