Product: MDK-ARM Professional 5.10
Component: ARM Compiler 5.04 update 1 (build 49)
Tool: armlink [5040049]

==============================================================================

Section Cross References

    application.o(.text) refers to led.o(.text) for LED_set1
    application.o(.text) refers to thread.o(.text) for rt_thread_delay
    application.o(.text) refers to inv_mpu.o(.text) for mpu_run_self_test
    application.o(.text) refers to inv_mpu_dmp_motion_driver.o(.text) for dmp_set_gyro_bias
    application.o(.text) refers to hardtimer.o(.text) for Timer4_init
    application.o(.text) refers to kservice.o(.text) for rt_kprintf
    application.o(.text) refers to dflt_clz.o(x$fpl$dflt) for __aeabi_i2d
    application.o(.text) refers to ddiv.o(x$fpl$ddiv) for __aeabi_ddiv
    application.o(.text) refers to d2f.o(x$fpl$d2f) for __aeabi_d2f
    application.o(.text) refers to dmul.o(x$fpl$dmul) for __aeabi_dmul
    application.o(.text) refers to f2d.o(x$fpl$f2d) for __aeabi_f2d
    application.o(.text) refers to application.o(.data) for led_period
    application.o(.text) refers to application.o(.bss) for quat
    application.o(.text) refers to daddsub_clz.o(x$fpl$dsub) for __aeabi_dsub
    application.o(.text) refers to dfix.o(x$fpl$dfix) for __aeabi_d2iz
    application.o(.text) refers to drleqf.o(x$fpl$drleqf) for __aeabi_cdrcmple
    application.o(.text) refers to ahrs.o(.text) for MoveAve_WMA
    application.o(.text) refers to asin.o(i.__hardfp_asin) for __hardfp_asin
    application.o(.text) refers to basic.o(x$fpl$basic) for __aeabi_dneg
    application.o(.text) refers to daddsub_clz.o(x$fpl$dadd) for __aeabi_dadd
    application.o(.text) refers to atan2.o(i.__hardfp_atan2) for __hardfp_atan2
    application.o(.text) refers to dfixu.o(x$fpl$dfixu) for __aeabi_d2uiz
    application.o(.text) refers to ahrs.o(.bss) for ahrs
    application.o(.text) refers to ahrs.o(.data) for mpu_gryo_pitch
    application.o(.text) refers to settings.o(.bss) for settings
    application.o(.text) refers to ipc.o(.text) for rt_event_send
    application.o(.text) refers to mem.o(.text) for rt_calloc
    application.o(.text) refers to daddsub_clz.o(x$fpl$drsb) for __aeabi_drsub
    application.o(.text) refers to pid.o(.text) for PID_SetTarget
    application.o(.text) refers to dleqf.o(x$fpl$dleqf) for __aeabi_cdcmple
    application.o(.text) refers to pwm.o(.data) for PWM3_Time
    application.o(.text) refers to motor.o(.text) for Motor_Set
    application.o(.text) refers to dflt_clz.o(x$fpl$dfltu) for __aeabi_ui2d
    application.o(.text) refers to settings.o(.text) for save_settings
    application.o(.text) refers to stm32f4xx_rcc.o(.text) for RCC_AHB1PeriphClockCmd
    application.o(.text) refers to stm32f4xx_gpio.o(.text) for GPIO_Init
    application.o(.text) refers to components.o(.text) for rt_components_init
    application.o(.text) refers to stm32_iic.o(.text) for i2cInit
    application.o(.text) refers to spi2.o(.text) for rt_hw_spi2_init
    application.o(.text) refers to dfs_fs.o(.text) for dfs_mount
    application.o(VSymTab) refers to application.o(.constdata) for __vsym_pwmcon_name
    application.o(VSymTab) refers to application.o(.data) for pwmcon
    startup.o(.text) refers to kservice.o(.text) for rt_kprintf
    startup.o(.text) refers to board.o(.text) for rt_hw_board_init
    startup.o(.text) refers to clock.o(.text) for rt_system_tick_init
    startup.o(.text) refers to object.o(.text) for rt_system_object_init
    startup.o(.text) refers to timer.o(.text) for rt_system_timer_init
    startup.o(.text) refers to mem.o(.text) for rt_system_heap_init
    startup.o(.text) refers to scheduler.o(.text) for rt_system_scheduler_init
    startup.o(.text) refers to application.o(.text) for rt_application_init
    startup.o(.text) refers to shell.o(.text) for finsh_system_init
    startup.o(.text) refers to idle.o(.text) for rt_thread_idle_init
    startup.o(.text) refers to context_rvds.o(.text) for rt_hw_interrupt_disable
    motor.o(.text) refers to dflt_clz.o(x$fpl$dfltu) for __aeabi_ui2d
    motor.o(.text) refers to pid.o(.text) for RangeValue
    motor.o(.text) refers to dfixu.o(x$fpl$dfixu) for __aeabi_d2uiz
    motor.o(.text) refers to stm32f4xx_tim.o(.text) for TIM_SetCompare4
    motor.o(.text) refers to pwm.o(.text) for PWMOUT1_Init
    motor.o(.text) refers to dflt_clz.o(x$fpl$dflt) for __aeabi_i2d
    motor.o(.text) refers to motor.o(.data) for Motor6
    pid.o(.text) refers to drleqf.o(x$fpl$drleqf) for __aeabi_cdrcmple
    pid.o(.text) refers to dleqf.o(x$fpl$dleqf) for __aeabi_cdcmple
    pid.o(.text) refers to daddsub_clz.o(x$fpl$dsub) for __aeabi_dsub
    pid.o(.text) refers to daddsub_clz.o(x$fpl$dadd) for __aeabi_dadd
    pid.o(.text) refers to dmul.o(x$fpl$dmul) for __aeabi_dmul
    pid.o(.text) refers to ddiv.o(x$fpl$ddiv) for __aeabi_ddiv
    pwm.o(.text) refers to stm32f4xx_rcc.o(.text) for RCC_APB2PeriphClockCmd
    pwm.o(.text) refers to stm32f4xx_gpio.o(.text) for GPIO_Init
[...]
    getcwd                                   0x08017ec1   Thumb Code    16  dfs_posix.o(.text)
    dfs_elm_mount                            0x08017f79   Thumb Code   224  dfs_elm.o(.text)
    dfs_elm_unmount                          0x08018059   Thumb Code    94  dfs_elm.o(.text)
    dfs_elm_mkfs                             0x080180b7   Thumb Code   168  dfs_elm.o(.text)
    dfs_elm_statfs                           0x0801815f   Thumb Code   156  dfs_elm.o(.text)
    dfs_elm_open                             0x080181fb   Thumb Code   512  dfs_elm.o(.text)
    dfs_elm_close                            0x080183fb   Thumb Code   122  dfs_elm.o(.text)
    dfs_elm_ioctl                            0x08018475   Thumb Code     8  dfs_elm.o(.text)
    dfs_elm_read                             0x0801847d   Thumb Code    92  dfs_elm.o(.text)
    dfs_elm_write                            0x080184d9   Thumb Code    96  dfs_elm.o(.text)
    dfs_elm_flush                            0x08018539   Thumb Code    56  dfs_elm.o(.text)
    dfs_elm_lseek                            0x08018571   Thumb Code   152  dfs_elm.o(.text)
    dfs_elm_getdents                         0x08018609   Thumb Code   228  dfs_elm.o(.text)
    dfs_elm_unlink                           0x080186ed   Thumb Code    86  dfs_elm.o(.text)
    dfs_elm_rename                           0x08018743   Thumb Code    94  dfs_elm.o(.text)
    dfs_elm_stat                             0x080187a1   Thumb Code   320  dfs_elm.o(.text)
    elm_init                                 0x080188e1   Thumb Code    12  dfs_elm.o(.text)
    disk_initialize                          0x080188ed   Thumb Code     6  dfs_elm.o(.text)
    disk_status                              0x080188f3   Thumb Code     6  dfs_elm.o(.text)
    disk_read                                0x080188f9   Thumb Code    46  dfs_elm.o(.text)
    disk_write                               0x08018927   Thumb Code    46  dfs_elm.o(.text)
    disk_ioctl                               0x08018955   Thumb Code   156  dfs_elm.o(.text)
    get_fattime                              0x080189f1   Thumb Code     4  dfs_elm.o(.text)
    ff_cre_syncobj                           0x080189f5   Thumb Code    40  dfs_elm.o(.text)
    ff_del_syncobj                           0x08018a1d   Thumb Code    16  dfs_elm.o(.text)
    ff_req_grant                             0x08018a2d   Thumb Code    24  dfs_elm.o(.text)
    ff_rel_grant                             0x08018a45   Thumb Code    12  dfs_elm.o(.text)
    clust2sect                               0x08018c09   Thumb Code    26  ff.o(.text)
    get_fat                                  0x08018c23   Thumb Code   280  ff.o(.text)
    put_fat                                  0x08018d3b   Thumb Code   336  ff.o(.text)
    f_mount                                  0x080198f9   Thumb Code    70  ff.o(.text)
    f_open                                   0x0801993f   Thumb Code   296  ff.o(.text)
    f_read                                   0x08019a67   Thumb Code   624  ff.o(.text)
    f_write                                  0x08019cd7   Thumb Code   670  ff.o(.text)
    f_sync                                   0x08019f75   Thumb Code   158  ff.o(.text)
    f_close                                  0x0801a013   Thumb Code    22  ff.o(.text)
    f_lseek                                  0x0801a029   Thumb Code   912  ff.o(.text)
    f_opendir                                0x0801a3b9   Thumb Code   106  ff.o(.text)
    f_readdir                                0x0801a423   Thumb Code    96  ff.o(.text)
    f_seekdir                                0x0801a483   Thumb Code    60  ff.o(.text)
    f_stat                                   0x0801a4bf   Thumb Code    66  ff.o(.text)
    f_getfree                                0x0801a501   Thumb Code   262  ff.o(.text)
    f_truncate                               0x0801a607   Thumb Code   164  ff.o(.text)
    f_unlink                                 0x0801a6ab   Thumb Code   174  ff.o(.text)
    f_mkdir                                  0x0801a759   Thumb Code   334  ff.o(.text)
    f_chmod                                  0x0801a8a7   Thumb Code    92  ff.o(.text)
    f_utime                                  0x0801a903   Thumb Code    82  ff.o(.text)
    f_rename                                 0x0801a955   Thumb Code   274  ff.o(.text)
    f_mkfs                                   0x0801aa67   Thumb Code  1238  ff.o(.text)
    elm_get_vol                              0x0801af3d   Thumb Code    32  ff.o(.text)
    dfs_romfs_mount                          0x0801af69   Thumb Code    22  dfs_romfs.o(.text)
    dfs_romfs_unmount                        0x0801af7f   Thumb Code     6  dfs_romfs.o(.text)
    dfs_romfs_ioctl                          0x0801af85   Thumb Code     8  dfs_romfs.o(.text)
    dfs_romfs_lookup                         0x0801af8d   Thumb Code   216  dfs_romfs.o(.text)
    dfs_romfs_read                           0x0801b065   Thumb Code    98  dfs_romfs.o(.text)
    dfs_romfs_lseek                          0x0801b0c7   Thumb Code    20  dfs_romfs.o(.text)
    dfs_romfs_close                          0x0801b0db   Thumb Code     8  dfs_romfs.o(.text)
    dfs_romfs_open                           0x0801b0e3   Thumb Code    92  dfs_romfs.o(.text)
    dfs_romfs_stat                           0x0801b13f   Thumb Code    88  dfs_romfs.o(.text)
    dfs_romfs_getdents                       0x0801b197   Thumb Code   176  dfs_romfs.o(.text)
    dfs_romfs_init                           0x0801b247   Thumb Code    12  dfs_romfs.o(.text)
    rt_i2c_bus_device_register               0x0801b2b9   Thumb Code    66  i2c_core.o(.text)
    rt_i2c_bus_device_find                   0x0801b2fb   Thumb Code    38  i2c_core.o(.text)
    rt_i2c_transfer                          0x0801b321   Thumb Code   126  i2c_core.o(.text)
    rt_i2c_master_send                       0x0801b39f   Thumb Code    66  i2c_core.o(.text)
    rt_i2c_master_recv                       0x0801b3e1   Thumb Code   108  i2c_core.o(.text)
    rt_i2c_core_init                         0x0801b44d   Thumb Code    14  i2c_core.o(.text)
    rt_i2c_bus_device_device_init            0x0801b6cf   Thumb Code    80  i2c_dev.o(.text)
    rt_spi_bus_register                      0x0801b7cd   Thumb Code    50  spi_core.o(.text)
    rt_spi_bus_attach_device                 0x0801b7ff   Thumb Code    74  spi_core.o(.text)
    rt_spi_configure                         0x0801b849   Thumb Code   114  spi_core.o(.text)
    rt_spi_send_then_send                    0x0801b8bb   Thumb Code   276  spi_core.o(.text)
    rt_spi_send_then_recv                    0x0801b9cf   Thumb Code   276  spi_core.o(.text)
    rt_spi_transfer                          0x0801bae3   Thumb Code   234  spi_core.o(.text)
    rt_spi_transfer_message                  0x0801bbcd   Thumb Code   278  spi_core.o(.text)
    rt_spi_take_bus                          0x0801bce3   Thumb Code   178  spi_core.o(.text)
    rt_spi_release_bus                       0x0801bd95   Thumb Code   132  spi_core.o(.text)
    rt_spi_take                              0x0801be19   Thumb Code   120  spi_core.o(.text)
    rt_spi_release                           0x0801be91   Thumb Code   120  spi_core.o(.text)
    rt_spi_bus_device_init                   0x0801c053   Thumb Code    76  spi_dev.o(.text)
    rt_spidev_device_init                    0x0801c1b9   Thumb Code    76  spi_dev.o(.text)
    w25qxx_page_write                        0x0801c369   Thumb Code   204  spi_flash_w25qxx.o(.text)
    w25qxx_init                              0x0801c54f   Thumb Code   882  spi_flash_w25qxx.o(.text)
    finsh_set_device                         0x0801c929   Thumb Code   136  shell.o(.text)
    finsh_get_device                         0x0801c9b1   Thumb Code    46  shell.o(.text)
    finsh_set_echo                           0x0801c9df   Thumb Code    48  shell.o(.text)
    finsh_get_echo                           0x0801ca0f   Thumb Code    50  shell.o(.text)
    finsh_run_line                           0x0801ca5d   Thumb Code   150  shell.o(.text)
    finsh_thread_entry                       0x0801cbaf   Thumb Code  1656  shell.o(.text)
    finsh_system_function_init               0x0801d227   Thumb Code    10  shell.o(.text)
    finsh_system_var_init                    0x0801d231   Thumb Code    10  shell.o(.text)
    finsh_system_init                        0x0801d23b   Thumb Code   122  shell.o(.text)
    hello                                    0x0801d31d   Thumb Code    12  cmd.o(.text)
    version                                  0x0801d329   Thumb Code    10  cmd.o(.text)
    list_thread                              0x0801d3df   Thumb Code    10  cmd.o(.text)
    list_sem                                 0x0801d47d   Thumb Code    12  cmd.o(.text)
    list_event                               0x0801d4e9   Thumb Code    12  cmd.o(.text)
    list_mutex                               0x0801d537   Thumb Code    12  cmd.o(.text)
    list_mailbox                             0x0801d5bb   Thumb Code    12  cmd.o(.text)
    list_msgqueue                            0x0801d633   Thumb Code    12  cmd.o(.text)
    list_mempool                             0x0801d6a5   Thumb Code    12  cmd.o(.text)
    list_timer                               0x0801dae9   Thumb Code    10  cmd.o(.text)
    list_device                              0x0801db45   Thumb Code    12  cmd.o(.text)
    list                                     0x0801db51   Thumb Code   126  cmd.o(.text)
    list_prefix                              0x0801dc11   Thumb Code   434  cmd.o(.text)
    finsh_compiler_run                       0x0801f67b   Thumb Code    88  finsh_compiler.o(.text)
    finsh_error_init                         0x0801f6e5   Thumb Code     8  finsh_error.o(.text)
    finsh_error_set                          0x0801f6ed   Thumb Code    10  finsh_error.o(.text)
    finsh_errno                              0x0801f6f7   Thumb Code     6  finsh_error.o(.text)
    finsh_error_string                       0x0801f6fd   Thumb Code    10  finsh_error.o(.text)
    finsh_heap_init                          0x0801f711   Thumb Code    36  finsh_heap.o(.text)
    finsh_heap_free                          0x0801f835   Thumb Code    34  finsh_heap.o(.text)
    finsh_heap_allocate                      0x0801f8a5   Thumb Code   106  finsh_heap.o(.text)
    finsh_init                               0x0801f921   Thumb Code    30  finsh_init.o(.text)
    finsh_stack_bottom                       0x0801f93f   Thumb Code     6  finsh_init.o(.text)
    finsh_flush                              0x0801f945   Thumb Code    22  finsh_init.o(.text)
    finsh_reset                              0x0801f95b   Thumb Code    24  finsh_init.o(.text)
    finsh_node_init                          0x0801f979   Thumb Code    16  finsh_node.o(.text)
    finsh_node_allocate                      0x0801f989   Thumb Code    56  finsh_node.o(.text)
    finsh_node_new_id                        0x0801f9c1   Thumb Code   118  finsh_node.o(.text)
    finsh_node_new_char                      0x0801fa37   Thumb Code    30  finsh_node.o(.text)
    finsh_node_new_int                       0x0801fa55   Thumb Code    30  finsh_node.o(.text)
    finsh_node_new_long                      0x0801fa73   Thumb Code    30  finsh_node.o(.text)
    finsh_node_new_string                    0x0801fa91   Thumb Code    74  finsh_node.o(.text)
    finsh_node_new_ptr                       0x0801fadb   Thumb Code    30  finsh_node.o(.text)
    OP_no_op                                 0x0801fafd   Thumb Code     2  finsh_ops.o(.text)
    OP_add_byte                              0x0801faff   Thumb Code    42  finsh_ops.o(.text)
    OP_add_word                              0x0801fb29   Thumb Code    44  finsh_ops.o(.text)
    OP_add_dword                             0x0801fb55   Thumb Code    42  finsh_ops.o(.text)
    OP_sub_byte                              0x0801fb7f   Thumb Code    42  finsh_ops.o(.text)
    OP_sub_word                              0x0801fba9   Thumb Code    44  finsh_ops.o(.text)
    OP_sub_dword                             0x0801fbd5   Thumb Code    42  finsh_ops.o(.text)
    OP_div_byte                              0x0801fbff   Thumb Code    44  finsh_ops.o(.text)
    OP_div_word                              0x0801fc2b   Thumb Code    46  finsh_ops.o(.text)
    OP_div_dword                             0x0801fc59   Thumb Code    44  finsh_ops.o(.text)
    OP_mod_byte                              0x0801fc85   Thumb Code    48  finsh_ops.o(.text)
    OP_mod_word                              0x0801fcb5   Thumb Code    48  finsh_ops.o(.text)
    OP_mod_dword                             0x0801fce5   Thumb Code    48  finsh_ops.o(.text)
    OP_mul_byte                              0x0801fd15   Thumb Code    44  finsh_ops.o(.text)
    OP_mul_word                              0x0801fd41   Thumb Code    46  finsh_ops.o(.text)
    OP_mul_dword                             0x0801fd6f   Thumb Code    42  finsh_ops.o(.text)
    OP_and_byte                              0x0801fd99   Thumb Code    42  finsh_ops.o(.text)
    OP_and_word                              0x0801fdc3   Thumb Code    42  finsh_ops.o(.text)
    OP_and_dword                             0x0801fded   Thumb Code    42  finsh_ops.o(.text)
    OP_or_byte                               0x0801fe17   Thumb Code    42  finsh_ops.o(.text)
    OP_or_word                               0x0801fe41   Thumb Code    42  finsh_ops.o(.text)
    OP_or_dword                              0x0801fe6b   Thumb Code    42  finsh_ops.o(.text)
    OP_xor_byte                              0x0801fe95   Thumb Code    42  finsh_ops.o(.text)
    OP_xor_word                              0x0801febf   Thumb Code    46  finsh_ops.o(.text)
    OP_xor_dword                             0x0801feed   Thumb Code    42  finsh_ops.o(.text)
    OP_bw_byte                               0x0801ff17   Thumb Code    20  finsh_ops.o(.text)
    OP_bw_word                               0x0801ff2b   Thumb Code    20  finsh_ops.o(.text)
    OP_bw_dword                              0x0801ff3f   Thumb Code    20  finsh_ops.o(.text)
    OP_shl_byte                              0x0801ff53   Thumb Code    42  finsh_ops.o(.text)
    OP_shl_word                              0x0801ff7d   Thumb Code    44  finsh_ops.o(.text)
    OP_shl_dword                             0x0801ffa9   Thumb Code    42  finsh_ops.o(.text)
    OP_shr_byte                              0x0801ffd3   Thumb Code    42  finsh_ops.o(.text)
    OP_shr_word                              0x0801fffd   Thumb Code    42  finsh_ops.o(.text)
    OP_shr_dword                             0x08020027   Thumb Code    42  finsh_ops.o(.text)
    OP_ld_byte                               0x08020051   Thumb Code    34  finsh_ops.o(.text)
    OP_ld_word                               0x08020073   Thumb Code    46  finsh_ops.o(.text)
    OP_ld_dword                              0x080200a1   Thumb Code    64  finsh_ops.o(.text)
    OP_ld_value_byte                         0x080200e1   Thumb Code    66  finsh_ops.o(.text)
    OP_ld_value_byte_stack                   0x08020123   Thumb Code    20  finsh_ops.o(.text)
    OP_ld_value_word                         0x08020137   Thumb Code    66  finsh_ops.o(.text)
    OP_ld_value_word_stack                   0x08020179   Thumb Code    20  finsh_ops.o(.text)
    OP_ld_value_dword                        0x0802018d   Thumb Code    66  finsh_ops.o(.text)
    OP_ld_value_dword_stack                  0x080201cf   Thumb Code    20  finsh_ops.o(.text)
    OP_st_byte                               0x080201e3   Thumb Code    30  finsh_ops.o(.text)
    OP_st_word                               0x08020201   Thumb Code    30  finsh_ops.o(.text)
    OP_st_dword                              0x0802021f   Thumb Code    30  finsh_ops.o(.text)
    OP_pop                                   0x0802023d   Thumb Code    12  finsh_ops.o(.text)
    OP_call                                  0x08020249   Thumb Code   906  finsh_ops.o(.text)
    finsh_parser_run                         0x08020e69   Thumb Code   220  finsh_parser.o(.text)
    finsh_parser_init                        0x08020f45   Thumb Code    16  finsh_parser.o(.text)
    finsh_var_init                           0x08020f55   Thumb Code    14  finsh_var.o(.text)
    finsh_var_insert                         0x08020f63   Thumb Code   114  finsh_var.o(.text)
    finsh_var_delete                         0x08020fd5   Thumb Code    68  finsh_var.o(.text)
    finsh_var_lookup                         0x08021019   Thumb Code    58  finsh_var.o(.text)
    finsh_sysvar_append                      0x08021053   Thumb Code    62  finsh_var.o(.text)
    finsh_sysvar_lookup                      0x08021091   Thumb Code    78  finsh_var.o(.text)
    finsh_vm_run                             0x080210f1   Thumb Code    62  finsh_vm.o(.text)
    finsh_syscall_append                     0x0802112f   Thumb Code    54  finsh_vm.o(.text)
    finsh_syscall_lookup                     0x08021165   Thumb Code    78  finsh_vm.o(.text)
    finsh_token_init                         0x080211d5   Thumb Code    20  finsh_token.o(.text)
    token_get_string                         0x080215c5   Thumb Code   120  finsh_token.o(.text)
    finsh_token_token                        0x080217fd   Thumb Code    24  finsh_token.o(.text)
    finsh_token_get_token                    0x08021815   Thumb Code    20  finsh_token.o(.text)
    rt_components_board_init                 0x08021839   Thumb Code    20  components.o(.text)
    rt_components_init                       0x0802184d   Thumb Code    20  components.o(.text)
    __aeabi_ldivmod                          0x0802186d   Thumb Code     0  llsdiv.o(.text)
    _ll_sdiv                                 0x0802186d   Thumb Code    72  llsdiv.o(.text)
    atoi                                     0x080218b5   Thumb Code    26  atoi.o(.text)
    memcmp                                   0x080218cf   Thumb Code    88  memcmp.o(.text)
    strrchr                                  0x08021927   Thumb Code    22  strrchr.o(.text)
    strlen                                   0x0802193d   Thumb Code    62  strlen.o(.text)
    strncmp                                  0x0802197b   Thumb Code   150  strncmp.o(.text)
    __aeabi_memcpy                           0x08021a11   Thumb Code     0  rt_memcpy_v6.o(.text)
    __rt_memcpy                              0x08021a11   Thumb Code   138  rt_memcpy_v6.o(.text)
    _memcpy_lastbytes                        0x08021a77   Thumb Code     0  rt_memcpy_v6.o(.text)
    __aeabi_memcpy4                          0x08021a9b   Thumb Code     0  rt_memcpy_w.o(.text)
    __aeabi_memcpy8                          0x08021a9b   Thumb Code     0  rt_memcpy_w.o(.text)
    __rt_memcpy_w                            0x08021a9b   Thumb Code   100  rt_memcpy_w.o(.text)
    _memcpy_lastbytes_aligned                0x08021ae3   Thumb Code     0  rt_memcpy_w.o(.text)
    __aeabi_memset                           0x08021aff   Thumb Code    16  aeabi_memset.o(.text)
    __aeabi_memclr                           0x08021b0f   Thumb Code     0  rt_memclr.o(.text)
    __rt_memclr                              0x08021b0f   Thumb Code    68  rt_memclr.o(.text)
    _memset                                  0x08021b13   Thumb Code     0  rt_memclr.o(.text)
    __aeabi_memclr4                          0x08021b53   Thumb Code     0  rt_memclr_w.o(.text)
    __aeabi_memclr8                          0x08021b53   Thumb Code     0  rt_memclr_w.o(.text)
    __rt_memclr_w                            0x08021b53   Thumb Code    78  rt_memclr_w.o(.text)
    _memset_w                                0x08021b57   Thumb Code     0  rt_memclr_w.o(.text)
    strncpy                                  0x08021ba1   Thumb Code    86  strncpy.o(.text)
    strcmp                                   0x08021bf9   Thumb Code   128  strcmpv7m.o(.text)
    mktime                                   0x08021caf   Thumb Code   356  mktime.o(.text)
    __use_two_region_memory                  0x08021e1d   Thumb Code     2  heapauxi.o(.text)
    __rt_heap_escrow$2region                 0x08021e1f   Thumb Code     2  heapauxi.o(.text)
    __rt_heap_expand$2region                 0x08021e21   Thumb Code     2  heapauxi.o(.text)
    __aeabi_errno_addr                       0x08021e25   Thumb Code     8  rt_errno_addr_intlibspace.o(.text)
    __errno$intlibspace                      0x08021e25   Thumb Code     0  rt_errno_addr_intlibspace.o(.text)
    __rt_errno_addr$intlibspace              0x08021e25   Thumb Code     0  rt_errno_addr_intlibspace.o(.text)
    __aeabi_uldivmod                         0x08021e2d   Thumb Code     0  lludivv7m.o(.text)
    _ll_udiv                                 0x08021e2d   Thumb Code   238  lludivv7m.o(.text)
    __read_errno                             0x08021f1b   Thumb Code    10  _rserrno.o(.text)
    __set_errno                              0x08021f25   Thumb Code    12  _rserrno.o(.text)
    strtol                                   0x08021f31   Thumb Code   112  strtol.o(.text)
    __user_libspace                          0x08021fa1   Thumb Code     8  libspace.o(.text)
    __user_perproc_libspace                  0x08021fa1   Thumb Code     0  libspace.o(.text)
    __user_perthread_libspace                0x08021fa1   Thumb Code     0  libspace.o(.text)
    __rt_ctype_table                         0x08021fa9   Thumb Code    16  rt_ctype_table.o(.text)
    _strtoul                                 0x08021fb9   Thumb Code   158  _strtoul.o(.text)
    __user_setup_stackheap                   0x08022057   Thumb Code    74  sys_stackheap_outer.o(.text)
    __rt_locale                              0x080220a1   Thumb Code     8  rt_locale_intlibspace.o(.text)
    _chval                                   0x080220a9   Thumb Code    28  _chval.o(.text)
    exit                                     0x080220c5   Thumb Code    12  exit.o(.text)
    _sys_exit                                0x080220d1   Thumb Code     8  sys_exit.o(.text)
    __I$use$semihosting                      0x080220dd   Thumb Code     0  use_no_semi.o(.text)
    __use_no_semihosting_swi                 0x080220dd   Thumb Code     2  use_no_semi.o(.text)
    __ARM_fpclassify                         0x080220df   Thumb Code    48  fpclassify.o(i.__ARM_fpclassify)
    __semihosting_library_function           0x080220df   Thumb Code     0  indicate_semi.o(.text)
    __ARM_fpclassifyf                        0x0802210f   Thumb Code    38  fpclassifyf.o(i.__ARM_fpclassifyf)
    __hardfp_asin                            0x08022139   Thumb Code   770  asin.o(i.__hardfp_asin)
    __hardfp_asinf                           0x080224a9   Thumb Code   250  asinf.o(i.__hardfp_asinf)
    __hardfp_atan                            0x080225d1   Thumb Code   632  atan.o(i.__hardfp_atan)
    __hardfp_atan2                           0x080228b1   Thumb Code   426  atan2.o(i.__hardfp_atan2)
    __hardfp_atan2f                          0x08022aa1   Thumb Code   498  atan2f.o(i.__hardfp_atan2f)
    __hardfp_cos                             0x08022cf1   Thumb Code   200  cos.o(i.__hardfp_cos)
    __hardfp_sin                             0x08022dc9   Thumb Code   200  sin.o(i.__hardfp_sin)
    __hardfp_sqrt                            0x08022ea1   Thumb Code   122  sqrt.o(i.__hardfp_sqrt)
    __ieee754_rem_pio2                       0x08022f21   Thumb Code   938  rred.o(i.__ieee754_rem_pio2)
    __kernel_cos                             0x08023359   Thumb Code   322  cos_i.o(i.__kernel_cos)
    __kernel_poly                            0x080234c9   Thumb Code   248  poly.o(i.__kernel_poly)
    __kernel_sin                             0x080235c1   Thumb Code   280  sin_i.o(i.__kernel_sin)
    __mathlib_dbl_underflow                  0x080236f1   Thumb Code    24  dunder.o(i.__mathlib_dbl_underflow)
    __mathlib_flt_underflow                  0x08023711   Thumb Code    10  funder.o(i.__mathlib_flt_underflow)
    atan                                     0x08023721   Thumb Code    16  atan.o(i.atan)
    fabs                                     0x08023731   Thumb Code    24  fabs.o(i.fabs)
    sqrt                                     0x08023749   Thumb Code   110  sqrt.o(i.sqrt)
    sqrtf                                    0x080237b7   Thumb Code    62  sqrtf.o(i.sqrtf)
    _get_lc_ctype                            0x080237f5   Thumb Code    44  lc_ctype_c.o(locale$$code)
    __aeabi_dneg                             0x08023821   Thumb Code     0  basic.o(x$fpl$basic)
    _dneg                                    0x08023821   Thumb Code     6  basic.o(x$fpl$basic)
    __aeabi_fneg                             0x08023827   Thumb Code     0  basic.o(x$fpl$basic)
    _fneg                                    0x08023827   Thumb Code     6  basic.o(x$fpl$basic)
    _dabs                                    0x0802382d   Thumb Code     6  basic.o(x$fpl$basic)
    _fabs                                    0x08023833   Thumb Code     6  basic.o(x$fpl$basic)
    __aeabi_d2f                              0x08023839   Thumb Code     0  d2f.o(x$fpl$d2f)
    _d2f                                     0x08023839   Thumb Code    98  d2f.o(x$fpl$d2f)
    __aeabi_dadd                             0x0802389d   Thumb Code     0  daddsub_clz.o(x$fpl$dadd)
    _dadd                                    0x0802389d   Thumb Code   332  daddsub_clz.o(x$fpl$dadd)
    __fpl_dcmp_Inf                           0x080239ed   Thumb Code    24  dcmpi.o(x$fpl$dcmpinf)
    __aeabi_ddiv                             0x08023a05   Thumb Code     0  ddiv.o(x$fpl$ddiv)
    _ddiv                                    0x08023a05   Thumb Code   552  ddiv.o(x$fpl$ddiv)
    __aeabi_d2iz                             0x08023cb5   Thumb Code     0  dfix.o(x$fpl$dfix)
    _dfix                                    0x08023cb5   Thumb Code    94  dfix.o(x$fpl$dfix)
    __aeabi_d2uiz                            0x08023d15   Thumb Code     0  dfixu.o(x$fpl$dfixu)
    _dfixu                                   0x08023d15   Thumb Code    90  dfixu.o(x$fpl$dfixu)
    __aeabi_i2d                              0x08023d6f   Thumb Code     0  dflt_clz.o(x$fpl$dflt)
    _dflt                                    0x08023d6f   Thumb Code    46  dflt_clz.o(x$fpl$dflt)
    __aeabi_ui2d                             0x08023d9d   Thumb Code     0  dflt_clz.o(x$fpl$dfltu)
    _dfltu                                   0x08023d9d   Thumb Code    38  dflt_clz.o(x$fpl$dfltu)
    __aeabi_cdcmple                          0x08023dc5   Thumb Code     0  dleqf.o(x$fpl$dleqf)
    _dcmple                                  0x08023dc5   Thumb Code   120  dleqf.o(x$fpl$dleqf)
    __fpl_dcmple_InfNaN                      0x08023e27   Thumb Code     0  dleqf.o(x$fpl$dleqf)
    __aeabi_dmul                             0x08023e3d   Thumb Code     0  dmul.o(x$fpl$dmul)
    _dmul                                    0x08023e3d   Thumb Code   332  dmul.o(x$fpl$dmul)
    __fpl_dnaninf                            0x08023f91   Thumb Code   156  dnaninf.o(x$fpl$dnaninf)
    __fpl_dretinf                            0x0802402d   Thumb Code    12  dretinf.o(x$fpl$dretinf)
    __aeabi_cdrcmple                         0x08024039   Thumb Code     0  drleqf.o(x$fpl$drleqf)
    _drcmple                                 0x08024039   Thumb Code   108  drleqf.o(x$fpl$drleqf)
    __aeabi_drsub                            0x080240a5   Thumb Code     0  daddsub_clz.o(x$fpl$drsb)
    _drsb                                    0x080240a5   Thumb Code    22  daddsub_clz.o(x$fpl$drsb)
    _dsqrt                                   0x080240bd   Thumb Code   404  dsqrt_umaal.o(x$fpl$dsqrt)
    __aeabi_dsub                             0x08024255   Thumb Code     0  daddsub_clz.o(x$fpl$dsub)
    _dsub                                    0x08024255   Thumb Code   464  daddsub_clz.o(x$fpl$dsub)
    __aeabi_f2d                              0x08024429   Thumb Code     0  f2d.o(x$fpl$f2d)
    _f2d                                     0x08024429   Thumb Code    86  f2d.o(x$fpl$f2d)
    __fpl_fnaninf                            0x0802447f   Thumb Code   140  fnaninf.o(x$fpl$fnaninf)
    _fp_init                                 0x0802450b   Thumb Code    10  fpinit.o(x$fpl$fpinit)
    __fplib_config_fpu_vfp                   0x08024513   Thumb Code     0  fpinit.o(x$fpl$fpinit)
    __fplib_config_pureend_doubles           0x08024513   Thumb Code     0  fpinit.o(x$fpl$fpinit)
    __fpl_fretinf                            0x08024515   Thumb Code    10  fretinf.o(x$fpl$fretinf)
    __I$use$fp                               0x0802451e   Number         0  usenofp.o(x$fpl$usenofp)
    gyroscale                                0x08024520   Data           8  application.o(.constdata)
    __vsym_pwmcon_name                       0x08024528   Data           7  application.o(.constdata)
    __vsym_pwmcon_desc                       0x0802452f   Data          11  application.o(.constdata)
    __fsym_get_fps_name                      0x0802453a   Data           8  ahrs.o(.constdata)
    __fsym_get_fps_desc                      0x08024542   Data          13  ahrs.o(.constdata)
    __fsym_angle_fix_name                    0x0802454f   Data          10  ahrs.o(.constdata)
    __fsym_angle_fix_desc                    0x08024559   Data          16  ahrs.o(.constdata)
    __fsym_save_name                         0x080245ee   Data           5  settings.o(.constdata)
    __fsym_save_desc                         0x080245f3   Data          16  settings.o(.constdata)
    __fsym_get_pid_name                      0x08024603   Data           8  settings.o(.constdata)
    __fsym_get_pid_desc                      0x0802460b   Data          22  settings.o(.constdata)
    __fsym_set_pitch_name                    0x08024621   Data          10  settings.o(.constdata)
    __fsym_set_pitch_desc                    0x0802462b   Data          30  settings.o(.constdata)
    __fsym_set_roll_name                     0x08024649   Data           9  settings.o(.constdata)
    __fsym_set_roll_desc                     0x08024652   Data          29  settings.o(.constdata)
    __fsym_set_yaw_name                      0x0802466f   Data           8  settings.o(.constdata)
    __fsym_set_yaw_desc                      0x08024677   Data          28  settings.o(.constdata)
    __fsym_set_height_name                   0x08024693   Data          11  settings.o(.constdata)
    __fsym_set_height_desc                   0x0802469e   Data          28  settings.o(.constdata)
    __fsym_set_pwm_name                      0x080246ba   Data           8  settings.o(.constdata)
    __fsym_set_pwm_desc                      0x080246c2   Data          20  settings.o(.constdata)
    __fsym_out_ahrs_name                     0x080246d6   Data           9  settings.o(.constdata)
    __fsym_out_ahrs_desc                     0x080246df   Data          16  settings.o(.constdata)
    __fsym_out_pwm_name                      0x080246ef   Data           8  settings.o(.constdata)
    __fsym_out_pwm_desc                      0x080246f7   Data          15  settings.o(.constdata)
    __fsym_device_test_name                  0x08024706   Data          12  settings.o(.constdata)
    __fsym_device_test_desc                  0x08024712   Data          24  settings.o(.constdata)
    hw                                       0x08024734   Data          12  inv_mpu.o(.constdata)
    reg                                      0x08024740   Data          27  inv_mpu.o(.constdata)
    test                                     0x0802475c   Data          40  inv_mpu.o(.constdata)
    __vsym_h_name                            0x0802537a   Data           2  sonar.o(.constdata)
    __vsym_h_desc                            0x0802537c   Data          13  sonar.o(.constdata)
    __lowest_bit_bitmap                      0x0802561e   Data         256  kservice.o(.constdata)
    __fsym_list_mem_name                     0x08025740   Data           9  mem.o(.constdata)
    __fsym_list_mem_desc                     0x08025749   Data          30  mem.o(.constdata)
    __fsym_mkfs_name                         0x080259d3   Data           5  dfs_fs.o(.constdata)
    __fsym_mkfs_desc                         0x080259d8   Data          19  dfs_fs.o(.constdata)
    __fsym_df_name                           0x080259eb   Data           3  dfs_fs.o(.constdata)
    __fsym_df_desc                           0x080259ee   Data          14  dfs_fs.o(.constdata)
    __fsym_ls_name                           0x08025a2f   Data           3  dfs_file.o(.constdata)
    __fsym_ls_desc                           0x08025a32   Data          24  dfs_file.o(.constdata)
    __fsym_rm_name                           0x08025a4a   Data           3  dfs_file.o(.constdata)
    __fsym_rm_desc                           0x08025a4d   Data          28  dfs_file.o(.constdata)
    __fsym_cat_name                          0x08025a69   Data           4  dfs_file.o(.constdata)
    __fsym_cat_desc                          0x08025a6d   Data          11  dfs_file.o(.constdata)
    __fsym_copy_name                         0x08025a78   Data           5  dfs_file.o(.constdata)
    __fsym_copy_desc                         0x08025a7d   Data          17  dfs_file.o(.constdata)
    __fsym_mkdir_name                        0x08025a8e   Data           6  dfs_posix.o(.constdata)
    __fsym_mkdir_desc                        0x08025a94   Data          19  dfs_posix.o(.constdata)
    __fsym_hello_name                        0x08025e80   Data           6  cmd.o(.constdata)
    __fsym_hello_desc                        0x08025e86   Data          16  cmd.o(.constdata)
    __fsym_version_name                      0x08025e96   Data           8  cmd.o(.constdata)
    __fsym_version_desc                      0x08025e9e   Data          35  cmd.o(.constdata)
    __fsym_list_thread_name                  0x08025ec1   Data          12  cmd.o(.constdata)
    __fsym_list_thread_desc                  0x08025ecd   Data          12  cmd.o(.constdata)
    __fsym_list_sem_name                     0x08025ed9   Data           9  cmd.o(.constdata)
    __fsym_list_sem_desc                     0x08025ee2   Data          25  cmd.o(.constdata)
    __fsym_list_event_name                   0x08025efb   Data          11  cmd.o(.constdata)
    __fsym_list_event_desc                   0x08025f06   Data          21  cmd.o(.constdata)
    __fsym_list_mutex_name                   0x08025f1b   Data          11  cmd.o(.constdata)
    __fsym_list_mutex_desc                   0x08025f26   Data          21  cmd.o(.constdata)
    __fsym_list_mailbox_name                 0x08025f3b   Data          13  cmd.o(.constdata)
    __fsym_list_mailbox_desc                 0x08025f48   Data          24  cmd.o(.constdata)
    __fsym_list_msgqueue_name                0x08025f60   Data          14  cmd.o(.constdata)
    __fsym_list_msgqueue_desc                0x08025f6e   Data          29  cmd.o(.constdata)
    __fsym_list_mempool_name                 0x08025f8b   Data          13  cmd.o(.constdata)
    __fsym_list_mempool_desc                 0x08025f98   Data          27  cmd.o(.constdata)
    __fsym_list_timer_name                   0x08025fb3   Data          11  cmd.o(.constdata)
    __fsym_list_timer_desc                   0x08025fbe   Data          21  cmd.o(.constdata)
    __fsym_list_device_name                  0x08025fd3   Data          12  cmd.o(.constdata)
    __fsym_list_device_desc                  0x08025fdf   Data          22  cmd.o(.constdata)
    __fsym_list_name                         0x08025ff5   Data           5  cmd.o(.constdata)
    __fsym_list_desc                         0x08025ffa   Data          26  cmd.o(.constdata)
    __vsym_dummy_name                        0x08026014   Data           6  cmd.o(.constdata)
    __vsym_dummy_desc                        0x0802601a   Data          25  cmd.o(.constdata)
    op_table                                 0x08026080   Data         196  finsh_ops.o(.constdata)
    _monlen                                  0x080261d8   Data          12  _monlen.o(.constdata)
    __mathlib_zero                           0x080262b0   Data           8  qnan.o(.constdata)
    __rt_init_rti_start                      0x08026808   Data           4  components.o(.rti_fn.0)
    __rt_init_rti_board_end                  0x0802680c   Data           4  components.o(.rti_fn.1.post)
    __rt_init_dfs_init                       0x08026810   Data           4  dfs.o(.rti_fn.3)
    __rt_init_rt_i2c_core_init               0x08026814   Data           4  i2c_core.o(.rti_fn.3)
    __rt_init_finsh_system_init              0x08026818   Data           4  shell.o(.rti_fn.3)
    __rt_init_elm_init                       0x0802681c   Data           4  dfs_elm.o(.rti_fn.4)
    __rt_init_dfs_romfs_init                 0x08026820   Data           4  dfs_romfs.o(.rti_fn.4)
    __rt_init_rti_end                        0x08026824   Data           4  components.o(.rti_fn.7)
    FSymTab$$Base                            0x08026828   Number         0  ahrs.o(FSymTab)
    __fsym_get_fps                           0x08026828   Data          12  ahrs.o(FSymTab)
    __fsym_angle_fix                         0x08026834   Data          12  ahrs.o(FSymTab)
    __fsym_save                              0x08026840   Data          12  settings.o(FSymTab)
    __fsym_get_pid                           0x0802684c   Data          12  settings.o(FSymTab)
    __fsym_set_pitch                         0x08026858   Data          12  settings.o(FSymTab)
    __fsym_set_roll                          0x08026864   Data          12  settings.o(FSymTab)
    __fsym_set_yaw                           0x08026870   Data          12  settings.o(FSymTab)
    __fsym_set_height                        0x0802687c   Data          12  settings.o(FSymTab)
    __fsym_set_pwm                           0x08026888   Data          12  settings.o(FSymTab)
    __fsym_out_ahrs                          0x08026894   Data          12  settings.o(FSymTab)
    __fsym_out_pwm                           0x080268a0   Data          12  settings.o(FSymTab)
    __fsym_device_test                       0x080268ac   Data          12  settings.o(FSymTab)
    __fsym_list_mem                          0x080268b8   Data          12  mem.o(FSymTab)
    __fsym_mkfs                              0x080268c4   Data          12  dfs_fs.o(FSymTab)
    __fsym_df                                0x080268d0   Data          12  dfs_fs.o(FSymTab)
    __fsym_ls                                0x080268dc   Data          12  dfs_file.o(FSymTab)
    __fsym_rm                                0x080268e8   Data          12  dfs_file.o(FSymTab)
    __fsym_cat                               0x080268f4   Data          12  dfs_file.o(FSymTab)
    __fsym_copy                              0x08026900   Data          12  dfs_file.o(FSymTab)
    __fsym_mkdir                             0x0802690c   Data          12  dfs_posix.o(FSymTab)
    __fsym_hello                             0x08026918   Data          12  cmd.o(FSymTab)
    __fsym_version                           0x08026924   Data          12  cmd.o(FSymTab)
    __fsym_list_thread                       0x08026930   Data          12  cmd.o(FSymTab)
    __fsym_list_sem                          0x0802693c   Data          12  cmd.o(FSymTab)
    __fsym_list_event                        0x08026948   Data          12  cmd.o(FSymTab)
    __fsym_list_mutex                        0x08026954   Data          12  cmd.o(FSymTab)
    __fsym_list_mailbox                      0x08026960   Data          12  cmd.o(FSymTab)
    __fsym_list_msgqueue                     0x0802696c   Data          12  cmd.o(FSymTab)
    __fsym_list_mempool                      0x08026978   Data          12  cmd.o(FSymTab)
    __fsym_list_timer                        0x08026984   Data          12  cmd.o(FSymTab)
    __fsym_list_device                       0x08026990   Data          12  cmd.o(FSymTab)
    __fsym_list                              0x0802699c   Data          12  cmd.o(FSymTab)
    FSymTab$$Limit                           0x080269a8   Number         0  cmd.o(FSymTab)
    Region$$Table$$Base                      0x080269a8   Number         0  anon$$obj.o(Region$$Table)
    Region$$Table$$Limit                     0x080269c8   Number         0  anon$$obj.o(Region$$Table)
    VSymTab$$Base                            0x080269c8   Number         0  application.o(VSymTab)
    __vsym_pwmcon                            0x080269c8   Data          16  application.o(VSymTab)
    __vsym_h                                 0x080269d8   Data          16  sonar.o(VSymTab)
    __vsym_dummy                             0x080269e8   Data          16  cmd.o(VSymTab)
    VSymTab$$Limit                           0x080269f8   Number         0  cmd.o(VSymTab)
    __ctype                                  0x08026a05   Data           0  lc_ctype_c.o(locale$$data)
    led_period                               0x20000000   Data           4  application.o(.data)
    en_out_ahrs                              0x20000004   Data           1  application.o(.data)
    gyro                                     0x20000006   Data           6  application.o(.data)
    accel                                    0x2000000c   Data           6  application.o(.data)
    sensors                                  0x20000012   Data           2  application.o(.data)
    sensor_timestamp                         0x20000030   Data           4  application.o(.data)
    more                                     0x20000034   Data           1  application.o(.data)
    balence                                  0x20000035   Data           1  application.o(.data)
    pwmcon                                   0x20000036   Data           1  application.o(.data)
    lost_ahrs                                0x20000038   Data           4  application.o(.data)
    en_out_pwm                               0x2000003c   Data           1  application.o(.data)
    Motor1                                   0x20000040   Data           2  motor.o(.data)
    Motor2                                   0x20000042   Data           2  motor.o(.data)
    Motor3                                   0x20000044   Data           2  motor.o(.data)
    Motor4                                   0x20000046   Data           2  motor.o(.data)
    Motor5                                   0x20000048   Data           2  motor.o(.data)
    Motor6                                   0x2000004a   Data           2  motor.o(.data)
    coderinited                              0x2000004c   Data           1  pwm.o(.data)
    PWM1_Time                                0x2000004e   Data           2  pwm.o(.data)
    PWM2_Time                                0x20000050   Data           2  pwm.o(.data)
    PWM3_Time                                0x20000052   Data           2  pwm.o(.data)
    PWM4_Time                                0x20000054   Data           2  pwm.o(.data)
    PWM5_Time                                0x20000056   Data           2  pwm.o(.data)
    PWM6_Time                                0x20000058   Data           2  pwm.o(.data)
    PWM7_Time                                0x2000005a   Data           2  pwm.o(.data)
    PWM8_Time                                0x2000005c   Data           2  pwm.o(.data)
    rising                                   0x2000005e   Data           8  pwm.o(.data)
    predir                                   0x20000066   Data           1  pwm.o(.data)
    count                                    0x20000068   Data           4  pwm.o(.data)
    upcount                                  0x2000006c   Data           4  pwm.o(.data)
    mpu_acc_x                                0x20000070   Data           2  ahrs.o(.data)
    mpu_acc_y                                0x20000072   Data           2  ahrs.o(.data)
    mpu_acc_z                                0x20000074   Data           2  ahrs.o(.data)
    mpu_gryo_pitch                           0x20000076   Data           2  ahrs.o(.data)
    mpu_gryo_roll                            0x20000078   Data           2  ahrs.o(.data)
    mpu_gryo_yaw                             0x2000007a   Data           2  ahrs.o(.data)
    curq                                     0x20000088   Data          16  ahrs.o(.data)
    exInt                                    0x20000098   Data           4  ahrs.o(.data)
    eyInt                                    0x2000009c   Data           4  ahrs.o(.data)
    ezInt                                    0x200000a0   Data           4  ahrs.o(.data)
    p                                        0x200000a8   Data           8  ahrs.o(.data)
    r                                        0x200000b0   Data           8  ahrs.o(.data)
    cnt                                      0x200000b8   Data           4  ahrs.o(.data)
    MPU6050_Diff                             0x200000c0   Data          48  ahrs.o(.data)
    uart2                                    0x200000f4   Data          12  usart.o(.data)
    uart3                                    0x20000100   Data          12  usart.o(.data)
    uart2_debug                              0x2000010c   Data           4  usart.o(.data)
    sonar_h                                  0x2000013c   Data           4  sonar.o(.data)
    SystemCoreClock                          0x20000144   Data           4  system_stm32f4xx.o(.data)
    AHBPrescTable                            0x20000148   Data          16  system_stm32f4xx.o(.data)
    rt_interrupt_nest                        0x20000170   Data           1  irq.o(.data)
    rt_object_container                      0x200001a4   Data         144  object.o(.data)
    rt_object_trytake_hook                   0x2000023c   Data           4  object.o(.data)
    rt_object_take_hook                      0x20000240   Data           4  object.o(.data)
    rt_object_put_hook                       0x20000244   Data           4  object.o(.data)
    rt_current_thread                        0x2000024c   Data           4  scheduler.o(.data)
    rt_current_priority                      0x20000250   Data           1  scheduler.o(.data)
    rt_thread_ready_priority_group           0x20000254   Data           4  scheduler.o(.data)
    rt_thread_defunct                        0x20000258   Data           8  scheduler.o(.data)
    rt_interrupt_from_thread                 0x20000274   Data           4  cpuport.o(.data)
    rt_interrupt_to_thread                   0x20000278   Data           4  cpuport.o(.data)
    rt_thread_switch_interrupt_flag          0x2000027c   Data           4  cpuport.o(.data)
    shell                                    0x20000298   Data           4  shell.o(.data)
    _syscall_table_begin                     0x2000029c   Data           4  symbol.o(.data)
    _syscall_table_end                       0x200002a0   Data           4  symbol.o(.data)
    _sysvar_table_begin                      0x200002a4   Data           4  symbol.o(.data)
    _sysvar_table_end                        0x200002a8   Data           4  symbol.o(.data)
    finsh_compile_sp                         0x200002b0   Data           4  finsh_compiler.o(.data)
    finsh_compile_pc                         0x200002b4   Data           4  finsh_compiler.o(.data)
    global_errno                             0x200002b8   Data           1  finsh_error.o(.data)
    global_sysvar_list                       0x20000300   Data           4  finsh_var.o(.data)
    finsh_sp                                 0x20000304   Data           4  finsh_vm.o(.data)
    finsh_pc                                 0x20000308   Data           4  finsh_vm.o(.data)
    global_syscall_list                      0x2000030c   Data           4  finsh_vm.o(.data)
    quat                                     0x20000bb0   Data          16  application.o(.bss)
    p_rate_pid                               0x20000bc0   Data         104  application.o(.bss)
    r_rate_pid                               0x20000c28   Data         104  application.o(.bss)
    y_rate_pid                               0x20000c90   Data         104  application.o(.bss)
    p_angle_pid                              0x20000cf8   Data         104  application.o(.bss)
    r_angle_pid                              0x20000d60   Data         104  application.o(.bss)
    y_angle_pid                              0x20000dc8   Data         104  application.o(.bss)
    h_pid                                    0x20000e30   Data         104  application.o(.bss)
    pitch_ctl                                0x20000e98   Data          32  application.o(.bss)
    roll_ctl                                 0x20000eb8   Data          32  application.o(.bss)
    yaw_ctl                                  0x20000ed8   Data          32  application.o(.bss)
    pre                                      0x20000ef8   Data          16  pwm.o(.bss)
    ahrs                                     0x20000f08   Data          80  ahrs.o(.bss)
    angle_fix_sem                            0x20000f58   Data          32  ahrs.o(.bss)
    MPU6050_ACC_FIFO                         0x20000f78   Data        1536  ahrs.o(.bss)
    MPU6050_GYR_FIFO                         0x20001578   Data        1536  ahrs.o(.bss)
    settings                                 0x20001b78   Data         176  settings.o(.bss)
    spi2_bus                                 0x20001c28   Data         108  spi2.o(.bss)
    spi_flash                                0x20001c94   Data          76  spi2.o(.bss)
    uart2_int_rx                             0x20001ce0   Data          72  usart.o(.bss)
    uart2_device                             0x20001d28   Data          64  usart.o(.bss)
    uart3_int_rx                             0x20001d68   Data          72  usart.o(.bss)
    uart3_dma_tx                             0x20001db0   Data         148  usart.o(.bss)
    uart3_device                             0x20001e44   Data          64  usart.o(.bss)
    rt_thread_priority_table                 0x200024b8   Data         256  scheduler.o(.bss)
    filesystem_operation_table               0x200025b8   Data          16  dfs.o(.bss)
    filesystem_table                         0x200025c8   Data          32  dfs.o(.bss)
    fd_table                                 0x2000260c   Data         128  dfs.o(.bss)
    finsh_heap                               0x200030c8   Data         128  finsh_heap.o(.bss)
    global_node_table                        0x20003148   Data         320  finsh_node.o(.bss)
    global_variable                          0x20003288   Data         192  finsh_var.o(.bss)
    finsh_vm_stack                           0x20003348   Data         256  finsh_vm.o(.bss)
    text_segment                             0x20003448   Data         128  finsh_vm.o(.bss)
    __libspace_start                         0x200034c8   Data          96  libspace.o(.bss)
    __temporary_stack_top$libspace           0x20003528   Data           0  libspace.o(.bss)
    Image$$RW_IRAM1$$ZI$$Limit               0x20003b28   Number         0  anon$$obj.o ABSOLUTE



==============================================================================

Memory Map of the image

  Image Entry point : 0x08000189

  Load Region LR_IROM1 (Base: 0x08000000, Size: 0x00026e18, Max: 0x00100000, ABSOLUTE, COMPRESSED[0x00026be0])

    Execution Region ER_IROM1 (Base: 0x08000000, Size: 0x00026b08, Max: 0x00100000, ABSOLUTE)

    Base Addr    Size         Type   Attr      Idx    E Section Name        Object

    0x08000000   0x00000188   Data   RO         1174    RESET               startup_stm32f4xx.o
    0x08000188   0x00000008   Code   RO         1985  * !!!main             c_w.l(__main.o)
    0x08000190   0x00000034   Code   RO         2369    !!!scatter          c_w.l(__scatter.o)
    0x080001c4   0x0000005a   Code   RO         2367    !!dczerorl2         c_w.l(__dczerorl2.o)
    0x0800021e   0x00000002   PAD
    0x08000220   0x0000001c   Code   RO         2371    !!handler_zi        c_w.l(__scatter_zi.o)
    0x0800023c   0x00000002   Code   RO         2239    .ARM.Collect$$libinit$$00000000  c_w.l(libinit.o)
    0x0800023e   0x00000004   Code   RO         2246    .ARM.Collect$$libinit$$00000001  c_w.l(libinit2.o)
    0x08000242   0x00000000   Code   RO         2250    .ARM.Collect$$libinit$$00000008  c_w.l(libinit2.o)
    0x08000242   0x00000000   Code   RO         2252    .ARM.Collect$$libinit$$0000000A  c_w.l(libinit2.o)
    0x08000242   0x00000000   Code   RO         2254    .ARM.Collect$$libinit$$0000000C  c_w.l(libinit2.o)
    0x08000242   0x00000006   Code   RO         2255    .ARM.Collect$$libinit$$0000000D  c_w.l(libinit2.o)
    0x08000248   0x00000000   Code   RO         2257    .ARM.Collect$$libinit$$0000000F  c_w.l(libinit2.o)
    0x08000248   0x0000000c   Code   RO         2258    .ARM.Collect$$libinit$$00000010  c_w.l(libinit2.o)
    0x08000254   0x00000000   Code   RO         2259    .ARM.Collect$$libinit$$00000011  c_w.l(libinit2.o)
    0x08000254   0x00000000   Code   RO         2261    .ARM.Collect$$libinit$$00000013  c_w.l(libinit2.o)
    0x08000254   0x00000000   Code   RO         2263    .ARM.Collect$$libinit$$00000015  c_w.l(libinit2.o)
    0x08000254   0x00000000   Code   RO         2265    .ARM.Collect$$libinit$$00000017  c_w.l(libinit2.o)
    0x08000254   0x00000000   Code   RO         2267    .ARM.Collect$$libinit$$00000019  c_w.l(libinit2.o)
    0x08000254   0x00000000   Code   RO         2269    .ARM.Collect$$libinit$$0000001B  c_w.l(libinit2.o)
    0x08000254   0x00000000   Code   RO         2271    .ARM.Collect$$libinit$$0000001D  c_w.l(libinit2.o)
    0x08000254   0x00000000   Code   RO         2273    .ARM.Collect$$libinit$$0000001F  c_w.l(libinit2.o)
    0x08000254   0x00000000   Code   RO         2275    .ARM.Collect$$libinit$$00000021  c_w.l(libinit2.o)
    0x08000254   0x00000000   Code   RO         2277    .ARM.Collect$$libinit$$00000023  c_w.l(libinit2.o)
    0x08000254   0x00000000   Code   RO         2281    .ARM.Collect$$libinit$$0000002A  c_w.l(libinit2.o)
    0x08000254   0x00000000   Code   RO         2283    .ARM.Collect$$libinit$$0000002C  c_w.l(libinit2.o)
    0x08000254   0x00000000   Code   RO         2285    .ARM.Collect$$libinit$$0000002E  c_w.l(libinit2.o)
    0x08000254   0x00000000   Code   RO         2287    .ARM.Collect$$libinit$$00000030  c_w.l(libinit2.o)
    0x08000254   0x00000002   Code   RO         2288    .ARM.Collect$$libinit$$00000031  c_w.l(libinit2.o)
    0x08000256   0x00000002   Code   RO         2318    .ARM.Collect$$libshutdown$$00000000  c_w.l(libshutdown.o)
    0x08000258   0x00000000   Code   RO         2336    .ARM.Collect$$libshutdown$$00000003  c_w.l(libshutdown2.o)
    0x08000258   0x00000000   Code   RO         2339    .ARM.Collect$$libshutdown$$00000006  c_w.l(libshutdown2.o)
    0x08000258   0x00000000   Code   RO         2342    .ARM.Collect$$libshutdown$$00000009  c_w.l(libshutdown2.o)
    0x08000258   0x00000000   Code   RO         2344    .ARM.Collect$$libshutdown$$0000000B  c_w.l(libshutdown2.o)
    0x08000258   0x00000000   Code   RO         2347    .ARM.Collect$$libshutdown$$0000000E  c_w.l(libshutdown2.o)
    0x08000258   0x00000002   Code   RO         2348    .ARM.Collect$$libshutdown$$0000000F  c_w.l(libshutdown2.o)
    0x0800025a   0x00000000   Code   RO         2109    .ARM.Collect$$rtentry$$00000000  c_w.l(rtentry.o)
    0x0800025a   0x00000000   Code   RO         2196    .ARM.Collect$$rtentry$$00000002  c_w.l(rtentry2.o)
    0x0800025a   0x00000006   Code   RO         2208    .ARM.Collect$$rtentry$$00000004  c_w.l(rtentry4.o)
    0x08000260   0x00000000   Code   RO         2198    .ARM.Collect$$rtentry$$00000009  c_w.l(rtentry2.o)
    0x08000260   0x00000004   Code   RO         2199    .ARM.Collect$$rtentry$$0000000A  c_w.l(rtentry2.o)
    0x08000264   0x00000000   Code   RO         2201    .ARM.Collect$$rtentry$$0000000C  c_w.l(rtentry2.o)
    0x08000264   0x00000008   Code   RO         2202    .ARM.Collect$$rtentry$$0000000D  c_w.l(rtentry2.o)
    0x0800026c   0x00000002   Code   RO         2240    .ARM.Collect$$rtexit$$00000000  c_w.l(rtexit.o)
    0x0800026e   0x00000000   Code   RO         2290    .ARM.Collect$$rtexit$$00000002  c_w.l(rtexit2.o)
    0x0800026e   0x00000004   Code   RO         2291    .ARM.Collect$$rtexit$$00000003  c_w.l(rtexit2.o)
    0x08000272   0x00000006   Code   RO         2292    .ARM.Collect$$rtexit$$00000004  c_w.l(rtexit2.o)
    0x08000278   0x00001998   Code   RO            2    .text               application.o
    0x08001c10   0x000000cc   Code   RO          278    .text               startup.o
    0x08001cdc   0x0000030c   Code   RO          295    .text               motor.o
    0x08001fe8   0x00000510   Code   RO          316    .text               pid.o
    0x080024f8   0x000009ac   Code   RO          330    .text               pwm.o
    0x08002ea4   0x000018a8   Code   RO          353    .text               ahrs.o
    0x0800474c   0x000000b0   Code   RO          378    .text               board.o
    0x080047fc   0x0000007c   Code   RO          398    .text               hardtimer.o
    0x08004878   0x0000009c   Code   RO          414    .text               led.o
    0x08004914   0x0000063c   Code   RO          430    .text               serial.o
    0x08004f50   0x000018ac   Code   RO          450    .text               settings.o
    0x080067fc   0x000001d8   Code   RO          485    .text               spi2.o
    0x080069d4   0x000003ac   Code   RO          506    .text               stm32_iic.o
    0x08006d80   0x00000040   Code   RO          522    .text               stm32f4xx_it.o
    0x08006dc0   0x0000019c   Code   RO          539    .text               usart.o
    0x08006f5c   0x00001f10   Code   RO          562    .text               inv_mpu.o
    0x08008e6c   0x00000d90   Code   RO          596    .text               inv_mpu_dmp_motion_driver.o
    0x08009bfc   0x00000210   Code   RO          653    .text               system_stm32f4xx.o
    0x08009e0c   0x000001ec   Code   RO          675    .text               misc.o
    0x08009ff8   0x000013cc   Code   RO          851    .text               stm32f4xx_dma.o
    0x0800b3c4   0x00000916   Code   RO          915    .text               stm32f4xx_gpio.o
    0x0800bcda   0x00000002   PAD
    0x0800bcdc   0x00000d7c   Code   RO         1027    .text               stm32f4xx_rcc.o
    0x0800ca58   0x00000bc8   Code   RO         1093    .text               stm32f4xx_spi.o
    0x0800d620   0x00003294   Code   RO         1125    .text               stm32f4xx_tim.o
    0x080108b4   0x00000eb4   Code   RO         1141    .text               stm32f4xx_usart.o
    0x08011768   0x00000040   Code   RO         1175    .text               startup_stm32f4xx.o
    0x080117a8   0x00000064   Code   RO         1179    .text               clock.o
    0x0801180c   0x000003f0   Code   RO         1193    .text               device.o
    0x08011bfc   0x0000016c   Code   RO         1207    .text               idle.o
    0x08011d68   0x00001af8   Code   RO         1227    .text               ipc.o
    0x08013860   0x00000048   Code   RO         1244    .text               irq.o
    0x080138a8   0x000009d0   Code   RO         1259    .text               kservice.o
    0x08014278   0x000009b4   Code   RO         1276    .text               mem.o
    0x08014c2c   0x00000444   Code   RO         1295    .text               mempool.o
    0x08015070   0x00000360   Code   RO         1313    .text               object.o
    0x080153d0   0x00000334   Code   RO         1332    .text               scheduler.o
    0x08015704   0x000006b4   Code   RO         1353    .text               thread.o
    0x08015db8   0x00000510   Code   RO         1370    .text               timer.o
    0x080162c8   0x000001c0   Code   RO         1389    .text               cpuport.o
    0x08016488   0x00000110   Code   RO         1405    .text               context_rvds.o
    0x08016598   0x000003fc   Code   RO         1443    .text               dfs.o
    0x08016994   0x00000644   Code   RO         1474    .text               dfs_fs.o
    0x08016fd8   0x000009c8   Code   RO         1490    .text               dfs_file.o
    0x080179a0   0x00000560   Code   RO         1510    .text               dfs_posix.o
    0x08017f00   0x00000b60   Code   RO         1526    .text               dfs_elm.o
    0x08018a60   0x00002508   Code   RO         1559    .text               ff.o
    0x0801af68   0x00000350   Code   RO         1574    .text               dfs_romfs.o
    0x0801b2b8   0x00000278   Code   RO         1604    .text               i2c_core.o
    0x0801b530   0x0000029c   Code   RO         1621    .text               i2c_dev.o
    0x0801b7cc   0x0000076c   Code   RO         1634    .text               spi_core.o
    0x0801bf38   0x00000398   Code   RO         1647    .text               spi_dev.o
    0x0801c2d0   0x00000624   Code   RO         1660    .text               spi_flash_w25qxx.o
    0x0801c8f4   0x00000a14   Code   RO         1681    .text               shell.o
    0x0801d308   0x00000bc4   Code   RO         1713    .text               cmd.o
    0x0801decc   0x00001818   Code   RO         1736    .text               finsh_compiler.o
    0x0801f6e4   0x0000002c   Code   RO         1773    .text               finsh_error.o
    0x0801f710   0x00000210   Code   RO         1789    .text               finsh_heap.o
    0x0801f920   0x00000058   Code   RO         1805    .text               finsh_init.o
    0x0801f978   0x00000184   Code   RO         1823    .text               finsh_node.o
    0x0801fafc   0x00000adc   Code   RO         1838    .text               finsh_ops.o
    0x080205d8   0x0000097c   Code   RO         1856    .text               finsh_parser.o
    0x08020f54   0x0000019c   Code   RO         1871    .text               finsh_var.o
    0x080210f0   0x000000e4   Code   RO         1894    .text               finsh_vm.o
    0x080211d4   0x00000658   Code   RO         1921    .text               finsh_token.o
    0x0802182c   0x00000040   Code   RO         1936    .text               components.o
    0x0802186c   0x00000048   Code   RO         1955    .text               c_w.l(llsdiv.o)
    0x080218b4   0x0000001a   Code   RO         1957    .text               c_w.l(atoi.o)
    0x080218ce   0x00000058   Code   RO         1959    .text               c_w.l(memcmp.o)
    0x08021926   0x00000016   Code   RO         1961    .text               c_w.l(strrchr.o)
    0x0802193c   0x0000003e   Code   RO         1963    .text               c_w.l(strlen.o)
    0x0802197a   0x00000096   Code   RO         1965    .text               c_w.l(strncmp.o)
    0x08021a10   0x0000008a   Code   RO         1967    .text               c_w.l(rt_memcpy_v6.o)
    0x08021a9a   0x00000064   Code   RO         1969    .text               c_w.l(rt_memcpy_w.o)
    0x08021afe   0x00000010   Code   RO         1971    .text               c_w.l(aeabi_memset.o)
    0x08021b0e   0x00000044   Code   RO         1973    .text               c_w.l(rt_memclr.o)
    0x08021b52   0x0000004e   Code   RO         1975    .text               c_w.l(rt_memclr_w.o)
    0x08021ba0   0x00000056   Code   RO         1977    .text               c_w.l(strncpy.o)
    0x08021bf6   0x00000002   PAD
    0x08021bf8   0x00000080   Code   RO         1979    .text               c_w.l(strcmpv7m.o)
    0x08021c78   0x000001a4   Code   RO         1981    .text               c_w.l(mktime.o)
    0x08021e1c   0x00000006   Code   RO         1983    .text               c_w.l(heapauxi.o)
    0x08021e22   0x00000002   PAD
    0x08021e24   0x00000008   Code   RO         2113    .text               c_w.l(rt_errno_addr_intlibspace.o)
    0x08021e2c   0x000000ee   Code   RO         2115    .text               c_w.l(lludivv7m.o)
    0x08021f1a   0x00000016   Code   RO         2117    .text               c_w.l(_rserrno.o)
    0x08021f30   0x00000070   Code   RO         2119    .text               c_w.l(strtol.o)
    0x08021fa0   0x00000008   Code   RO         2192    .text               c_w.l(libspace.o)
    0x08021fa8   0x00000010   Code   RO         2210    .text               c_w.l(rt_ctype_table.o)
    0x08021fb8   0x0000009e   Code   RO         2216    .text               c_w.l(_strtoul.o)
    0x08022056   0x0000004a   Code   RO         2218    .text               c_w.l(sys_stackheap_outer.o)
    0x080220a0   0x00000008   Code   RO         2225    .text               c_w.l(rt_locale_intlibspace.o)
    0x080220a8   0x0000001c   Code   RO         2227    .text               c_w.l(_chval.o)
    0x080220c4   0x0000000c   Code   RO         2232    .text               c_w.l(exit.o)
    0x080220d0   0x0000000c   Code   RO         2306    .text               c_w.l(sys_exit.o)
    0x080220dc   0x00000002   Code   RO         2323    .text               c_w.l(use_no_semi.o)
    0x080220de   0x00000000   Code   RO         2325    .text               c_w.l(indicate_semi.o)
    0x080220de   0x00000030   Code   RO         2160    i.__ARM_fpclassify  m_wm.l(fpclassify.o)
    0x0802210e   0x00000026   Code   RO         2162    i.__ARM_fpclassifyf  m_wm.l(fpclassifyf.o)
    0x08022134   0x00000004   PAD
    0x08022138   0x00000370   Code   RO         2023    i.__hardfp_asin     m_wm.l(asin.o)
    0x080224a8   0x00000124   Code   RO         2037    i.__hardfp_asinf    m_wm.l(asinf.o)
    0x080225cc   0x00000004   PAD
    0x080225d0   0x000002e0   Code   RO         2135    i.__hardfp_atan     m_wm.l(atan.o)
    0x080228b0   0x000001f0   Code   RO         2049    i.__hardfp_atan2    m_wm.l(atan2.o)
    0x08022aa0   0x0000024c   Code   RO         2061    i.__hardfp_atan2f   m_wm.l(atan2f.o)
    0x08022cec   0x00000004   PAD
    0x08022cf0   0x000000d8   Code   RO         2073    i.__hardfp_cos      m_wm.l(cos.o)
    0x08022dc8   0x000000d8   Code   RO         2085    i.__hardfp_sin      m_wm.l(sin.o)
    0x08022ea0   0x0000007a   Code   RO         2097    i.__hardfp_sqrt     m_wm.l(sqrt.o)
    0x08022f1a   0x00000006   PAD
    0x08022f20   0x00000438   Code   RO         2169    i.__ieee754_rem_pio2  m_wm.l(rred.o)
    0x08023358   0x00000170   Code   RO         2149    i.__kernel_cos      m_wm.l(cos_i.o)
    0x080234c8   0x000000f8   Code   RO         2166    i.__kernel_poly     m_wm.l(poly.o)
    0x080235c0   0x00000130   Code   RO         2174    i.__kernel_sin      m_wm.l(sin_i.o)
    0x080236f0   0x00000020   Code   RO         2152    i.__mathlib_dbl_underflow  m_wm.l(dunder.o)
    0x08023710   0x00000010   Code   RO         2164    i.__mathlib_flt_underflow  m_wm.l(funder.o)
    0x08023720   0x00000010   Code   RO         2137    i.atan              m_wm.l(atan.o)
    0x08023730   0x00000018   Code   RO         2156    i.fabs              m_wm.l(fabs.o)
    0x08023748   0x0000006e   Code   RO         2099    i.sqrt              m_wm.l(sqrt.o)
    0x080237b6   0x0000003e   Code   RO         2182    i.sqrtf             m_wm.l(sqrtf.o)
    0x080237f4   0x0000002c   Code   RO         2230    locale$$code        c_w.l(lc_ctype_c.o)
    0x08023820   0x00000018   Code   RO         1987    x$fpl$basic         fz_wm.l(basic.o)
    0x08023838   0x00000062   Code   RO         1989    x$fpl$d2f           fz_wm.l(d2f.o)
    0x0802389a   0x00000002   PAD
    0x0802389c   0x00000150   Code   RO         1991    x$fpl$dadd          fz_wm.l(daddsub_clz.o)
    0x080239ec   0x00000018   Code   RO         2122    x$fpl$dcmpinf       fz_wm.l(dcmpi.o)
    0x08023a04   0x000002b0   Code   RO         1998    x$fpl$ddiv          fz_wm.l(ddiv.o)
    0x08023cb4   0x0000005e   Code   RO         2001    x$fpl$dfix          fz_wm.l(dfix.o)
    0x08023d12   0x00000002   PAD
    0x08023d14   0x0000005a   Code   RO         2005    x$fpl$dfixu         fz_wm.l(dfixu.o)
    0x08023d6e   0x0000002e   Code   RO         2010    x$fpl$dflt          fz_wm.l(dflt_clz.o)
    0x08023d9c   0x00000026   Code   RO         2009    x$fpl$dfltu         fz_wm.l(dflt_clz.o)
    0x08023dc2   0x00000002   PAD
    0x08023dc4   0x00000078   Code   RO         2015    x$fpl$dleqf         fz_wm.l(dleqf.o)
    0x08023e3c   0x00000154   Code   RO         2017    x$fpl$dmul          fz_wm.l(dmul.o)
    0x08023f90   0x0000009c   Code   RO         2124    x$fpl$dnaninf       fz_wm.l(dnaninf.o)
    0x0802402c   0x0000000c   Code   RO         2126    x$fpl$dretinf       fz_wm.l(dretinf.o)
    0x08024038   0x0000006c   Code   RO         2019    x$fpl$drleqf        fz_wm.l(drleqf.o)
    0x080240a4   0x00000016   Code   RO         1992    x$fpl$drsb          fz_wm.l(daddsub_clz.o)
    0x080240ba   0x00000002   PAD
    0x080240bc   0x00000198   Code   RO         2128    x$fpl$dsqrt         fz_wm.l(dsqrt_umaal.o)
    0x08024254   0x000001d4   Code   RO         1993    x$fpl$dsub          fz_wm.l(daddsub_clz.o)
    0x08024428   0x00000056   Code   RO         2021    x$fpl$f2d           fz_wm.l(f2d.o)
    0x0802447e   0x0000008c   Code   RO         2130    x$fpl$fnaninf       fz_wm.l(fnaninf.o)
    0x0802450a   0x0000000a   Code   RO         2304    x$fpl$fpinit        fz_wm.l(fpinit.o)
    0x08024514   0x0000000a   Code   RO         2132    x$fpl$fretinf       fz_wm.l(fretinf.o)
    0x0802451e   0x00000000   Code   RO         2134    x$fpl$usenofp       fz_wm.l(usenofp.o)
    0x0802451e   0x00000002   PAD
    0x08024520   0x0000001a   Data   RO            4    .constdata          application.o
    0x0802453a   0x0000002f   Data   RO          355    .constdata          ahrs.o
    0x08024569   0x00000085   Data   RO          431    .constdata          serial.o
    0x080245ee   0x0000013c   Data   RO          452    .constdata          settings.o
    0x0802472a   0x00000002   PAD
    0x0802472c   0x00000008   Data   RO          487    .constdata          spi2.o
    0x08024734   0x00000050   Data   RO          563    .constdata          inv_mpu.o
    0x08024784   0x00000bf6   Data   RO          598    .constdata          inv_mpu_dmp_motion_driver.o
    0x0802537a   0x0000000f   Data   RO          630    .constdata          sonar.o
    0x08025389   0x000000a8   Data   RO         1194    .constdata          device.o
    0x08025431   0x00000016   Data   RO         1209    .constdata          idle.o
    0x08025447   0x000001d7   Data   RO         1228    .constdata          ipc.o
    0x0802561e   0x00000122   Data   RO         1261    .constdata          kservice.o
    0x08025740   0x0000006d   Data   RO         1278    .constdata          mem.o
    0x080257ad   0x0000003e   Data   RO         1296    .constdata          mempool.o
    0x080257eb   0x0000005e   Data   RO         1314    .constdata          object.o
    0x08025849   0x0000004e   Data   RO         1334    .constdata          scheduler.o
    0x08025897   0x000000aa   Data   RO         1354    .constdata          thread.o
    0x08025941   0x0000005c   Data   RO         1371    .constdata          timer.o
    0x0802599d   0x00000013   Data   RO         1390    .constdata          cpuport.o
    0x080259b0   0x00000023   Data   RO         1445    .constdata          dfs.o
    0x080259d3   0x0000005c   Data   RO         1475    .constdata          dfs_fs.o
    0x08025a2f   0x0000005f   Data   RO         1492    .constdata          dfs_file.o
    0x08025a8e   0x00000019   Data   RO         1511    .constdata          dfs_posix.o
    0x08025aa7   0x00000001   PAD
    0x08025aa8   0x000000b9   Data   RO         1527    .constdata          dfs_elm.o
    0x08025b61   0x00000001   PAD
    0x08025b62   0x0000002c   Data   RO         1560    .constdata          ff.o
    0x08025b8e   0x00000002   PAD
    0x08025b90   0x00000066   Data   RO         1575    .constdata          dfs_romfs.o
    0x08025bf6   0x00000013   Data   RO         1606    .constdata          i2c_core.o
    0x08025c09   0x00000072   Data   RO         1622    .constdata          i2c_dev.o
    0x08025c7b   0x000000a3   Data   RO         1635    .constdata          spi_core.o
    0x08025d1e   0x000000d9   Data   RO         1648    .constdata          spi_dev.o
    0x08025df7   0x00000027   Data   RO         1662    .constdata          spi_flash_w25qxx.o
    0x08025e1e   0x00000060   Data   RO         1683    .constdata          shell.o
    0x08025e7e   0x00000002   PAD
    0x08025e80   0x00000200   Data   RO         1714    .constdata          cmd.o
    0x08026080   0x000000c4   Data   RO         1839    .constdata          finsh_ops.o
    0x08026144   0x00000040   Data   RO         1922    .constdata          finsh_token.o
    0x08026184   0x00000004   PAD
    0x08026188   0x00000050   Data   RO         2026    .constdata          m_wm.l(asin.o)
    0x080261d8   0x0000000c   Data   RO         2121    .constdata          c_w.l(_monlen.o)
    0x080261e4   0x00000004   PAD
    0x080261e8   0x00000098   Data   RO         2138    .constdata          m_wm.l(atan.o)
    0x08026280   0x00000030   Data   RO         2150    .constdata          m_wm.l(cos_i.o)
    0x080262b0   0x00000008   Data   RO         2168    .constdata          m_wm.l(qnan.o)
    0x080262b8   0x000000c8   Data   RO         2171    .constdata          m_wm.l(rred.o)
    0x08026380   0x00000028   Data   RO         2175    .constdata          m_wm.l(sin_i.o)
    0x080263a8   0x0000004d   Data   RO          564    .conststring        inv_mpu.o
    0x080263f5   0x00000003   PAD
    0x080263f8   0x000000ed   Data   RO         1279    .conststring        mem.o
    0x080264e5   0x00000003   PAD
    0x080264e8   0x00000048   Data   RO         1528    .conststring        dfs_elm.o
    0x08026530   0x00000004   Data   RO         1576    .conststring        dfs_romfs.o
    0x08026534   0x0000019d   Data   RO         1715    .conststring        cmd.o
    0x080266d1   0x00000003   PAD
    0x080266d4   0x000000f3   Data   RO         1774    .conststring        finsh_error.o
    0x080267c7   0x00000001   PAD
    0x080267c8   0x0000003e   Data   RO         1923    .conststring        finsh_token.o
    0x08026806   0x00000002   PAD
    0x08026808   0x00000004   Data   RO         1937    .rti_fn.0           components.o
    0x0802680c   0x00000004   Data   RO         1938    .rti_fn.1.post      components.o
    0x08026810   0x00000004   Data   RO         1446    .rti_fn.3           dfs.o
    0x08026814   0x00000004   Data   RO         1607    .rti_fn.3           i2c_core.o
    0x08026818   0x00000004   Data   RO         1685    .rti_fn.3           shell.o
    0x0802681c   0x00000004   Data   RO         1530    .rti_fn.4           dfs_elm.o
    0x08026820   0x00000004   Data   RO         1577    .rti_fn.4           dfs_romfs.o
    0x08026824   0x00000004   Data   RO         1939    .rti_fn.7           components.o
    0x08026828   0x00000018   Data   RO          357    FSymTab             ahrs.o
    0x08026840   0x00000078   Data   RO          453    FSymTab             settings.o
    0x080268b8   0x0000000c   Data   RO         1281    FSymTab             mem.o
    0x080268c4   0x00000018   Data   RO         1476    FSymTab             dfs_fs.o
    0x080268dc   0x00000030   Data   RO         1493    FSymTab             dfs_file.o
    0x0802690c   0x0000000c   Data   RO         1512    FSymTab             dfs_posix.o
    0x08026918   0x00000090   Data   RO         1717    FSymTab             cmd.o
    0x080269a8   0x00000020   Data   RO         2365    Region$$Table       anon$$obj.o
    0x080269c8   0x00000010   Data   RO            6    VSymTab             application.o
    0x080269d8   0x00000010   Data   RO          632    VSymTab             sonar.o
    0x080269e8   0x00000010   Data   RO         1718    VSymTab             cmd.o
    0x080269f8   0x00000110   Data   RO         2229    locale$$data        c_w.l(lc_ctype_c.o)


    Execution Region RW_IRAM1 (Base: 0x20000000, Size: 0x00003b28, Max: 0x00020000, ABSOLUTE, COMPRESSED[0x000000d8])

    Base Addr    Size         Type   Attr      Idx    E Section Name        Object

    0x20000000   0x00000040   Data   RW            5    .data               application.o
    0x20000040   0x0000000c   Data   RW          296    .data               motor.o
    0x2000004c   0x00000024   Data   RW          332    .data               pwm.o
    0x20000070   0x00000080   Data   RW          356    .data               ahrs.o
    0x200000f0   0x00000004   Data   RW          488    .data               spi2.o
    0x200000f4   0x0000001c   Data   RW          541    .data               usart.o
    0x20000110   0x0000002c   Data   RW          565    .data               inv_mpu.o
    0x2000013c   0x00000006   Data   RW          631    .data               sonar.o
    0x20000142   0x00000002   PAD
    0x20000144   0x00000014   Data   RW          654    .data               system_stm32f4xx.o
    0x20000158   0x00000010   Data   RW         1028    .data               stm32f4xx_rcc.o
    0x20000168   0x00000004   Data   RW         1180    .data               clock.o
    0x2000016c   0x00000004   Data   RW         1210    .data               idle.o
    0x20000170   0x00000001   Data   RW         1245    .data               irq.o
    0x20000171   0x00000003   PAD
    0x20000174   0x00000008   Data   RW         1262    .data               kservice.o
    0x2000017c   0x00000020   Data   RW         1280    .data               mem.o
    0x2000019c   0x00000008   Data   RW         1297    .data               mempool.o
    0x200001a4   0x000000a4   Data   RW         1315    .data               object.o
    0x20000248   0x0000001c   Data   RW         1335    .data               scheduler.o
    0x20000264   0x00000010   Data   RW         1372    .data               timer.o
    0x20000274   0x00000010   Data   RW         1391    .data               cpuport.o
    0x20000284   0x00000008   Data   RW         1529    .data               dfs_elm.o
    0x2000028c   0x0000000a   Data   RW         1561    .data               ff.o
    0x20000296   0x00000002   PAD
    0x20000298   0x00000004   Data   RW         1684    .data               shell.o
    0x2000029c   0x00000010   Data   RW         1700    .data               symbol.o
    0x200002ac   0x00000004   Data   RW         1716    .data               cmd.o
    0x200002b0   0x00000008   Data   RW         1737    .data               finsh_compiler.o
    0x200002b8   0x00000040   Data   RW         1775    .data               finsh_error.o
    0x200002f8   0x00000008   Data   RW         1791    .data               finsh_heap.o
    0x20000300   0x00000004   Data   RW         1873    .data               finsh_var.o
    0x20000304   0x0000000c   Data   RW         1896    .data               finsh_vm.o
    0x20000310   0x00000be8   Zero   RW            3    .bss                application.o
    0x20000ef8   0x00000010   Zero   RW          331    .bss                pwm.o
    0x20000f08   0x00000c70   Zero   RW          354    .bss                ahrs.o
    0x20001b78   0x000000b0   Zero   RW          451    .bss                settings.o
    0x20001c28   0x000000b8   Zero   RW          486    .bss                spi2.o
    0x20001ce0   0x000001a4   Zero   RW          540    .bss                usart.o
    0x20001e84   0x00000010   Zero   RW          597    .bss                inv_mpu_dmp_motion_driver.o
    0x20001e94   0x00000004   PAD
    0x20001e98   0x00000580   Zero   RW         1208    .bss                idle.o
    0x20002418   0x00000080   Zero   RW         1260    .bss                kservice.o
    0x20002498   0x00000020   Zero   RW         1277    .bss                mem.o
    0x200024b8   0x00000100   Zero   RW         1333    .bss                scheduler.o
    0x200025b8   0x000000d4   Zero   RW         1444    .bss                dfs.o
    0x2000268c   0x00000124   Zero   RW         1491    .bss                dfs_file.o
    0x200027b0   0x00000024   Zero   RW         1605    .bss                i2c_core.o
    0x200027d4   0x00000074   Zero   RW         1661    .bss                spi_flash_w25qxx.o
    0x20002848   0x00000880   Zero   RW         1682    .bss                shell.o
    0x200030c8   0x00000080   Zero   RW         1790    .bss                finsh_heap.o
    0x20003148   0x00000140   Zero   RW         1824    .bss                finsh_node.o
    0x20003288   0x000000c0   Zero   RW         1872    .bss                finsh_var.o
    0x20003348   0x00000180   Zero   RW         1895    .bss                finsh_vm.o
    0x200034c8   0x00000060   Zero   RW         2193    .bss                c_w.l(libspace.o)
    0x20003528   0x00000200   Zero   RW         1173    HEAP                startup_stm32f4xx.o
    0x20003728   0x00000400   Zero   RW         1172    STACK               startup_stm32f4xx.o


==============================================================================

Image component sizes


      Code (inc. data)   RO Data    RW Data    ZI Data      Debug   Object Name

      6312        272         71        128       3184       6939   ahrs.o
      6552        916         42         64       3048     313816   application.o
       176         16          0          0          0      19279   board.o
       100          6          0          4          0       1596   clock.o
      3012       1244       1085          4          0      10479   cmd.o
        64         12         12          0          0       1766   components.o
       272         24          0          0          0        848   context_rvds.o
       448        220         19         16          0       3795   cpuport.o
      1008        166        168          0          0       5089   device.o
      1020        160         39          0        212       9183   dfs.o
      2912        262        261          8          0      17530   dfs_elm.o
      2504        358        143          0        292       8831   dfs_file.o
      1604        292        116          0          0       5860   dfs_fs.o
      1376         48         37          0          0       7271   dfs_posix.o
       848        102        110          0          0       5527   dfs_romfs.o
      9480        142         44         10          0      24797   ff.o
      6168        154          0          8          0      10842   finsh_compiler.o
        44         10        243         64          0       1753   finsh_error.o
       528         18          0          8        128       3439   finsh_heap.o
        88          6          0          0          0       1700   finsh_init.o
       388          4          0          0        320       3444   finsh_node.o
      2780         36        196          0          0       8940   finsh_ops.o
      2428         32          0          0          0       9609   finsh_parser.o
      1624         16        126          0          0       6008   finsh_token.o
       412         18          0          4        192       7293   finsh_var.o
       228         34          0         12        384       6982   finsh_vm.o
       124          8          0          0          0        716   hardtimer.o
       632        214         23          0         36       3256   i2c_core.o
       668        174        114          0          0       2904   i2c_dev.o
       364        106         22          4       1408       2951   idle.o
      7952        204        157         44          0      21405   inv_mpu.o
      3472        142       3062          0         16      15111   inv_mpu_dmp_motion_driver.o
      6904        466        471          0          0      21427   ipc.o
        72          6          0          1          0       1458   irq.o
      2512        168        290          8        128      11056   kservice.o
       156          4          0          0          0       1083   led.o
      2484        592        358         32         32       6039   mem.o
      1092        116         62          8          0       5378   mempool.o
       492         74          0          0          0       2025   misc.o
       780         44          0         12          0       2448   motor.o
       864        180         94        164          0       5964   object.o
      1296        112          0          0          0       2677   pid.o
      2476        120          0         36         16       4389   pwm.o
       820        180         78         28        256       4917   scheduler.o
      1596        298        133          0          0       5417   serial.o
      6316       1712        436          0        176      10359   settings.o
      2580        306        100          4       2176       5419   shell.o
         0          0         31          6          0        885   sonar.o
       472         58          8          4        184       2521   spi2.o
      1900        144        163          0          0       6106   spi_core.o
       920        204        217          0          0       4431   spi_dev.o
      1572        474         39          0        116       7972   spi_flash_w25qxx.o
       204         98          0          0          0       1327   startup.o
        64         26        392          0       1536        900   startup_stm32f4xx.o
       940          6          0          0          0       4362   stm32_iic.o
      5068        352          0          0          0       8649   stm32f4xx_dma.o
      2326        132          0          0          0       5205   stm32f4xx_gpio.o
        64          8          0          0          0       1395   stm32f4xx_it.o
      3452        262          0         16          0      12895   stm32f4xx_rcc.o
      3016        118          0          0          0       8121   stm32f4xx_spi.o
     12948        670          0          0          0      29236   stm32f4xx_tim.o
      3764        164          0          0          0       9572   stm32f4xx_usart.o
         0          0          0         16          0       4181   symbol.o
       528         46          0         20          0       1959   system_stm32f4xx.o
      1716        246        170          0          0       7906   thread.o
      1296        138         92         16          0       7007   timer.o
       412         50          0         28        420       2710   usart.o

    ----------------------------------------------------------------------
    136692      12990       9280        784      14264     766355   Object Totals
         0          0         32          0          0          0   (incl. Generated)
         2          0         24          7          4          0   (incl. Padding)

    ----------------------------------------------------------------------

      Code (inc. data)   RO Data    RW Data    ZI Data      Debug   Library Member Name

        90          0          0          0          0          0   __dczerorl2.o
         8          0          0          0          0         68   __main.o
        52          8          0          0          0          0   __scatter.o
        28          0          0          0          0          0   __scatter_zi.o
        28          0          0          0          0         68   _chval.o
         0          0         12          0          0          0   _monlen.o
        22          0          0          0          0        100   _rserrno.o
       158          0          0          0          0         92   _strtoul.o
        16          0          0          0          0         68   aeabi_memset.o
        26          0          0          0          0         80   atoi.o
        12          0          0          0          0         72   exit.o
         6          0          0          0          0        152   heapauxi.o
         0          0          0          0          0          0   indicate_semi.o
        44         10        272          0          0         76   lc_ctype_c.o
         2          0          0          0          0          0   libinit.o
        24          0          0          0          0          0   libinit2.o
         2          0          0          0          0          0   libshutdown.o
         2          0          0          0          0          0   libshutdown2.o
         8          4          0          0         96         68   libspace.o
        72          0          0          0          0         76   llsdiv.o
       238          0          0          0          0        100   lludivv7m.o
        88          0          0          0          0         76   memcmp.o
       420         10          0          0          0        128   mktime.o
        16          4          0          0          0         76   rt_ctype_table.o
         8          4          0          0          0         68   rt_errno_addr_intlibspace.o
         8          4          0          0          0         68   rt_locale_intlibspace.o
        68          0          0          0          0         68   rt_memclr.o
        78          0          0          0          0         80   rt_memclr_w.o
       138          0          0          0          0         68   rt_memcpy_v6.o
       100          0          0          0          0         80   rt_memcpy_w.o
         0          0          0          0          0          0   rtentry.o
        12          0          0          0          0          0   rtentry2.o
         6          0          0          0          0          0   rtentry4.o
         2          0          0          0          0          0   rtexit.o
        10          0          0          0          0          0   rtexit2.o
       128          0          0          0          0         68   strcmpv7m.o
        62          0          0          0          0         76   strlen.o
       150          0          0          0          0         80   strncmp.o
        86          0          0          0          0         76   strncpy.o
        22          0          0          0          0         68   strrchr.o
       112          0          0          0          0         88   strtol.o
        12          4          0          0          0         68   sys_exit.o
        74          0          0          0          0         80   sys_stackheap_outer.o
         2          0          0          0          0         68   use_no_semi.o
        24          0          0          0          0        164   basic.o
        98          4          0          0          0        140   d2f.o
       826         16          0          0          0        492   daddsub_clz.o
        24          0          0          0          0        116   dcmpi.o
       688        140          0          0          0        256   ddiv.o
        94          4          0          0          0        140   dfix.o
        90          4          0          0          0        140   dfixu.o
        84          0          0          0          0        232   dflt_clz.o
       120          4          0          0          0        140   dleqf.o
       340         12          0          0          0        152   dmul.o
       156          4          0          0          0        140   dnaninf.o
        12          0          0          0          0        116   dretinf.o
       108          0          0          0          0        128   drleqf.o
       408         56          0          0          0        168   dsqrt_umaal.o
        86          4          0          0          0        132   f2d.o
       140          4          0          0          0        132   fnaninf.o
        10          0          0          0          0        116   fpinit.o
        10          0          0          0          0        116   fretinf.o
         0          0          0          0          0          0   usenofp.o
       880        110         80          0          0        200   asin.o
       292         42          0          0          0        180   asinf.o
       752        104        152          0          0        344   atan.o
       496         70          0          0          0        156   atan2.o
       588         90          0          0          0        176   atan2f.o
       216         16          0          0          0        152   cos.o
       368         46         48          0          0        200   cos_i.o
        32          8          0          0          0        124   dunder.o
        24          0          0          0          0        124   fabs.o
        48          0          0          0          0        124   fpclassify.o
        38          0          0          0          0        116   fpclassifyf.o
        16          6          0          0          0        116   funder.o
       248          0          0          0          0        152   poly.o
         0          0          8          0          0          0   qnan.o
      1080        142        200          0          0        188   rred.o
       216         16          0          0          0        152   sin.o
       304         24         40          0          0        208   sin_i.o
       232          0          0          0          0        296   sqrt.o
        62          0          0          0          0        136   sqrtf.o

    ----------------------------------------------------------------------
     11684        982        816          0         96       8568   Library Totals
        34          8          4          0          0          0   (incl. Padding)

    ----------------------------------------------------------------------

      Code (inc. data)   RO Data    RW Data    ZI Data      Debug   Library Name

      2440         48        284          0         96       2404   c_w.l
      3318        252          0          0          0       3020   fz_wm.l
      5892        674        528          0          0       3144   m_wm.l

    ----------------------------------------------------------------------
     11684        982        816          0         96       8568   Library Totals

    ----------------------------------------------------------------------

==============================================================================


      Code (inc. data)   RO Data    RW Data    ZI Data      Debug   

    148376      13972      10096        784      14360     758271   Grand Totals
    148376      13972      10096        216      14360     758271   ELF Image Totals (compressed)
    148376      13972      10096        216          0          0   ROM Totals

==============================================================================

    Total RO  Size (Code + RO Data)               158472 ( 154.76kB)
    Total RW  Size (RW Data + ZI Data)             15144 (  14.79kB)
    Total ROM Size (Code + RO Data + RW Data)     158688 ( 154.97kB)

==============================================================================

