<html>
<body>
<pre>
<h1>µVision Build Log</h1>
<h2>Project:</h2>
E:\code\TPDT.FC_407\project.uvproj
Project File Date:  07/26/2015

<h2>Output:</h2>
Build target 'rt-thread_stm32f4xx'
compiling hmc5883.c...
linking...
Program Size: Code=150784 RO-data=10096 RW-data=860 ZI-data=15036  
After Build - User command #1: fromelf --bin .\build\rtthread-stm32f4xx.axf --output rtthread.bin
".\build\rtthread-stm32f4xx.axf" - 0 Error(s), 0 Warning(s).
Load "E:\\code\\TPDT.FC_407\\build\\rtthread-stm32f4xx.axf" 
Erase Done.
Programming Done.
Verify OK.
Application running ...
Load "E:\\code\\TPDT.FC_407\\build\\rtthread-stm32f4xx.axf" 
Erase Done.
Programming Done.
Verify OK.
Application running ...
</pre>
</body>
</html>
d - User command #1: fromelf --bin .\build\rtthread-stm32f4xx.axf --output rtthread.bin
".\build\rtthread-stm32f4xx.axf" - 0 Error(s), 3 Warning(s).
Load "E:\\code\\TPDT.FC_407\\build\\rtthread-stm32f4xx.axf" 
Erase Done.
Programming Done.
Verify OK.
Application running ...
