Product: MDK-ARM Professional 5.10
Component: ARM Compiler 5.04 update 1 (build 49)
Tool: armlink [5040049]

==============================================================================

Section Cross References

    application.o(.text) refers to led.o(.text) for LED_set1
    application.o(.text) refers to thread.o(.text) for rt_thread_delay
    application.o(.text) refers to kservice.o(.text) for rt_kprintf
    application.o(.text) refers to ahrs.o(.text) for MoveAve_WMA
    application.o(.text) refers to dflt_clz.o(x$fpl$dflt) for __aeabi_i2d
    application.o(.text) refers to drleqf.o(x$fpl$drleqf) for __aeabi_cdrcmple
    application.o(.text) refers to basic.o(x$fpl$basic) for __aeabi_dneg
    application.o(.text) refers to ddiv.o(x$fpl$ddiv) for __aeabi_ddiv
    application.o(.text) refers to dmul.o(x$fpl$dmul) for __aeabi_dmul
    application.o(.text) refers to pid.o(.text) for PID_SetTarget
    application.o(.text) refers to dleqf.o(x$fpl$dleqf) for __aeabi_cdcmple
    application.o(.text) refers to application.o(.data) for led_period
    application.o(.text) refers to application.o(.bss) for p_rate_pid
    application.o(.text) refers to settings.o(.bss) for settings
    application.o(.text) refers to pwm.o(.data) for PWM3_Time
    application.o(.text) refers to motor.o(.text) for Motor_Set
    application.o(.text) refers to mem.o(.text) for rt_calloc
    application.o(.text) refers to ipc.o(.text) for rt_event_recv
    application.o(.text) refers to daddsub_clz.o(x$fpl$drsb) for __aeabi_drsub
    application.o(.text) refers to dfix.o(x$fpl$dfix) for __aeabi_d2iz
    application.o(.text) refers to ahrs.o(.data) for mpu_gryo_pitch
    application.o(.text) refers to ahrs.o(.bss) for ahrs
    application.o(.text) refers to dflt_clz.o(x$fpl$dfltu) for __aeabi_ui2d
    application.o(.text) refers to daddsub_clz.o(x$fpl$dsub) for __aeabi_dsub
    application.o(.text) refers to daddsub_clz.o(x$fpl$dadd) for __aeabi_dadd
    application.o(.text) refers to dfixu.o(x$fpl$dfixu) for __aeabi_d2uiz
    application.o(.text) refers to settings.o(.text) for save_settings
    application.o(.text) refers to inv_mpu.o(.text) for mpu_run_self_test
    application.o(.text) refers to inv_mpu_dmp_motion_driver.o(.text) for dmp_set_gyro_bias
    application.o(.text) refers to hardtimer.o(.text) for Timer4_init
    application.o(.text) refers to clock.o(.text) for rt_tick_get
    application.o(.text) refers to d2f.o(x$fpl$d2f) for __aeabi_d2f
    application.o(.text) refers to f2d.o(x$fpl$f2d) for __aeabi_f2d
    application.o(.text) refers to asin.o(i.__hardfp_asin) for __hardfp_asin
    application.o(.text) refers to atan2.o(i.__hardfp_atan2) for __hardfp_atan2
    application.o(.text) refers to stm32f4xx_rcc.o(.text) for RCC_AHB1PeriphClockCmd
    application.o(.text) refers to stm32f4xx_gpio.o(.text) for GPIO_Init
    application.o(.text) refers to components.o(.text) for rt_components_init
    application.o(.text) refers to stm32_iic.o(.text) for i2cInit
    application.o(.text) refers to spi2.o(.text) for rt_hw_spi2_init
    application.o(.text) refers to dfs_fs.o(.text) for dfs_mount
    application.o(VSymTab) refers to application.o(.constdata) for __vsym_pwmcon_name
    application.o(VSymTab) refers to application.o(.data) for pwmcon
    startup.o(.text) refers to kservice.o(.text) for rt_kprintf
    startup.o(.text) refers to board.o(.text) for rt_hw_board_init
    startup.o(.text) refers to clock.o(.text) for rt_system_tick_init
    startup.o(.text) refers to object.o(.text) for rt_system_object_init
    startup.o(.text) refers to timer.o(.text) for rt_system_timer_init
    startup.o(.text) refers to mem.o(.text) for rt_system_heap_init
    startup.o(.text) refers to scheduler.o(.text) for rt_system_scheduler_init
    startup.o(.text) refers to application.o(.text) for rt_application_init
    startup.o(.text) refers to shell.o(.text) for finsh_system_init
    startup.o(.text) refers to idle.o(.text) for rt_thread_idle_init
    startup.o(.text) refers to context_rvds.o(.text) for rt_hw_interrupt_disable
    motor.o(.text) refers to dflt_clz.o(x$fpl$dfltu) for __aeabi_ui2d
    motor.o(.text) refers to pid.o(.text) for RangeValue
    motor.o(.text) refers to dfixu.o(x$fpl$dfixu) for __aeabi_d2uiz
    motor.o(.text) refers to stm32f4xx_tim.o(.text) for TIM_SetCompare4
    motor.o(.text) refers to pwm.o(.text) for PWMOUT1_Init
    motor.o(.text) refers to dflt_clz.o(x$fpl$dflt) for __aeabi_i2d
    motor.o(.text) refers to motor.o(.data) for Motor6
    pid.o(.text) refers to drleqf.o(x$fpl$drleqf) for __aeabi_cdrcmple
    pid.o(.text) refers to dleqf.o(x$fpl$dleqf) for __aeabi_cdcmple
    pid.o(.text) refers to daddsub_clz.o(x$fpl$dsub) for __aeabi_dsub
    pid.o(.text) refers to daddsub_clz.o(x$fpl$dadd) for __aeabi_dadd
    pid.o(.text) refers to dmul.o(x$fpl$dmul) for __aeabi_dmul
    pid.o(.text) refers to ddiv.o(x$fpl$ddiv) for __aeabi_ddiv
[...]
    getcwd                                   0x08017d99   Thumb Code    16  dfs_posix.o(.text)
    dfs_elm_mount                            0x08017e51   Thumb Code   224  dfs_elm.o(.text)
    dfs_elm_unmount                          0x08017f31   Thumb Code    94  dfs_elm.o(.text)
    dfs_elm_mkfs                             0x08017f8f   Thumb Code   168  dfs_elm.o(.text)
    dfs_elm_statfs                           0x08018037   Thumb Code   156  dfs_elm.o(.text)
    dfs_elm_open                             0x080180d3   Thumb Code   512  dfs_elm.o(.text)
    dfs_elm_close                            0x080182d3   Thumb Code   122  dfs_elm.o(.text)
    dfs_elm_ioctl                            0x0801834d   Thumb Code     8  dfs_elm.o(.text)
    dfs_elm_read                             0x08018355   Thumb Code    92  dfs_elm.o(.text)
    dfs_elm_write                            0x080183b1   Thumb Code    96  dfs_elm.o(.text)
    dfs_elm_flush                            0x08018411   Thumb Code    56  dfs_elm.o(.text)
    dfs_elm_lseek                            0x08018449   Thumb Code   152  dfs_elm.o(.text)
    dfs_elm_getdents                         0x080184e1   Thumb Code   228  dfs_elm.o(.text)
    dfs_elm_unlink                           0x080185c5   Thumb Code    86  dfs_elm.o(.text)
    dfs_elm_rename                           0x0801861b   Thumb Code    94  dfs_elm.o(.text)
    dfs_elm_stat                             0x08018679   Thumb Code   320  dfs_elm.o(.text)
    elm_init                                 0x080187b9   Thumb Code    12  dfs_elm.o(.text)
    disk_initialize                          0x080187c5   Thumb Code     6  dfs_elm.o(.text)
    disk_status                              0x080187cb   Thumb Code     6  dfs_elm.o(.text)
    disk_read                                0x080187d1   Thumb Code    46  dfs_elm.o(.text)
    disk_write                               0x080187ff   Thumb Code    46  dfs_elm.o(.text)
    disk_ioctl                               0x0801882d   Thumb Code   156  dfs_elm.o(.text)
    get_fattime                              0x080188c9   Thumb Code     4  dfs_elm.o(.text)
    ff_cre_syncobj                           0x080188cd   Thumb Code    40  dfs_elm.o(.text)
    ff_del_syncobj                           0x080188f5   Thumb Code    16  dfs_elm.o(.text)
    ff_req_grant                             0x08018905   Thumb Code    24  dfs_elm.o(.text)
    ff_rel_grant                             0x0801891d   Thumb Code    12  dfs_elm.o(.text)
    clust2sect                               0x08018ae1   Thumb Code    26  ff.o(.text)
    get_fat                                  0x08018afb   Thumb Code   280  ff.o(.text)
    put_fat                                  0x08018c13   Thumb Code   336  ff.o(.text)
    f_mount                                  0x080197d1   Thumb Code    70  ff.o(.text)
    f_open                                   0x08019817   Thumb Code   296  ff.o(.text)
    f_read                                   0x0801993f   Thumb Code   624  ff.o(.text)
    f_write                                  0x08019baf   Thumb Code   670  ff.o(.text)
    f_sync                                   0x08019e4d   Thumb Code   158  ff.o(.text)
    f_close                                  0x08019eeb   Thumb Code    22  ff.o(.text)
    f_lseek                                  0x08019f01   Thumb Code   912  ff.o(.text)
    f_opendir                                0x0801a291   Thumb Code   106  ff.o(.text)
    f_readdir                                0x0801a2fb   Thumb Code    96  ff.o(.text)
    f_seekdir                                0x0801a35b   Thumb Code    60  ff.o(.text)
    f_stat                                   0x0801a397   Thumb Code    66  ff.o(.text)
    f_getfree                                0x0801a3d9   Thumb Code   262  ff.o(.text)
    f_truncate                               0x0801a4df   Thumb Code   164  ff.o(.text)
    f_unlink                                 0x0801a583   Thumb Code   174  ff.o(.text)
    f_mkdir                                  0x0801a631   Thumb Code   334  ff.o(.text)
    f_chmod                                  0x0801a77f   Thumb Code    92  ff.o(.text)
    f_utime                                  0x0801a7db   Thumb Code    82  ff.o(.text)
    f_rename                                 0x0801a82d   Thumb Code   274  ff.o(.text)
    f_mkfs                                   0x0801a93f   Thumb Code  1238  ff.o(.text)
    elm_get_vol                              0x0801ae15   Thumb Code    32  ff.o(.text)
    dfs_romfs_mount                          0x0801ae41   Thumb Code    22  dfs_romfs.o(.text)
    dfs_romfs_unmount                        0x0801ae57   Thumb Code     6  dfs_romfs.o(.text)
    dfs_romfs_ioctl                          0x0801ae5d   Thumb Code     8  dfs_romfs.o(.text)
    dfs_romfs_lookup                         0x0801ae65   Thumb Code   216  dfs_romfs.o(.text)
    dfs_romfs_read                           0x0801af3d   Thumb Code    98  dfs_romfs.o(.text)
    dfs_romfs_lseek                          0x0801af9f   Thumb Code    20  dfs_romfs.o(.text)
    dfs_romfs_close                          0x0801afb3   Thumb Code     8  dfs_romfs.o(.text)
    dfs_romfs_open                           0x0801afbb   Thumb Code    92  dfs_romfs.o(.text)
    dfs_romfs_stat                           0x0801b017   Thumb Code    88  dfs_romfs.o(.text)
    dfs_romfs_getdents                       0x0801b06f   Thumb Code   176  dfs_romfs.o(.text)
    dfs_romfs_init                           0x0801b11f   Thumb Code    12  dfs_romfs.o(.text)
    rt_i2c_bus_device_register               0x0801b191   Thumb Code    66  i2c_core.o(.text)
    rt_i2c_bus_device_find                   0x0801b1d3   Thumb Code    38  i2c_core.o(.text)
    rt_i2c_transfer                          0x0801b1f9   Thumb Code   126  i2c_core.o(.text)
    rt_i2c_master_send                       0x0801b277   Thumb Code    66  i2c_core.o(.text)
    rt_i2c_master_recv                       0x0801b2b9   Thumb Code   108  i2c_core.o(.text)
    rt_i2c_core_init                         0x0801b325   Thumb Code    14  i2c_core.o(.text)
    rt_i2c_bus_device_device_init            0x0801b5a7   Thumb Code    80  i2c_dev.o(.text)
    rt_spi_bus_register                      0x0801b6a5   Thumb Code    50  spi_core.o(.text)
    rt_spi_bus_attach_device                 0x0801b6d7   Thumb Code    74  spi_core.o(.text)
    rt_spi_configure                         0x0801b721   Thumb Code   114  spi_core.o(.text)
    rt_spi_send_then_send                    0x0801b793   Thumb Code   276  spi_core.o(.text)
    rt_spi_send_then_recv                    0x0801b8a7   Thumb Code   276  spi_core.o(.text)
    rt_spi_transfer                          0x0801b9bb   Thumb Code   234  spi_core.o(.text)
    rt_spi_transfer_message                  0x0801baa5   Thumb Code   278  spi_core.o(.text)
    rt_spi_take_bus                          0x0801bbbb   Thumb Code   178  spi_core.o(.text)
    rt_spi_release_bus                       0x0801bc6d   Thumb Code   132  spi_core.o(.text)
    rt_spi_take                              0x0801bcf1   Thumb Code   120  spi_core.o(.text)
    rt_spi_release                           0x0801bd69   Thumb Code   120  spi_core.o(.text)
    rt_spi_bus_device_init                   0x0801bf2b   Thumb Code    76  spi_dev.o(.text)
    rt_spidev_device_init                    0x0801c091   Thumb Code    76  spi_dev.o(.text)
    w25qxx_page_write                        0x0801c241   Thumb Code   204  spi_flash_w25qxx.o(.text)
    w25qxx_init                              0x0801c427   Thumb Code   882  spi_flash_w25qxx.o(.text)
    finsh_set_device                         0x0801c801   Thumb Code   136  shell.o(.text)
    finsh_get_device                         0x0801c889   Thumb Code    46  shell.o(.text)
    finsh_set_echo                           0x0801c8b7   Thumb Code    48  shell.o(.text)
    finsh_get_echo                           0x0801c8e7   Thumb Code    50  shell.o(.text)
    finsh_run_line                           0x0801c935   Thumb Code   150  shell.o(.text)
    finsh_thread_entry                       0x0801ca87   Thumb Code  1656  shell.o(.text)
    finsh_system_function_init               0x0801d0ff   Thumb Code    10  shell.o(.text)
    finsh_system_var_init                    0x0801d109   Thumb Code    10  shell.o(.text)
    finsh_system_init                        0x0801d113   Thumb Code   122  shell.o(.text)
    hello                                    0x0801d1f5   Thumb Code    12  cmd.o(.text)
    version                                  0x0801d201   Thumb Code    10  cmd.o(.text)
    list_thread                              0x0801d2b7   Thumb Code    10  cmd.o(.text)
    list_sem                                 0x0801d355   Thumb Code    12  cmd.o(.text)
    list_event                               0x0801d3c1   Thumb Code    12  cmd.o(.text)
    list_mutex                               0x0801d40f   Thumb Code    12  cmd.o(.text)
    list_mailbox                             0x0801d493   Thumb Code    12  cmd.o(.text)
    list_msgqueue                            0x0801d50b   Thumb Code    12  cmd.o(.text)
    list_mempool                             0x0801d57d   Thumb Code    12  cmd.o(.text)
    list_timer                               0x0801d9c1   Thumb Code    10  cmd.o(.text)
    list_device                              0x0801da1d   Thumb Code    12  cmd.o(.text)
    list                                     0x0801da29   Thumb Code   126  cmd.o(.text)
    list_prefix                              0x0801dae9   Thumb Code   434  cmd.o(.text)
    finsh_compiler_run                       0x0801f553   Thumb Code    88  finsh_compiler.o(.text)
    finsh_error_init                         0x0801f5bd   Thumb Code     8  finsh_error.o(.text)
    finsh_error_set                          0x0801f5c5   Thumb Code    10  finsh_error.o(.text)
    finsh_errno                              0x0801f5cf   Thumb Code     6  finsh_error.o(.text)
    finsh_error_string                       0x0801f5d5   Thumb Code    10  finsh_error.o(.text)
    finsh_heap_init                          0x0801f5e9   Thumb Code    36  finsh_heap.o(.text)
    finsh_heap_free                          0x0801f70d   Thumb Code    34  finsh_heap.o(.text)
    finsh_heap_allocate                      0x0801f77d   Thumb Code   106  finsh_heap.o(.text)
    finsh_init                               0x0801f7f9   Thumb Code    30  finsh_init.o(.text)
    finsh_stack_bottom                       0x0801f817   Thumb Code     6  finsh_init.o(.text)
    finsh_flush                              0x0801f81d   Thumb Code    22  finsh_init.o(.text)
    finsh_reset                              0x0801f833   Thumb Code    24  finsh_init.o(.text)
    finsh_node_init                          0x0801f851   Thumb Code    16  finsh_node.o(.text)
    finsh_node_allocate                      0x0801f861   Thumb Code    56  finsh_node.o(.text)
    finsh_node_new_id                        0x0801f899   Thumb Code   118  finsh_node.o(.text)
    finsh_node_new_char                      0x0801f90f   Thumb Code    30  finsh_node.o(.text)
    finsh_node_new_int                       0x0801f92d   Thumb Code    30  finsh_node.o(.text)
    finsh_node_new_long                      0x0801f94b   Thumb Code    30  finsh_node.o(.text)
    finsh_node_new_string                    0x0801f969   Thumb Code    74  finsh_node.o(.text)
    finsh_node_new_ptr                       0x0801f9b3   Thumb Code    30  finsh_node.o(.text)
    OP_no_op                                 0x0801f9d5   Thumb Code     2  finsh_ops.o(.text)
    OP_add_byte                              0x0801f9d7   Thumb Code    42  finsh_ops.o(.text)
    OP_add_word                              0x0801fa01   Thumb Code    44  finsh_ops.o(.text)
    OP_add_dword                             0x0801fa2d   Thumb Code    42  finsh_ops.o(.text)
    OP_sub_byte                              0x0801fa57   Thumb Code    42  finsh_ops.o(.text)
    OP_sub_word                              0x0801fa81   Thumb Code    44  finsh_ops.o(.text)
    OP_sub_dword                             0x0801faad   Thumb Code    42  finsh_ops.o(.text)
    OP_div_byte                              0x0801fad7   Thumb Code    44  finsh_ops.o(.text)
    OP_div_word                              0x0801fb03   Thumb Code    46  finsh_ops.o(.text)
    OP_div_dword                             0x0801fb31   Thumb Code    44  finsh_ops.o(.text)
    OP_mod_byte                              0x0801fb5d   Thumb Code    48  finsh_ops.o(.text)
    OP_mod_word                              0x0801fb8d   Thumb Code    48  finsh_ops.o(.text)
    OP_mod_dword                             0x0801fbbd   Thumb Code    48  finsh_ops.o(.text)
    OP_mul_byte                              0x0801fbed   Thumb Code    44  finsh_ops.o(.text)
    OP_mul_word                              0x0801fc19   Thumb Code    46  finsh_ops.o(.text)
    OP_mul_dword                             0x0801fc47   Thumb Code    42  finsh_ops.o(.text)
    OP_and_byte                              0x0801fc71   Thumb Code    42  finsh_ops.o(.text)
    OP_and_word                              0x0801fc9b   Thumb Code    42  finsh_ops.o(.text)
    OP_and_dword                             0x0801fcc5   Thumb Code    42  finsh_ops.o(.text)
    OP_or_byte                               0x0801fcef   Thumb Code    42  finsh_ops.o(.text)
    OP_or_word                               0x0801fd19   Thumb Code    42  finsh_ops.o(.text)
    OP_or_dword                              0x0801fd43   Thumb Code    42  finsh_ops.o(.text)
    OP_xor_byte                              0x0801fd6d   Thumb Code    42  finsh_ops.o(.text)
    OP_xor_word                              0x0801fd97   Thumb Code    46  finsh_ops.o(.text)
    OP_xor_dword                             0x0801fdc5   Thumb Code    42  finsh_ops.o(.text)
    OP_bw_byte                               0x0801fdef   Thumb Code    20  finsh_ops.o(.text)
    OP_bw_word                               0x0801fe03   Thumb Code    20  finsh_ops.o(.text)
    OP_bw_dword                              0x0801fe17   Thumb Code    20  finsh_ops.o(.text)
    OP_shl_byte                              0x0801fe2b   Thumb Code    42  finsh_ops.o(.text)
    OP_shl_word                              0x0801fe55   Thumb Code    44  finsh_ops.o(.text)
    OP_shl_dword                             0x0801fe81   Thumb Code    42  finsh_ops.o(.text)
    OP_shr_byte                              0x0801feab   Thumb Code    42  finsh_ops.o(.text)
    OP_shr_word                              0x0801fed5   Thumb Code    42  finsh_ops.o(.text)
    OP_shr_dword                             0x0801feff   Thumb Code    42  finsh_ops.o(.text)
    OP_ld_byte                               0x0801ff29   Thumb Code    34  finsh_ops.o(.text)
    OP_ld_word                               0x0801ff4b   Thumb Code    46  finsh_ops.o(.text)
    OP_ld_dword                              0x0801ff79   Thumb Code    64  finsh_ops.o(.text)
    OP_ld_value_byte                         0x0801ffb9   Thumb Code    66  finsh_ops.o(.text)
    OP_ld_value_byte_stack                   0x0801fffb   Thumb Code    20  finsh_ops.o(.text)
    OP_ld_value_word                         0x0802000f   Thumb Code    66  finsh_ops.o(.text)
    OP_ld_value_word_stack                   0x08020051   Thumb Code    20  finsh_ops.o(.text)
    OP_ld_value_dword                        0x08020065   Thumb Code    66  finsh_ops.o(.text)
    OP_ld_value_dword_stack                  0x080200a7   Thumb Code    20  finsh_ops.o(.text)
    OP_st_byte                               0x080200bb   Thumb Code    30  finsh_ops.o(.text)
    OP_st_word                               0x080200d9   Thumb Code    30  finsh_ops.o(.text)
    OP_st_dword                              0x080200f7   Thumb Code    30  finsh_ops.o(.text)
    OP_pop                                   0x08020115   Thumb Code    12  finsh_ops.o(.text)
    OP_call                                  0x08020121   Thumb Code   906  finsh_ops.o(.text)
    finsh_parser_run                         0x08020d41   Thumb Code   220  finsh_parser.o(.text)
    finsh_parser_init                        0x08020e1d   Thumb Code    16  finsh_parser.o(.text)
    finsh_var_init                           0x08020e2d   Thumb Code    14  finsh_var.o(.text)
    finsh_var_insert                         0x08020e3b   Thumb Code   114  finsh_var.o(.text)
    finsh_var_delete                         0x08020ead   Thumb Code    68  finsh_var.o(.text)
    finsh_var_lookup                         0x08020ef1   Thumb Code    58  finsh_var.o(.text)
    finsh_sysvar_append                      0x08020f2b   Thumb Code    62  finsh_var.o(.text)
    finsh_sysvar_lookup                      0x08020f69   Thumb Code    78  finsh_var.o(.text)
    finsh_vm_run                             0x08020fc9   Thumb Code    62  finsh_vm.o(.text)
    finsh_syscall_append                     0x08021007   Thumb Code    54  finsh_vm.o(.text)
    finsh_syscall_lookup                     0x0802103d   Thumb Code    78  finsh_vm.o(.text)
    finsh_token_init                         0x080210ad   Thumb Code    20  finsh_token.o(.text)
    token_get_string                         0x0802149d   Thumb Code   120  finsh_token.o(.text)
    finsh_token_token                        0x080216d5   Thumb Code    24  finsh_token.o(.text)
    finsh_token_get_token                    0x080216ed   Thumb Code    20  finsh_token.o(.text)
    rt_components_board_init                 0x08021711   Thumb Code    20  components.o(.text)
    rt_components_init                       0x08021725   Thumb Code    20  components.o(.text)
    __aeabi_ldivmod                          0x08021745   Thumb Code     0  llsdiv.o(.text)
    _ll_sdiv                                 0x08021745   Thumb Code    72  llsdiv.o(.text)
    atoi                                     0x0802178d   Thumb Code    26  atoi.o(.text)
    memcmp                                   0x080217a7   Thumb Code    88  memcmp.o(.text)
    strrchr                                  0x080217ff   Thumb Code    22  strrchr.o(.text)
    strlen                                   0x08021815   Thumb Code    62  strlen.o(.text)
    strncmp                                  0x08021853   Thumb Code   150  strncmp.o(.text)
    __aeabi_memcpy                           0x080218e9   Thumb Code     0  rt_memcpy_v6.o(.text)
    __rt_memcpy                              0x080218e9   Thumb Code   138  rt_memcpy_v6.o(.text)
    _memcpy_lastbytes                        0x0802194f   Thumb Code     0  rt_memcpy_v6.o(.text)
    __aeabi_memcpy4                          0x08021973   Thumb Code     0  rt_memcpy_w.o(.text)
    __aeabi_memcpy8                          0x08021973   Thumb Code     0  rt_memcpy_w.o(.text)
    __rt_memcpy_w                            0x08021973   Thumb Code   100  rt_memcpy_w.o(.text)
    _memcpy_lastbytes_aligned                0x080219bb   Thumb Code     0  rt_memcpy_w.o(.text)
    __aeabi_memset                           0x080219d7   Thumb Code    16  aeabi_memset.o(.text)
    __aeabi_memclr                           0x080219e7   Thumb Code     0  rt_memclr.o(.text)
    __rt_memclr                              0x080219e7   Thumb Code    68  rt_memclr.o(.text)
    _memset                                  0x080219eb   Thumb Code     0  rt_memclr.o(.text)
    __aeabi_memclr4                          0x08021a2b   Thumb Code     0  rt_memclr_w.o(.text)
    __aeabi_memclr8                          0x08021a2b   Thumb Code     0  rt_memclr_w.o(.text)
    __rt_memclr_w                            0x08021a2b   Thumb Code    78  rt_memclr_w.o(.text)
    _memset_w                                0x08021a2f   Thumb Code     0  rt_memclr_w.o(.text)
    strncpy                                  0x08021a79   Thumb Code    86  strncpy.o(.text)
    strcmp                                   0x08021ad1   Thumb Code   128  strcmpv7m.o(.text)
    mktime                                   0x08021b87   Thumb Code   356  mktime.o(.text)
    __use_two_region_memory                  0x08021cf5   Thumb Code     2  heapauxi.o(.text)
    __rt_heap_escrow$2region                 0x08021cf7   Thumb Code     2  heapauxi.o(.text)
    __rt_heap_expand$2region                 0x08021cf9   Thumb Code     2  heapauxi.o(.text)
    __aeabi_errno_addr                       0x08021cfd   Thumb Code     8  rt_errno_addr_intlibspace.o(.text)
    __errno$intlibspace                      0x08021cfd   Thumb Code     0  rt_errno_addr_intlibspace.o(.text)
    __rt_errno_addr$intlibspace              0x08021cfd   Thumb Code     0  rt_errno_addr_intlibspace.o(.text)
    __aeabi_uldivmod                         0x08021d05   Thumb Code     0  lludivv7m.o(.text)
    _ll_udiv                                 0x08021d05   Thumb Code   238  lludivv7m.o(.text)
    __read_errno                             0x08021df3   Thumb Code    10  _rserrno.o(.text)
    __set_errno                              0x08021dfd   Thumb Code    12  _rserrno.o(.text)
    strtol                                   0x08021e09   Thumb Code   112  strtol.o(.text)
    __user_libspace                          0x08021e79   Thumb Code     8  libspace.o(.text)
    __user_perproc_libspace                  0x08021e79   Thumb Code     0  libspace.o(.text)
    __user_perthread_libspace                0x08021e79   Thumb Code     0  libspace.o(.text)
    __rt_ctype_table                         0x08021e81   Thumb Code    16  rt_ctype_table.o(.text)
    _strtoul                                 0x08021e91   Thumb Code   158  _strtoul.o(.text)
    __user_setup_stackheap                   0x08021f2f   Thumb Code    74  sys_stackheap_outer.o(.text)
    __rt_locale                              0x08021f79   Thumb Code     8  rt_locale_intlibspace.o(.text)
    _chval                                   0x08021f81   Thumb Code    28  _chval.o(.text)
    exit                                     0x08021f9d   Thumb Code    12  exit.o(.text)
    _sys_exit                                0x08021fa9   Thumb Code     8  sys_exit.o(.text)
    __I$use$semihosting                      0x08021fb5   Thumb Code     0  use_no_semi.o(.text)
    __use_no_semihosting_swi                 0x08021fb5   Thumb Code     2  use_no_semi.o(.text)
    __ARM_fpclassify                         0x08021fb7   Thumb Code    48  fpclassify.o(i.__ARM_fpclassify)
    __semihosting_library_function           0x08021fb7   Thumb Code     0  indicate_semi.o(.text)
    __ARM_fpclassifyf                        0x08021fe7   Thumb Code    38  fpclassifyf.o(i.__ARM_fpclassifyf)
    __hardfp_asin                            0x08022011   Thumb Code   770  asin.o(i.__hardfp_asin)
    __hardfp_asinf                           0x08022381   Thumb Code   250  asinf.o(i.__hardfp_asinf)
    __hardfp_atan                            0x080224a9   Thumb Code   632  atan.o(i.__hardfp_atan)
    __hardfp_atan2                           0x08022789   Thumb Code   426  atan2.o(i.__hardfp_atan2)
    __hardfp_atan2f                          0x08022979   Thumb Code   498  atan2f.o(i.__hardfp_atan2f)
    __hardfp_cos                             0x08022bc9   Thumb Code   200  cos.o(i.__hardfp_cos)
    __hardfp_sin                             0x08022ca1   Thumb Code   200  sin.o(i.__hardfp_sin)
    __hardfp_sqrt                            0x08022d79   Thumb Code   122  sqrt.o(i.__hardfp_sqrt)
    __ieee754_rem_pio2                       0x08022df9   Thumb Code   938  rred.o(i.__ieee754_rem_pio2)
    __kernel_cos                             0x08023231   Thumb Code   322  cos_i.o(i.__kernel_cos)
    __kernel_poly                            0x080233a1   Thumb Code   248  poly.o(i.__kernel_poly)
    __kernel_sin                             0x08023499   Thumb Code   280  sin_i.o(i.__kernel_sin)
    __mathlib_dbl_underflow                  0x080235c9   Thumb Code    24  dunder.o(i.__mathlib_dbl_underflow)
    __mathlib_flt_underflow                  0x080235e9   Thumb Code    10  funder.o(i.__mathlib_flt_underflow)
    atan                                     0x080235f9   Thumb Code    16  atan.o(i.atan)
    fabs                                     0x08023609   Thumb Code    24  fabs.o(i.fabs)
    sqrt                                     0x08023621   Thumb Code   110  sqrt.o(i.sqrt)
    sqrtf                                    0x0802368f   Thumb Code    62  sqrtf.o(i.sqrtf)
    _get_lc_ctype                            0x080236cd   Thumb Code    44  lc_ctype_c.o(locale$$code)
    __aeabi_dneg                             0x080236f9   Thumb Code     0  basic.o(x$fpl$basic)
    _dneg                                    0x080236f9   Thumb Code     6  basic.o(x$fpl$basic)
    __aeabi_fneg                             0x080236ff   Thumb Code     0  basic.o(x$fpl$basic)
    _fneg                                    0x080236ff   Thumb Code     6  basic.o(x$fpl$basic)
    _dabs                                    0x08023705   Thumb Code     6  basic.o(x$fpl$basic)
    _fabs                                    0x0802370b   Thumb Code     6  basic.o(x$fpl$basic)
    __aeabi_d2f                              0x08023711   Thumb Code     0  d2f.o(x$fpl$d2f)
    _d2f                                     0x08023711   Thumb Code    98  d2f.o(x$fpl$d2f)
    __aeabi_dadd                             0x08023775   Thumb Code     0  daddsub_clz.o(x$fpl$dadd)
    _dadd                                    0x08023775   Thumb Code   332  daddsub_clz.o(x$fpl$dadd)
    __fpl_dcmp_Inf                           0x080238c5   Thumb Code    24  dcmpi.o(x$fpl$dcmpinf)
    __aeabi_ddiv                             0x080238dd   Thumb Code     0  ddiv.o(x$fpl$ddiv)
    _ddiv                                    0x080238dd   Thumb Code   552  ddiv.o(x$fpl$ddiv)
    __aeabi_d2iz                             0x08023b8d   Thumb Code     0  dfix.o(x$fpl$dfix)
    _dfix                                    0x08023b8d   Thumb Code    94  dfix.o(x$fpl$dfix)
    __aeabi_d2uiz                            0x08023bed   Thumb Code     0  dfixu.o(x$fpl$dfixu)
    _dfixu                                   0x08023bed   Thumb Code    90  dfixu.o(x$fpl$dfixu)
    __aeabi_i2d                              0x08023c47   Thumb Code     0  dflt_clz.o(x$fpl$dflt)
    _dflt                                    0x08023c47   Thumb Code    46  dflt_clz.o(x$fpl$dflt)
    __aeabi_ui2d                             0x08023c75   Thumb Code     0  dflt_clz.o(x$fpl$dfltu)
    _dfltu                                   0x08023c75   Thumb Code    38  dflt_clz.o(x$fpl$dfltu)
    __aeabi_cdcmple                          0x08023c9d   Thumb Code     0  dleqf.o(x$fpl$dleqf)
    _dcmple                                  0x08023c9d   Thumb Code   120  dleqf.o(x$fpl$dleqf)
    __fpl_dcmple_InfNaN                      0x08023cff   Thumb Code     0  dleqf.o(x$fpl$dleqf)
    __aeabi_dmul                             0x08023d15   Thumb Code     0  dmul.o(x$fpl$dmul)
    _dmul                                    0x08023d15   Thumb Code   332  dmul.o(x$fpl$dmul)
    __fpl_dnaninf                            0x08023e69   Thumb Code   156  dnaninf.o(x$fpl$dnaninf)
    __fpl_dretinf                            0x08023f05   Thumb Code    12  dretinf.o(x$fpl$dretinf)
    __aeabi_cdrcmple                         0x08023f11   Thumb Code     0  drleqf.o(x$fpl$drleqf)
    _drcmple                                 0x08023f11   Thumb Code   108  drleqf.o(x$fpl$drleqf)
    __aeabi_drsub                            0x08023f7d   Thumb Code     0  daddsub_clz.o(x$fpl$drsb)
    _drsb                                    0x08023f7d   Thumb Code    22  daddsub_clz.o(x$fpl$drsb)
    _dsqrt                                   0x08023f95   Thumb Code   404  dsqrt_umaal.o(x$fpl$dsqrt)
    __aeabi_dsub                             0x0802412d   Thumb Code     0  daddsub_clz.o(x$fpl$dsub)
    _dsub                                    0x0802412d   Thumb Code   464  daddsub_clz.o(x$fpl$dsub)
    __aeabi_f2d                              0x08024301   Thumb Code     0  f2d.o(x$fpl$f2d)
    _f2d                                     0x08024301   Thumb Code    86  f2d.o(x$fpl$f2d)
    __fpl_fnaninf                            0x08024357   Thumb Code   140  fnaninf.o(x$fpl$fnaninf)
    _fp_init                                 0x080243e3   Thumb Code    10  fpinit.o(x$fpl$fpinit)
    __fplib_config_fpu_vfp                   0x080243eb   Thumb Code     0  fpinit.o(x$fpl$fpinit)
    __fplib_config_pureend_doubles           0x080243eb   Thumb Code     0  fpinit.o(x$fpl$fpinit)
    __fpl_fretinf                            0x080243ed   Thumb Code    10  fretinf.o(x$fpl$fretinf)
    __I$use$fp                               0x080243f6   Number         0  usenofp.o(x$fpl$usenofp)
    __vsym_pwmcon_name                       0x080243f6   Data           7  application.o(.constdata)
    __vsym_pwmcon_desc                       0x080243fd   Data          11  application.o(.constdata)
    __fsym_get_fps_name                      0x08024408   Data           8  ahrs.o(.constdata)
    __fsym_get_fps_desc                      0x08024410   Data          13  ahrs.o(.constdata)
    __fsym_angle_fix_name                    0x0802441d   Data          10  ahrs.o(.constdata)
    __fsym_angle_fix_desc                    0x08024427   Data          16  ahrs.o(.constdata)
    __fsym_save_name                         0x080244bc   Data           5  settings.o(.constdata)
    __fsym_save_desc                         0x080244c1   Data          16  settings.o(.constdata)
    __fsym_get_pid_name                      0x080244d1   Data           8  settings.o(.constdata)
    __fsym_get_pid_desc                      0x080244d9   Data          22  settings.o(.constdata)
    __fsym_set_pitch_name                    0x080244ef   Data          10  settings.o(.constdata)
    __fsym_set_pitch_desc                    0x080244f9   Data          30  settings.o(.constdata)
    __fsym_set_roll_name                     0x08024517   Data           9  settings.o(.constdata)
    __fsym_set_roll_desc                     0x08024520   Data          29  settings.o(.constdata)
    __fsym_set_yaw_name                      0x0802453d   Data           8  settings.o(.constdata)
    __fsym_set_yaw_desc                      0x08024545   Data          28  settings.o(.constdata)
    __fsym_set_height_name                   0x08024561   Data          11  settings.o(.constdata)
    __fsym_set_height_desc                   0x0802456c   Data          28  settings.o(.constdata)
    __fsym_set_pwm_name                      0x08024588   Data           8  settings.o(.constdata)
    __fsym_set_pwm_desc                      0x08024590   Data          20  settings.o(.constdata)
    __fsym_out_ahrs_name                     0x080245a4   Data           9  settings.o(.constdata)
    __fsym_out_ahrs_desc                     0x080245ad   Data          16  settings.o(.constdata)
    __fsym_out_pwm_name                      0x080245bd   Data           8  settings.o(.constdata)
    __fsym_out_pwm_desc                      0x080245c5   Data          15  settings.o(.constdata)
    __fsym_device_test_name                  0x080245d4   Data          12  settings.o(.constdata)
    __fsym_device_test_desc                  0x080245e0   Data          24  settings.o(.constdata)
    hw                                       0x08024600   Data          12  inv_mpu.o(.constdata)
    reg                                      0x0802460c   Data          27  inv_mpu.o(.constdata)
    test                                     0x08024628   Data          40  inv_mpu.o(.constdata)
    __vsym_h_name                            0x08025246   Data           2  sonar.o(.constdata)
    __vsym_h_desc                            0x08025248   Data          13  sonar.o(.constdata)
    __lowest_bit_bitmap                      0x080254ea   Data         256  kservice.o(.constdata)
    __fsym_list_mem_name                     0x0802560c   Data           9  mem.o(.constdata)
    __fsym_list_mem_desc                     0x08025615   Data          30  mem.o(.constdata)
    __fsym_mkfs_name                         0x0802589f   Data           5  dfs_fs.o(.constdata)
    __fsym_mkfs_desc                         0x080258a4   Data          19  dfs_fs.o(.constdata)
    __fsym_df_name                           0x080258b7   Data           3  dfs_fs.o(.constdata)
    __fsym_df_desc                           0x080258ba   Data          14  dfs_fs.o(.constdata)
    __fsym_ls_name                           0x080258fb   Data           3  dfs_file.o(.constdata)
    __fsym_ls_desc                           0x080258fe   Data          24  dfs_file.o(.constdata)
    __fsym_rm_name                           0x08025916   Data           3  dfs_file.o(.constdata)
    __fsym_rm_desc                           0x08025919   Data          28  dfs_file.o(.constdata)
    __fsym_cat_name                          0x08025935   Data           4  dfs_file.o(.constdata)
    __fsym_cat_desc                          0x08025939   Data          11  dfs_file.o(.constdata)
    __fsym_copy_name                         0x08025944   Data           5  dfs_file.o(.constdata)
    __fsym_copy_desc                         0x08025949   Data          17  dfs_file.o(.constdata)
    __fsym_mkdir_name                        0x0802595a   Data           6  dfs_posix.o(.constdata)
    __fsym_mkdir_desc                        0x08025960   Data          19  dfs_posix.o(.constdata)
    __fsym_hello_name                        0x08025d4c   Data           6  cmd.o(.constdata)
    __fsym_hello_desc                        0x08025d52   Data          16  cmd.o(.constdata)
    __fsym_version_name                      0x08025d62   Data           8  cmd.o(.constdata)
    __fsym_version_desc                      0x08025d6a   Data          35  cmd.o(.constdata)
    __fsym_list_thread_name                  0x08025d8d   Data          12  cmd.o(.constdata)
    __fsym_list_thread_desc                  0x08025d99   Data          12  cmd.o(.constdata)
    __fsym_list_sem_name                     0x08025da5   Data           9  cmd.o(.constdata)
    __fsym_list_sem_desc                     0x08025dae   Data          25  cmd.o(.constdata)
    __fsym_list_event_name                   0x08025dc7   Data          11  cmd.o(.constdata)
    __fsym_list_event_desc                   0x08025dd2   Data          21  cmd.o(.constdata)
    __fsym_list_mutex_name                   0x08025de7   Data          11  cmd.o(.constdata)
    __fsym_list_mutex_desc                   0x08025df2   Data          21  cmd.o(.constdata)
    __fsym_list_mailbox_name                 0x08025e07   Data          13  cmd.o(.constdata)
    __fsym_list_mailbox_desc                 0x08025e14   Data          24  cmd.o(.constdata)
    __fsym_list_msgqueue_name                0x08025e2c   Data          14  cmd.o(.constdata)
    __fsym_list_msgqueue_desc                0x08025e3a   Data          29  cmd.o(.constdata)
    __fsym_list_mempool_name                 0x08025e57   Data          13  cmd.o(.constdata)
    __fsym_list_mempool_desc                 0x08025e64   Data          27  cmd.o(.constdata)
    __fsym_list_timer_name                   0x08025e7f   Data          11  cmd.o(.constdata)
    __fsym_list_timer_desc                   0x08025e8a   Data          21  cmd.o(.constdata)
    __fsym_list_device_name                  0x08025e9f   Data          12  cmd.o(.constdata)
    __fsym_list_device_desc                  0x08025eab   Data          22  cmd.o(.constdata)
    __fsym_list_name                         0x08025ec1   Data           5  cmd.o(.constdata)
    __fsym_list_desc                         0x08025ec6   Data          26  cmd.o(.constdata)
    __vsym_dummy_name                        0x08025ee0   Data           6  cmd.o(.constdata)
    __vsym_dummy_desc                        0x08025ee6   Data          25  cmd.o(.constdata)
    op_table                                 0x08025f4c   Data         196  finsh_ops.o(.constdata)
    _monlen                                  0x080260a0   Data          12  _monlen.o(.constdata)
    __mathlib_zero                           0x08026178   Data           8  qnan.o(.constdata)
    __rt_init_rti_start                      0x080266d0   Data           4  components.o(.rti_fn.0)
    __rt_init_rti_board_end                  0x080266d4   Data           4  components.o(.rti_fn.1.post)
    __rt_init_dfs_init                       0x080266d8   Data           4  dfs.o(.rti_fn.3)
    __rt_init_rt_i2c_core_init               0x080266dc   Data           4  i2c_core.o(.rti_fn.3)
    __rt_init_finsh_system_init              0x080266e0   Data           4  shell.o(.rti_fn.3)
    __rt_init_elm_init                       0x080266e4   Data           4  dfs_elm.o(.rti_fn.4)
    __rt_init_dfs_romfs_init                 0x080266e8   Data           4  dfs_romfs.o(.rti_fn.4)
    __rt_init_rti_end                        0x080266ec   Data           4  components.o(.rti_fn.7)
    FSymTab$$Base                            0x080266f0   Number         0  ahrs.o(FSymTab)
    __fsym_get_fps                           0x080266f0   Data          12  ahrs.o(FSymTab)
    __fsym_angle_fix                         0x080266fc   Data          12  ahrs.o(FSymTab)
    __fsym_save                              0x08026708   Data          12  settings.o(FSymTab)
    __fsym_get_pid                           0x08026714   Data          12  settings.o(FSymTab)
    __fsym_set_pitch                         0x08026720   Data          12  settings.o(FSymTab)
    __fsym_set_roll                          0x0802672c   Data          12  settings.o(FSymTab)
    __fsym_set_yaw                           0x08026738   Data          12  settings.o(FSymTab)
    __fsym_set_height                        0x08026744   Data          12  settings.o(FSymTab)
    __fsym_set_pwm                           0x08026750   Data          12  settings.o(FSymTab)
    __fsym_out_ahrs                          0x0802675c   Data          12  settings.o(FSymTab)
    __fsym_out_pwm                           0x08026768   Data          12  settings.o(FSymTab)
    __fsym_device_test                       0x08026774   Data          12  settings.o(FSymTab)
    __fsym_list_mem                          0x08026780   Data          12  mem.o(FSymTab)
    __fsym_mkfs                              0x0802678c   Data          12  dfs_fs.o(FSymTab)
    __fsym_df                                0x08026798   Data          12  dfs_fs.o(FSymTab)
    __fsym_ls                                0x080267a4   Data          12  dfs_file.o(FSymTab)
    __fsym_rm                                0x080267b0   Data          12  dfs_file.o(FSymTab)
    __fsym_cat                               0x080267bc   Data          12  dfs_file.o(FSymTab)
    __fsym_copy                              0x080267c8   Data          12  dfs_file.o(FSymTab)
    __fsym_mkdir                             0x080267d4   Data          12  dfs_posix.o(FSymTab)
    __fsym_hello                             0x080267e0   Data          12  cmd.o(FSymTab)
    __fsym_version                           0x080267ec   Data          12  cmd.o(FSymTab)
    __fsym_list_thread                       0x080267f8   Data          12  cmd.o(FSymTab)
    __fsym_list_sem                          0x08026804   Data          12  cmd.o(FSymTab)
    __fsym_list_event                        0x08026810   Data          12  cmd.o(FSymTab)
    __fsym_list_mutex                        0x0802681c   Data          12  cmd.o(FSymTab)
    __fsym_list_mailbox                      0x08026828   Data          12  cmd.o(FSymTab)
    __fsym_list_msgqueue                     0x08026834   Data          12  cmd.o(FSymTab)
    __fsym_list_mempool                      0x08026840   Data          12  cmd.o(FSymTab)
    __fsym_list_timer                        0x0802684c   Data          12  cmd.o(FSymTab)
    __fsym_list_device                       0x08026858   Data          12  cmd.o(FSymTab)
    __fsym_list                              0x08026864   Data          12  cmd.o(FSymTab)
    FSymTab$$Limit                           0x08026870   Number         0  cmd.o(FSymTab)
    Region$$Table$$Base                      0x08026870   Number         0  anon$$obj.o(Region$$Table)
    Region$$Table$$Limit                     0x08026890   Number         0  anon$$obj.o(Region$$Table)
    VSymTab$$Base                            0x08026890   Number         0  application.o(VSymTab)
    __vsym_pwmcon                            0x08026890   Data          16  application.o(VSymTab)
    __vsym_h                                 0x080268a0   Data          16  sonar.o(VSymTab)
    __vsym_dummy                             0x080268b0   Data          16  cmd.o(VSymTab)
    VSymTab$$Limit                           0x080268c0   Number         0  cmd.o(VSymTab)
    __ctype                                  0x080268cd   Data           0  lc_ctype_c.o(locale$$data)
    led_period                               0x20000000   Data           4  application.o(.data)
    balence                                  0x20000004   Data           1  application.o(.data)
    pwmcon                                   0x20000005   Data           1  application.o(.data)
    lost_ahrs                                0x20000008   Data           4  application.o(.data)
    last_ahrs                                0x2000000c   Data           4  application.o(.data)
    en_out_pwm                               0x20000010   Data           1  application.o(.data)
    en_out_ahrs                              0x20000011   Data           1  application.o(.data)
    gyro                                     0x20000012   Data           6  application.o(.data)
    accel                                    0x20000018   Data           6  application.o(.data)
    sensors                                  0x2000001e   Data           2  application.o(.data)
    sensor_timestamp                         0x2000003c   Data           4  application.o(.data)
    more                                     0x20000040   Data           1  application.o(.data)
    Motor1                                   0x20000042   Data           2  motor.o(.data)
    Motor2                                   0x20000044   Data           2  motor.o(.data)
    Motor3                                   0x20000046   Data           2  motor.o(.data)
    Motor4                                   0x20000048   Data           2  motor.o(.data)
    Motor5                                   0x2000004a   Data           2  motor.o(.data)
    Motor6                                   0x2000004c   Data           2  motor.o(.data)
    coderinited                              0x20000050   Data           1  pwm.o(.data)
    PWM1_Time                                0x20000052   Data           2  pwm.o(.data)
    PWM2_Time                                0x20000054   Data           2  pwm.o(.data)
    PWM3_Time                                0x20000056   Data           2  pwm.o(.data)
    PWM4_Time                                0x20000058   Data           2  pwm.o(.data)
    PWM5_Time                                0x2000005a   Data           2  pwm.o(.data)
    PWM6_Time                                0x2000005c   Data           2  pwm.o(.data)
    PWM7_Time                                0x2000005e   Data           2  pwm.o(.data)
    PWM8_Time                                0x20000060   Data           2  pwm.o(.data)
    rising                                   0x20000062   Data           8  pwm.o(.data)
    predir                                   0x2000006a   Data           1  pwm.o(.data)
    count                                    0x2000006c   Data           4  pwm.o(.data)
    upcount                                  0x20000070   Data           4  pwm.o(.data)
    mpu_acc_x                                0x20000078   Data           2  ahrs.o(.data)
    mpu_acc_y                                0x2000007a   Data           2  ahrs.o(.data)
    mpu_acc_z                                0x2000007c   Data           2  ahrs.o(.data)
    mpu_gryo_pitch                           0x2000007e   Data           2  ahrs.o(.data)
    mpu_gryo_roll                            0x20000080   Data           2  ahrs.o(.data)
    mpu_gryo_yaw                             0x20000082   Data           2  ahrs.o(.data)
    curq                                     0x20000090   Data          16  ahrs.o(.data)
    exInt                                    0x200000a0   Data           4  ahrs.o(.data)
    eyInt                                    0x200000a4   Data           4  ahrs.o(.data)
    ezInt                                    0x200000a8   Data           4  ahrs.o(.data)
    p                                        0x200000b0   Data           8  ahrs.o(.data)
    r                                        0x200000b8   Data           8  ahrs.o(.data)
    cnt                                      0x200000c0   Data           4  ahrs.o(.data)
    MPU6050_Diff                             0x200000c8   Data          48  ahrs.o(.data)
    uart2                                    0x200000fc   Data          12  usart.o(.data)
    uart3                                    0x20000108   Data          12  usart.o(.data)
    uart2_debug                              0x20000114   Data           4  usart.o(.data)
    sonar_h                                  0x20000144   Data           4  sonar.o(.data)
    SystemCoreClock                          0x2000014c   Data           4  system_stm32f4xx.o(.data)
    AHBPrescTable                            0x20000150   Data          16  system_stm32f4xx.o(.data)
    rt_interrupt_nest                        0x20000178   Data           1  irq.o(.data)
    rt_object_container                      0x200001ac   Data         144  object.o(.data)
    rt_object_trytake_hook                   0x20000244   Data           4  object.o(.data)
    rt_object_take_hook                      0x20000248   Data           4  object.o(.data)
    rt_object_put_hook                       0x2000024c   Data           4  object.o(.data)
    rt_current_thread                        0x20000254   Data           4  scheduler.o(.data)
    rt_current_priority                      0x20000258   Data           1  scheduler.o(.data)
    rt_thread_ready_priority_group           0x2000025c   Data           4  scheduler.o(.data)
    rt_thread_defunct                        0x20000260   Data           8  scheduler.o(.data)
    rt_interrupt_from_thread                 0x2000027c   Data           4  cpuport.o(.data)
    rt_interrupt_to_thread                   0x20000280   Data           4  cpuport.o(.data)
    rt_thread_switch_interrupt_flag          0x20000284   Data           4  cpuport.o(.data)
    shell                                    0x200002a0   Data           4  shell.o(.data)
    _syscall_table_begin                     0x200002a4   Data           4  symbol.o(.data)
    _syscall_table_end                       0x200002a8   Data           4  symbol.o(.data)
    _sysvar_table_begin                      0x200002ac   Data           4  symbol.o(.data)
    _sysvar_table_end                        0x200002b0   Data           4  symbol.o(.data)
    finsh_compile_sp                         0x200002b8   Data           4  finsh_compiler.o(.data)
    finsh_compile_pc                         0x200002bc   Data           4  finsh_compiler.o(.data)
    global_errno                             0x200002c0   Data           1  finsh_error.o(.data)
    global_sysvar_list                       0x20000308   Data           4  finsh_var.o(.data)
    finsh_sp                                 0x2000030c   Data           4  finsh_vm.o(.data)
    finsh_pc                                 0x20000310   Data           4  finsh_vm.o(.data)
    global_syscall_list                      0x20000314   Data           4  finsh_vm.o(.data)
    p_rate_pid                               0x20000e38   Data         104  application.o(.bss)
    r_rate_pid                               0x20000ea0   Data         104  application.o(.bss)
    y_rate_pid                               0x20000f08   Data         104  application.o(.bss)
    p_angle_pid                              0x20000f70   Data         104  application.o(.bss)
    r_angle_pid                              0x20000fd8   Data         104  application.o(.bss)
    y_angle_pid                              0x20001040   Data         104  application.o(.bss)
    h_pid                                    0x200010a8   Data         104  application.o(.bss)
    pitch_ctl                                0x20001110   Data          32  application.o(.bss)
    roll_ctl                                 0x20001130   Data          32  application.o(.bss)
    yaw_ctl                                  0x20001150   Data          32  application.o(.bss)
    quat                                     0x20001170   Data          16  application.o(.bss)
    pre                                      0x20001180   Data          16  pwm.o(.bss)
    ahrs                                     0x20001190   Data          80  ahrs.o(.bss)
    angle_fix_sem                            0x200011e0   Data          32  ahrs.o(.bss)
    MPU6050_ACC_FIFO                         0x20001200   Data        1536  ahrs.o(.bss)
    MPU6050_GYR_FIFO                         0x20001800   Data        1536  ahrs.o(.bss)
    settings                                 0x20001e00   Data         176  settings.o(.bss)
    spi2_bus                                 0x20001eb0   Data         108  spi2.o(.bss)
    spi_flash                                0x20001f1c   Data          76  spi2.o(.bss)
    uart2_int_rx                             0x20001f68   Data          72  usart.o(.bss)
    uart2_device                             0x20001fb0   Data          64  usart.o(.bss)
    uart3_int_rx                             0x20001ff0   Data          72  usart.o(.bss)
    uart3_dma_tx                             0x20002038   Data         148  usart.o(.bss)
    uart3_device                             0x200020cc   Data          64  usart.o(.bss)
    rt_thread_priority_table                 0x20002640   Data         256  scheduler.o(.bss)
    filesystem_operation_table               0x20002740   Data          16  dfs.o(.bss)
    filesystem_table                         0x20002750   Data          32  dfs.o(.bss)
    fd_table                                 0x20002794   Data         128  dfs.o(.bss)
    finsh_heap                               0x20003250   Data         128  finsh_heap.o(.bss)
    global_node_table                        0x200032d0   Data         320  finsh_node.o(.bss)
    global_variable                          0x20003410   Data         192  finsh_var.o(.bss)
    finsh_vm_stack                           0x200034d0   Data         256  finsh_vm.o(.bss)
    text_segment                             0x200035d0   Data         128  finsh_vm.o(.bss)
    __libspace_start                         0x20003650   Data          96  libspace.o(.bss)
    __temporary_stack_top$libspace           0x200036b0   Data           0  libspace.o(.bss)
    Image$$RW_IRAM1$$ZI$$Limit               0x20003cb0   Number         0  anon$$obj.o ABSOLUTE



==============================================================================

Memory Map of the image

  Image Entry point : 0x08000189

  Load Region LR_IROM1 (Base: 0x08000000, Size: 0x00026ce8, Max: 0x00100000, ABSOLUTE, COMPRESSED[0x00026aa8])

    Execution Region ER_IROM1 (Base: 0x08000000, Size: 0x000269d0, Max: 0x00100000, ABSOLUTE)

    Base Addr    Size         Type   Attr      Idx    E Section Name        Object

    0x08000000   0x00000188   Data   RO         1173    RESET               startup_stm32f4xx.o
    0x08000188   0x00000008   Code   RO         1984  * !!!main             c_w.l(__main.o)
    0x08000190   0x00000034   Code   RO         2368    !!!scatter          c_w.l(__scatter.o)
    0x080001c4   0x0000005a   Code   RO         2366    !!dczerorl2         c_w.l(__dczerorl2.o)
    0x0800021e   0x00000002   PAD
    0x08000220   0x0000001c   Code   RO         2370    !!handler_zi        c_w.l(__scatter_zi.o)
    0x0800023c   0x00000002   Code   RO         2238    .ARM.Collect$$libinit$$00000000  c_w.l(libinit.o)
    0x0800023e   0x00000004   Code   RO         2245    .ARM.Collect$$libinit$$00000001  c_w.l(libinit2.o)
    0x08000242   0x00000000   Code   RO         2249    .ARM.Collect$$libinit$$00000008  c_w.l(libinit2.o)
    0x08000242   0x00000000   Code   RO         2251    .ARM.Collect$$libinit$$0000000A  c_w.l(libinit2.o)
    0x08000242   0x00000000   Code   RO         2253    .ARM.Collect$$libinit$$0000000C  c_w.l(libinit2.o)
    0x08000242   0x00000006   Code   RO         2254    .ARM.Collect$$libinit$$0000000D  c_w.l(libinit2.o)
    0x08000248   0x00000000   Code   RO         2256    .ARM.Collect$$libinit$$0000000F  c_w.l(libinit2.o)
    0x08000248   0x0000000c   Code   RO         2257    .ARM.Collect$$libinit$$00000010  c_w.l(libinit2.o)
    0x08000254   0x00000000   Code   RO         2258    .ARM.Collect$$libinit$$00000011  c_w.l(libinit2.o)
    0x08000254   0x00000000   Code   RO         2260    .ARM.Collect$$libinit$$00000013  c_w.l(libinit2.o)
    0x08000254   0x00000000   Code   RO         2262    .ARM.Collect$$libinit$$00000015  c_w.l(libinit2.o)
    0x08000254   0x00000000   Code   RO         2264    .ARM.Collect$$libinit$$00000017  c_w.l(libinit2.o)
    0x08000254   0x00000000   Code   RO         2266    .ARM.Collect$$libinit$$00000019  c_w.l(libinit2.o)
    0x08000254   0x00000000   Code   RO         2268    .ARM.Collect$$libinit$$0000001B  c_w.l(libinit2.o)
    0x08000254   0x00000000   Code   RO         2270    .ARM.Collect$$libinit$$0000001D  c_w.l(libinit2.o)
    0x08000254   0x00000000   Code   RO         2272    .ARM.Collect$$libinit$$0000001F  c_w.l(libinit2.o)
    0x08000254   0x00000000   Code   RO         2274    .ARM.Collect$$libinit$$00000021  c_w.l(libinit2.o)
    0x08000254   0x00000000   Code   RO         2276    .ARM.Collect$$libinit$$00000023  c_w.l(libinit2.o)
    0x08000254   0x00000000   Code   RO         2280    .ARM.Collect$$libinit$$0000002A  c_w.l(libinit2.o)
    0x08000254   0x00000000   Code   RO         2282    .ARM.Collect$$libinit$$0000002C  c_w.l(libinit2.o)
    0x08000254   0x00000000   Code   RO         2284    .ARM.Collect$$libinit$$0000002E  c_w.l(libinit2.o)
    0x08000254   0x00000000   Code   RO         2286    .ARM.Collect$$libinit$$00000030  c_w.l(libinit2.o)
    0x08000254   0x00000002   Code   RO         2287    .ARM.Collect$$libinit$$00000031  c_w.l(libinit2.o)
    0x08000256   0x00000002   Code   RO         2317    .ARM.Collect$$libshutdown$$00000000  c_w.l(libshutdown.o)
    0x08000258   0x00000000   Code   RO         2335    .ARM.Collect$$libshutdown$$00000003  c_w.l(libshutdown2.o)
    0x08000258   0x00000000   Code   RO         2338    .ARM.Collect$$libshutdown$$00000006  c_w.l(libshutdown2.o)
    0x08000258   0x00000000   Code   RO         2341    .ARM.Collect$$libshutdown$$00000009  c_w.l(libshutdown2.o)
    0x08000258   0x00000000   Code   RO         2343    .ARM.Collect$$libshutdown$$0000000B  c_w.l(libshutdown2.o)
    0x08000258   0x00000000   Code   RO         2346    .ARM.Collect$$libshutdown$$0000000E  c_w.l(libshutdown2.o)
    0x08000258   0x00000002   Code   RO         2347    .ARM.Collect$$libshutdown$$0000000F  c_w.l(libshutdown2.o)
    0x0800025a   0x00000000   Code   RO         2108    .ARM.Collect$$rtentry$$00000000  c_w.l(rtentry.o)
    0x0800025a   0x00000000   Code   RO         2195    .ARM.Collect$$rtentry$$00000002  c_w.l(rtentry2.o)
    0x0800025a   0x00000006   Code   RO         2207    .ARM.Collect$$rtentry$$00000004  c_w.l(rtentry4.o)
    0x08000260   0x00000000   Code   RO         2197    .ARM.Collect$$rtentry$$00000009  c_w.l(rtentry2.o)
    0x08000260   0x00000004   Code   RO         2198    .ARM.Collect$$rtentry$$0000000A  c_w.l(rtentry2.o)
    0x08000264   0x00000000   Code   RO         2200    .ARM.Collect$$rtentry$$0000000C  c_w.l(rtentry2.o)
    0x08000264   0x00000008   Code   RO         2201    .ARM.Collect$$rtentry$$0000000D  c_w.l(rtentry2.o)
    0x0800026c   0x00000002   Code   RO         2239    .ARM.Collect$$rtexit$$00000000  c_w.l(rtexit.o)
    0x0800026e   0x00000000   Code   RO         2289    .ARM.Collect$$rtexit$$00000002  c_w.l(rtexit2.o)
    0x0800026e   0x00000004   Code   RO         2290    .ARM.Collect$$rtexit$$00000003  c_w.l(rtexit2.o)
    0x08000272   0x00000006   Code   RO         2291    .ARM.Collect$$rtexit$$00000004  c_w.l(rtexit2.o)
    0x08000278   0x00001874   Code   RO            2    .text               application.o
    0x08001aec   0x000000cc   Code   RO          277    .text               startup.o
    0x08001bb8   0x0000030c   Code   RO          294    .text               motor.o
    0x08001ec4   0x00000510   Code   RO          315    .text               pid.o
    0x080023d4   0x000009ac   Code   RO          329    .text               pwm.o
    0x08002d80   0x000018a8   Code   RO          352    .text               ahrs.o
    0x08004628   0x000000b0   Code   RO          377    .text               board.o
    0x080046d8   0x0000007c   Code   RO          397    .text               hardtimer.o
    0x08004754   0x0000009c   Code   RO          413    .text               led.o
    0x080047f0   0x0000063c   Code   RO          429    .text               serial.o
    0x08004e2c   0x000018ac   Code   RO          449    .text               settings.o
    0x080066d8   0x000001d8   Code   RO          484    .text               spi2.o
    0x080068b0   0x000003ac   Code   RO          505    .text               stm32_iic.o
    0x08006c5c   0x00000040   Code   RO          521    .text               stm32f4xx_it.o
    0x08006c9c   0x0000019c   Code   RO          538    .text               usart.o
    0x08006e38   0x00001f10   Code   RO          561    .text               inv_mpu.o
    0x08008d48   0x00000d90   Code   RO          595    .text               inv_mpu_dmp_motion_driver.o
    0x08009ad8   0x00000210   Code   RO          652    .text               system_stm32f4xx.o
    0x08009ce8   0x000001ec   Code   RO          674    .text               misc.o
    0x08009ed4   0x000013cc   Code   RO          850    .text               stm32f4xx_dma.o
    0x0800b2a0   0x00000916   Code   RO          914    .text               stm32f4xx_gpio.o
    0x0800bbb6   0x00000002   PAD
    0x0800bbb8   0x00000d7c   Code   RO         1026    .text               stm32f4xx_rcc.o
    0x0800c934   0x00000bc8   Code   RO         1092    .text               stm32f4xx_spi.o
    0x0800d4fc   0x00003294   Code   RO         1124    .text               stm32f4xx_tim.o
    0x08010790   0x00000eb4   Code   RO         1140    .text               stm32f4xx_usart.o
    0x08011644   0x00000040   Code   RO         1174    .text               startup_stm32f4xx.o
    0x08011684   0x00000064   Code   RO         1178    .text               clock.o
    0x080116e8   0x000003f0   Code   RO         1192    .text               device.o
    0x08011ad8   0x00000168   Code   RO         1206    .text               idle.o
    0x08011c40   0x00001af8   Code   RO         1226    .text               ipc.o
    0x08013738   0x00000048   Code   RO         1243    .text               irq.o
    0x08013780   0x000009d0   Code   RO         1258    .text               kservice.o
    0x08014150   0x000009b4   Code   RO         1275    .text               mem.o
    0x08014b04   0x00000444   Code   RO         1294    .text               mempool.o
    0x08014f48   0x00000360   Code   RO         1312    .text               object.o
    0x080152a8   0x00000334   Code   RO         1331    .text               scheduler.o
    0x080155dc   0x000006b4   Code   RO         1352    .text               thread.o
    0x08015c90   0x00000510   Code   RO         1369    .text               timer.o
    0x080161a0   0x000001c0   Code   RO         1388    .text               cpuport.o
    0x08016360   0x00000110   Code   RO         1404    .text               context_rvds.o
    0x08016470   0x000003fc   Code   RO         1442    .text               dfs.o
    0x0801686c   0x00000644   Code   RO         1473    .text               dfs_fs.o
    0x08016eb0   0x000009c8   Code   RO         1489    .text               dfs_file.o
    0x08017878   0x00000560   Code   RO         1509    .text               dfs_posix.o
    0x08017dd8   0x00000b60   Code   RO         1525    .text               dfs_elm.o
    0x08018938   0x00002508   Code   RO         1558    .text               ff.o
    0x0801ae40   0x00000350   Code   RO         1573    .text               dfs_romfs.o
    0x0801b190   0x00000278   Code   RO         1603    .text               i2c_core.o
    0x0801b408   0x0000029c   Code   RO         1620    .text               i2c_dev.o
    0x0801b6a4   0x0000076c   Code   RO         1633    .text               spi_core.o
    0x0801be10   0x00000398   Code   RO         1646    .text               spi_dev.o
    0x0801c1a8   0x00000624   Code   RO         1659    .text               spi_flash_w25qxx.o
    0x0801c7cc   0x00000a14   Code   RO         1680    .text               shell.o
    0x0801d1e0   0x00000bc4   Code   RO         1712    .text               cmd.o
    0x0801dda4   0x00001818   Code   RO         1735    .text               finsh_compiler.o
    0x0801f5bc   0x0000002c   Code   RO         1772    .text               finsh_error.o
    0x0801f5e8   0x00000210   Code   RO         1788    .text               finsh_heap.o
    0x0801f7f8   0x00000058   Code   RO         1804    .text               finsh_init.o
    0x0801f850   0x00000184   Code   RO         1822    .text               finsh_node.o
    0x0801f9d4   0x00000adc   Code   RO         1837    .text               finsh_ops.o
    0x080204b0   0x0000097c   Code   RO         1855    .text               finsh_parser.o
    0x08020e2c   0x0000019c   Code   RO         1870    .text               finsh_var.o
    0x08020fc8   0x000000e4   Code   RO         1893    .text               finsh_vm.o
    0x080210ac   0x00000658   Code   RO         1920    .text               finsh_token.o
    0x08021704   0x00000040   Code   RO         1935    .text               components.o
    0x08021744   0x00000048   Code   RO         1954    .text               c_w.l(llsdiv.o)
    0x0802178c   0x0000001a   Code   RO         1956    .text               c_w.l(atoi.o)
    0x080217a6   0x00000058   Code   RO         1958    .text               c_w.l(memcmp.o)
    0x080217fe   0x00000016   Code   RO         1960    .text               c_w.l(strrchr.o)
    0x08021814   0x0000003e   Code   RO         1962    .text               c_w.l(strlen.o)
    0x08021852   0x00000096   Code   RO         1964    .text               c_w.l(strncmp.o)
    0x080218e8   0x0000008a   Code   RO         1966    .text               c_w.l(rt_memcpy_v6.o)
    0x08021972   0x00000064   Code   RO         1968    .text               c_w.l(rt_memcpy_w.o)
    0x080219d6   0x00000010   Code   RO         1970    .text               c_w.l(aeabi_memset.o)
    0x080219e6   0x00000044   Code   RO         1972    .text               c_w.l(rt_memclr.o)
    0x08021a2a   0x0000004e   Code   RO         1974    .text               c_w.l(rt_memclr_w.o)
    0x08021a78   0x00000056   Code   RO         1976    .text               c_w.l(strncpy.o)
    0x08021ace   0x00000002   PAD
    0x08021ad0   0x00000080   Code   RO         1978    .text               c_w.l(strcmpv7m.o)
    0x08021b50   0x000001a4   Code   RO         1980    .text               c_w.l(mktime.o)
    0x08021cf4   0x00000006   Code   RO         1982    .text               c_w.l(heapauxi.o)
    0x08021cfa   0x00000002   PAD
    0x08021cfc   0x00000008   Code   RO         2112    .text               c_w.l(rt_errno_addr_intlibspace.o)
    0x08021d04   0x000000ee   Code   RO         2114    .text               c_w.l(lludivv7m.o)
    0x08021df2   0x00000016   Code   RO         2116    .text               c_w.l(_rserrno.o)
    0x08021e08   0x00000070   Code   RO         2118    .text               c_w.l(strtol.o)
    0x08021e78   0x00000008   Code   RO         2191    .text               c_w.l(libspace.o)
    0x08021e80   0x00000010   Code   RO         2209    .text               c_w.l(rt_ctype_table.o)
    0x08021e90   0x0000009e   Code   RO         2215    .text               c_w.l(_strtoul.o)
    0x08021f2e   0x0000004a   Code   RO         2217    .text               c_w.l(sys_stackheap_outer.o)
    0x08021f78   0x00000008   Code   RO         2224    .text               c_w.l(rt_locale_intlibspace.o)
    0x08021f80   0x0000001c   Code   RO         2226    .text               c_w.l(_chval.o)
    0x08021f9c   0x0000000c   Code   RO         2231    .text               c_w.l(exit.o)
    0x08021fa8   0x0000000c   Code   RO         2305    .text               c_w.l(sys_exit.o)
    0x08021fb4   0x00000002   Code   RO         2322    .text               c_w.l(use_no_semi.o)
    0x08021fb6   0x00000000   Code   RO         2324    .text               c_w.l(indicate_semi.o)
    0x08021fb6   0x00000030   Code   RO         2159    i.__ARM_fpclassify  m_wm.l(fpclassify.o)
    0x08021fe6   0x00000026   Code   RO         2161    i.__ARM_fpclassifyf  m_wm.l(fpclassifyf.o)
    0x0802200c   0x00000004   PAD
    0x08022010   0x00000370   Code   RO         2022    i.__hardfp_asin     m_wm.l(asin.o)
    0x08022380   0x00000124   Code   RO         2036    i.__hardfp_asinf    m_wm.l(asinf.o)
    0x080224a4   0x00000004   PAD
    0x080224a8   0x000002e0   Code   RO         2134    i.__hardfp_atan     m_wm.l(atan.o)
    0x08022788   0x000001f0   Code   RO         2048    i.__hardfp_atan2    m_wm.l(atan2.o)
    0x08022978   0x0000024c   Code   RO         2060    i.__hardfp_atan2f   m_wm.l(atan2f.o)
    0x08022bc4   0x00000004   PAD
    0x08022bc8   0x000000d8   Code   RO         2072    i.__hardfp_cos      m_wm.l(cos.o)
    0x08022ca0   0x000000d8   Code   RO         2084    i.__hardfp_sin      m_wm.l(sin.o)
    0x08022d78   0x0000007a   Code   RO         2096    i.__hardfp_sqrt     m_wm.l(sqrt.o)
    0x08022df2   0x00000006   PAD
    0x08022df8   0x00000438   Code   RO         2168    i.__ieee754_rem_pio2  m_wm.l(rred.o)
    0x08023230   0x00000170   Code   RO         2148    i.__kernel_cos      m_wm.l(cos_i.o)
    0x080233a0   0x000000f8   Code   RO         2165    i.__kernel_poly     m_wm.l(poly.o)
    0x08023498   0x00000130   Code   RO         2173    i.__kernel_sin      m_wm.l(sin_i.o)
    0x080235c8   0x00000020   Code   RO         2151    i.__mathlib_dbl_underflow  m_wm.l(dunder.o)
    0x080235e8   0x00000010   Code   RO         2163    i.__mathlib_flt_underflow  m_wm.l(funder.o)
    0x080235f8   0x00000010   Code   RO         2136    i.atan              m_wm.l(atan.o)
    0x08023608   0x00000018   Code   RO         2155    i.fabs              m_wm.l(fabs.o)
    0x08023620   0x0000006e   Code   RO         2098    i.sqrt              m_wm.l(sqrt.o)
    0x0802368e   0x0000003e   Code   RO         2181    i.sqrtf             m_wm.l(sqrtf.o)
    0x080236cc   0x0000002c   Code   RO         2229    locale$$code        c_w.l(lc_ctype_c.o)
    0x080236f8   0x00000018   Code   RO         1986    x$fpl$basic         fz_wm.l(basic.o)
    0x08023710   0x00000062   Code   RO         1988    x$fpl$d2f           fz_wm.l(d2f.o)
    0x08023772   0x00000002   PAD
    0x08023774   0x00000150   Code   RO         1990    x$fpl$dadd          fz_wm.l(daddsub_clz.o)
    0x080238c4   0x00000018   Code   RO         2121    x$fpl$dcmpinf       fz_wm.l(dcmpi.o)
    0x080238dc   0x000002b0   Code   RO         1997    x$fpl$ddiv          fz_wm.l(ddiv.o)
    0x08023b8c   0x0000005e   Code   RO         2000    x$fpl$dfix          fz_wm.l(dfix.o)
    0x08023bea   0x00000002   PAD
    0x08023bec   0x0000005a   Code   RO         2004    x$fpl$dfixu         fz_wm.l(dfixu.o)
    0x08023c46   0x0000002e   Code   RO         2009    x$fpl$dflt          fz_wm.l(dflt_clz.o)
    0x08023c74   0x00000026   Code   RO         2008    x$fpl$dfltu         fz_wm.l(dflt_clz.o)
    0x08023c9a   0x00000002   PAD
    0x08023c9c   0x00000078   Code   RO         2014    x$fpl$dleqf         fz_wm.l(dleqf.o)
    0x08023d14   0x00000154   Code   RO         2016    x$fpl$dmul          fz_wm.l(dmul.o)
    0x08023e68   0x0000009c   Code   RO         2123    x$fpl$dnaninf       fz_wm.l(dnaninf.o)
    0x08023f04   0x0000000c   Code   RO         2125    x$fpl$dretinf       fz_wm.l(dretinf.o)
    0x08023f10   0x0000006c   Code   RO         2018    x$fpl$drleqf        fz_wm.l(drleqf.o)
    0x08023f7c   0x00000016   Code   RO         1991    x$fpl$drsb          fz_wm.l(daddsub_clz.o)
    0x08023f92   0x00000002   PAD
    0x08023f94   0x00000198   Code   RO         2127    x$fpl$dsqrt         fz_wm.l(dsqrt_umaal.o)
    0x0802412c   0x000001d4   Code   RO         1992    x$fpl$dsub          fz_wm.l(daddsub_clz.o)
    0x08024300   0x00000056   Code   RO         2020    x$fpl$f2d           fz_wm.l(f2d.o)
    0x08024356   0x0000008c   Code   RO         2129    x$fpl$fnaninf       fz_wm.l(fnaninf.o)
    0x080243e2   0x0000000a   Code   RO         2303    x$fpl$fpinit        fz_wm.l(fpinit.o)
    0x080243ec   0x0000000a   Code   RO         2131    x$fpl$fretinf       fz_wm.l(fretinf.o)
    0x080243f6   0x00000000   Code   RO         2133    x$fpl$usenofp       fz_wm.l(usenofp.o)
    0x080243f6   0x00000012   Data   RO            4    .constdata          application.o
    0x08024408   0x0000002f   Data   RO          354    .constdata          ahrs.o
    0x08024437   0x00000085   Data   RO          430    .constdata          serial.o
    0x080244bc   0x0000013c   Data   RO          451    .constdata          settings.o
    0x080245f8   0x00000008   Data   RO          486    .constdata          spi2.o
    0x08024600   0x00000050   Data   RO          562    .constdata          inv_mpu.o
    0x08024650   0x00000bf6   Data   RO          597    .constdata          inv_mpu_dmp_motion_driver.o
    0x08025246   0x0000000f   Data   RO          629    .constdata          sonar.o
    0x08025255   0x000000a8   Data   RO         1193    .constdata          device.o
    0x080252fd   0x00000016   Data   RO         1208    .constdata          idle.o
    0x08025313   0x000001d7   Data   RO         1227    .constdata          ipc.o
    0x080254ea   0x00000122   Data   RO         1260    .constdata          kservice.o
    0x0802560c   0x0000006d   Data   RO         1277    .constdata          mem.o
    0x08025679   0x0000003e   Data   RO         1295    .constdata          mempool.o
    0x080256b7   0x0000005e   Data   RO         1313    .constdata          object.o
    0x08025715   0x0000004e   Data   RO         1333    .constdata          scheduler.o
    0x08025763   0x000000aa   Data   RO         1353    .constdata          thread.o
    0x0802580d   0x0000005c   Data   RO         1370    .constdata          timer.o
    0x08025869   0x00000013   Data   RO         1389    .constdata          cpuport.o
    0x0802587c   0x00000023   Data   RO         1444    .constdata          dfs.o
    0x0802589f   0x0000005c   Data   RO         1474    .constdata          dfs_fs.o
    0x080258fb   0x0000005f   Data   RO         1491    .constdata          dfs_file.o
    0x0802595a   0x00000019   Data   RO         1510    .constdata          dfs_posix.o
    0x08025973   0x00000001   PAD
    0x08025974   0x000000b9   Data   RO         1526    .constdata          dfs_elm.o
    0x08025a2d   0x00000001   PAD
    0x08025a2e   0x0000002c   Data   RO         1559    .constdata          ff.o
    0x08025a5a   0x00000002   PAD
    0x08025a5c   0x00000066   Data   RO         1574    .constdata          dfs_romfs.o
    0x08025ac2   0x00000013   Data   RO         1605    .constdata          i2c_core.o
    0x08025ad5   0x00000072   Data   RO         1621    .constdata          i2c_dev.o
    0x08025b47   0x000000a3   Data   RO         1634    .constdata          spi_core.o
    0x08025bea   0x000000d9   Data   RO         1647    .constdata          spi_dev.o
    0x08025cc3   0x00000027   Data   RO         1661    .constdata          spi_flash_w25qxx.o
    0x08025cea   0x00000060   Data   RO         1682    .constdata          shell.o
    0x08025d4a   0x00000002   PAD
    0x08025d4c   0x00000200   Data   RO         1713    .constdata          cmd.o
    0x08025f4c   0x000000c4   Data   RO         1838    .constdata          finsh_ops.o
    0x08026010   0x00000040   Data   RO         1921    .constdata          finsh_token.o
    0x08026050   0x00000050   Data   RO         2025    .constdata          m_wm.l(asin.o)
    0x080260a0   0x0000000c   Data   RO         2120    .constdata          c_w.l(_monlen.o)
    0x080260ac   0x00000004   PAD
    0x080260b0   0x00000098   Data   RO         2137    .constdata          m_wm.l(atan.o)
    0x08026148   0x00000030   Data   RO         2149    .constdata          m_wm.l(cos_i.o)
    0x08026178   0x00000008   Data   RO         2167    .constdata          m_wm.l(qnan.o)
    0x08026180   0x000000c8   Data   RO         2170    .constdata          m_wm.l(rred.o)
    0x08026248   0x00000028   Data   RO         2174    .constdata          m_wm.l(sin_i.o)
    0x08026270   0x0000004d   Data   RO          563    .conststring        inv_mpu.o
    0x080262bd   0x00000003   PAD
    0x080262c0   0x000000ed   Data   RO         1278    .conststring        mem.o
    0x080263ad   0x00000003   PAD
    0x080263b0   0x00000048   Data   RO         1527    .conststring        dfs_elm.o
    0x080263f8   0x00000004   Data   RO         1575    .conststring        dfs_romfs.o
    0x080263fc   0x0000019d   Data   RO         1714    .conststring        cmd.o
    0x08026599   0x00000003   PAD
    0x0802659c   0x000000f3   Data   RO         1773    .conststring        finsh_error.o
    0x0802668f   0x00000001   PAD
    0x08026690   0x0000003e   Data   RO         1922    .conststring        finsh_token.o
    0x080266ce   0x00000002   PAD
    0x080266d0   0x00000004   Data   RO         1936    .rti_fn.0           components.o
    0x080266d4   0x00000004   Data   RO         1937    .rti_fn.1.post      components.o
    0x080266d8   0x00000004   Data   RO         1445    .rti_fn.3           dfs.o
    0x080266dc   0x00000004   Data   RO         1606    .rti_fn.3           i2c_core.o
    0x080266e0   0x00000004   Data   RO         1684    .rti_fn.3           shell.o
    0x080266e4   0x00000004   Data   RO         1529    .rti_fn.4           dfs_elm.o
    0x080266e8   0x00000004   Data   RO         1576    .rti_fn.4           dfs_romfs.o
    0x080266ec   0x00000004   Data   RO         1938    .rti_fn.7           components.o
    0x080266f0   0x00000018   Data   RO          356    FSymTab             ahrs.o
    0x08026708   0x00000078   Data   RO          452    FSymTab             settings.o
    0x08026780   0x0000000c   Data   RO         1280    FSymTab             mem.o
    0x0802678c   0x00000018   Data   RO         1475    FSymTab             dfs_fs.o
    0x080267a4   0x00000030   Data   RO         1492    FSymTab             dfs_file.o
    0x080267d4   0x0000000c   Data   RO         1511    FSymTab             dfs_posix.o
    0x080267e0   0x00000090   Data   RO         1716    FSymTab             cmd.o
    0x08026870   0x00000020   Data   RO         2364    Region$$Table       anon$$obj.o
    0x08026890   0x00000010   Data   RO            6    VSymTab             application.o
    0x080268a0   0x00000010   Data   RO          631    VSymTab             sonar.o
    0x080268b0   0x00000010   Data   RO         1717    VSymTab             cmd.o
    0x080268c0   0x00000110   Data   RO         2228    locale$$data        c_w.l(lc_ctype_c.o)


    Execution Region RW_IRAM1 (Base: 0x20000000, Size: 0x00003cb0, Max: 0x00020000, ABSOLUTE, COMPRESSED[0x000000d8])

    Base Addr    Size         Type   Attr      Idx    E Section Name        Object

    0x20000000   0x00000041   Data   RW            5    .data               application.o
    0x20000041   0x00000001   PAD
    0x20000042   0x0000000c   Data   RW          295    .data               motor.o
    0x2000004e   0x00000002   PAD
    0x20000050   0x00000024   Data   RW          331    .data               pwm.o
    0x20000074   0x00000004   PAD
    0x20000078   0x00000080   Data   RW          355    .data               ahrs.o
    0x200000f8   0x00000004   Data   RW          487    .data               spi2.o
    0x200000fc   0x0000001c   Data   RW          540    .data               usart.o
    0x20000118   0x0000002c   Data   RW          564    .data               inv_mpu.o
    0x20000144   0x00000006   Data   RW          630    .data               sonar.o
    0x2000014a   0x00000002   PAD
    0x2000014c   0x00000014   Data   RW          653    .data               system_stm32f4xx.o
    0x20000160   0x00000010   Data   RW         1027    .data               stm32f4xx_rcc.o
    0x20000170   0x00000004   Data   RW         1179    .data               clock.o
    0x20000174   0x00000004   Data   RW         1209    .data               idle.o
    0x20000178   0x00000001   Data   RW         1244    .data               irq.o
    0x20000179   0x00000003   PAD
    0x2000017c   0x00000008   Data   RW         1261    .data               kservice.o
    0x20000184   0x00000020   Data   RW         1279    .data               mem.o
    0x200001a4   0x00000008   Data   RW         1296    .data               mempool.o
    0x200001ac   0x000000a4   Data   RW         1314    .data               object.o
    0x20000250   0x0000001c   Data   RW         1334    .data               scheduler.o
    0x2000026c   0x00000010   Data   RW         1371    .data               timer.o
    0x2000027c   0x00000010   Data   RW         1390    .data               cpuport.o
    0x2000028c   0x00000008   Data   RW         1528    .data               dfs_elm.o
    0x20000294   0x0000000a   Data   RW         1560    .data               ff.o
    0x2000029e   0x00000002   PAD
    0x200002a0   0x00000004   Data   RW         1683    .data               shell.o
    0x200002a4   0x00000010   Data   RW         1699    .data               symbol.o
    0x200002b4   0x00000004   Data   RW         1715    .data               cmd.o
    0x200002b8   0x00000008   Data   RW         1736    .data               finsh_compiler.o
    0x200002c0   0x00000040   Data   RW         1774    .data               finsh_error.o
    0x20000300   0x00000008   Data   RW         1790    .data               finsh_heap.o
    0x20000308   0x00000004   Data   RW         1872    .data               finsh_var.o
    0x2000030c   0x0000000c   Data   RW         1895    .data               finsh_vm.o
    0x20000318   0x00000e68   Zero   RW            3    .bss                application.o
    0x20001180   0x00000010   Zero   RW          330    .bss                pwm.o
    0x20001190   0x00000c70   Zero   RW          353    .bss                ahrs.o
    0x20001e00   0x000000b0   Zero   RW          450    .bss                settings.o
    0x20001eb0   0x000000b8   Zero   RW          485    .bss                spi2.o
    0x20001f68   0x000001a4   Zero   RW          539    .bss                usart.o
    0x2000210c   0x00000010   Zero   RW          596    .bss                inv_mpu_dmp_motion_driver.o
    0x2000211c   0x00000004   PAD
    0x20002120   0x00000480   Zero   RW         1207    .bss                idle.o
    0x200025a0   0x00000080   Zero   RW         1259    .bss                kservice.o
    0x20002620   0x00000020   Zero   RW         1276    .bss                mem.o
    0x20002640   0x00000100   Zero   RW         1332    .bss                scheduler.o
    0x20002740   0x000000d4   Zero   RW         1443    .bss                dfs.o
    0x20002814   0x00000124   Zero   RW         1490    .bss                dfs_file.o
    0x20002938   0x00000024   Zero   RW         1604    .bss                i2c_core.o
    0x2000295c   0x00000074   Zero   RW         1660    .bss                spi_flash_w25qxx.o
    0x200029d0   0x00000880   Zero   RW         1681    .bss                shell.o
    0x20003250   0x00000080   Zero   RW         1789    .bss                finsh_heap.o
    0x200032d0   0x00000140   Zero   RW         1823    .bss                finsh_node.o
    0x20003410   0x000000c0   Zero   RW         1871    .bss                finsh_var.o
    0x200034d0   0x00000180   Zero   RW         1894    .bss                finsh_vm.o
    0x20003650   0x00000060   Zero   RW         2192    .bss                c_w.l(libspace.o)
    0x200036b0   0x00000200   Zero   RW         1172    HEAP                startup_stm32f4xx.o
    0x200038b0   0x00000400   Zero   RW         1171    STACK               startup_stm32f4xx.o


==============================================================================

Image component sizes


      Code (inc. data)   RO Data    RW Data    ZI Data      Debug   Object Name

      6312        272         71        128       3184       6939   ahrs.o
      6260        896         34         65       3688     313165   application.o
       176         16          0          0          0      19279   board.o
       100          6          0          4          0       1596   clock.o
      3012       1244       1085          4          0      10479   cmd.o
        64         12         12          0          0       1766   components.o
       272         24          0          0          0        848   context_rvds.o
       448        220         19         16          0       3795   cpuport.o
      1008        166        168          0          0       5089   device.o
      1020        160         39          0        212       9183   dfs.o
      2912        262        261          8          0      17530   dfs_elm.o
      2504        358        143          0        292       8831   dfs_file.o
      1604        292        116          0          0       5860   dfs_fs.o
      1376         48         37          0          0       7271   dfs_posix.o
       848        102        110          0          0       5527   dfs_romfs.o
      9480        142         44         10          0      24797   ff.o
      6168        154          0          8          0      10842   finsh_compiler.o
        44         10        243         64          0       1753   finsh_error.o
       528         18          0          8        128       3439   finsh_heap.o
        88          6          0          0          0       1700   finsh_init.o
       388          4          0          0        320       3444   finsh_node.o
      2780         36        196          0          0       8940   finsh_ops.o
      2428         32          0          0          0       9609   finsh_parser.o
      1624         16        126          0          0       6008   finsh_token.o
       412         18          0          4        192       7293   finsh_var.o
       228         34          0         12        384       6982   finsh_vm.o
       124          8          0          0          0        716   hardtimer.o
       632        214         23          0         36       3256   i2c_core.o
       668        174        114          0          0       2904   i2c_dev.o
       360        104         22          4       1152       2951   idle.o
      7952        204        157         44          0      21405   inv_mpu.o
      3472        142       3062          0         16      15111   inv_mpu_dmp_motion_driver.o
      6904        466        471          0          0      21427   ipc.o
        72          6          0          1          0       1458   irq.o
      2512        168        290          8        128      11056   kservice.o
       156          4          0          0          0       1083   led.o
      2484        592        358         32         32       6039   mem.o
      1092        116         62          8          0       5378   mempool.o
       492         74          0          0          0       2025   misc.o
       780         44          0         12          0       2448   motor.o
       864        180         94        164          0       5964   object.o
      1296        112          0          0          0       2677   pid.o
      2476        120          0         36         16       4389   pwm.o
       820        180         78         28        256       4917   scheduler.o
      1596        298        133          0          0       5417   serial.o
      6316       1712        436          0        176      10359   settings.o
      2580        306        100          4       2176       5419   shell.o
         0          0         31          6          0        885   sonar.o
       472         58          8          4        184       2521   spi2.o
      1900        144        163          0          0       6106   spi_core.o
       920        204        217          0          0       4431   spi_dev.o
      1572        474         39          0        116       7972   spi_flash_w25qxx.o
       204         98          0          0          0       1327   startup.o
        64         26        392          0       1536        900   startup_stm32f4xx.o
       940          6          0          0          0       4362   stm32_iic.o
      5068        352          0          0          0       8649   stm32f4xx_dma.o
      2326        132          0          0          0       5205   stm32f4xx_gpio.o
        64          8          0          0          0       1395   stm32f4xx_it.o
      3452        262          0         16          0      12895   stm32f4xx_rcc.o
      3016        118          0          0          0       8121   stm32f4xx_spi.o
     12948        670          0          0          0      29236   stm32f4xx_tim.o
      3764        164          0          0          0       9572   stm32f4xx_usart.o
         0          0          0         16          0       4181   symbol.o
       528         46          0         20          0       1959   system_stm32f4xx.o
      1716        246        170          0          0       7906   thread.o
      1296        138         92         16          0       7007   timer.o
       412         50          0         28        420       2710   usart.o

    ----------------------------------------------------------------------
    136396      12968       9266        792      14648     765704   Object Totals
         0          0         32          0          0          0   (incl. Generated)
         2          0         18         14          4          0   (incl. Padding)

    ----------------------------------------------------------------------

      Code (inc. data)   RO Data    RW Data    ZI Data      Debug   Library Member Name

        90          0          0          0          0          0   __dczerorl2.o
         8          0          0          0          0         68   __main.o
        52          8          0          0          0          0   __scatter.o
        28          0          0          0          0          0   __scatter_zi.o
        28          0          0          0          0         68   _chval.o
         0          0         12          0          0          0   _monlen.o
        22          0          0          0          0        100   _rserrno.o
       158          0          0          0          0         92   _strtoul.o
        16          0          0          0          0         68   aeabi_memset.o
        26          0          0          0          0         80   atoi.o
        12          0          0          0          0         72   exit.o
         6          0          0          0          0        152   heapauxi.o
         0          0          0          0          0          0   indicate_semi.o
        44         10        272          0          0         76   lc_ctype_c.o
         2          0          0          0          0          0   libinit.o
        24          0          0          0          0          0   libinit2.o
         2          0          0          0          0          0   libshutdown.o
         2          0          0          0          0          0   libshutdown2.o
         8          4          0          0         96         68   libspace.o
        72          0          0          0          0         76   llsdiv.o
       238          0          0          0          0        100   lludivv7m.o
        88          0          0          0          0         76   memcmp.o
       420         10          0          0          0        128   mktime.o
        16          4          0          0          0         76   rt_ctype_table.o
         8          4          0          0          0         68   rt_errno_addr_intlibspace.o
         8          4          0          0          0         68   rt_locale_intlibspace.o
        68          0          0          0          0         68   rt_memclr.o
        78          0          0          0          0         80   rt_memclr_w.o
       138          0          0          0          0         68   rt_memcpy_v6.o
       100          0          0          0          0         80   rt_memcpy_w.o
         0          0          0          0          0          0   rtentry.o
        12          0          0          0          0          0   rtentry2.o
         6          0          0          0          0          0   rtentry4.o
         2          0          0          0          0          0   rtexit.o
        10          0          0          0          0          0   rtexit2.o
       128          0          0          0          0         68   strcmpv7m.o
        62          0          0          0          0         76   strlen.o
       150          0          0          0          0         80   strncmp.o
        86          0          0          0          0         76   strncpy.o
        22          0          0          0          0         68   strrchr.o
       112          0          0          0          0         88   strtol.o
        12          4          0          0          0         68   sys_exit.o
        74          0          0          0          0         80   sys_stackheap_outer.o
         2          0          0          0          0         68   use_no_semi.o
        24          0          0          0          0        164   basic.o
        98          4          0          0          0        140   d2f.o
       826         16          0          0          0        492   daddsub_clz.o
        24          0          0          0          0        116   dcmpi.o
       688        140          0          0          0        256   ddiv.o
        94          4          0          0          0        140   dfix.o
        90          4          0          0          0        140   dfixu.o
        84          0          0          0          0        232   dflt_clz.o
       120          4          0          0          0        140   dleqf.o
       340         12          0          0          0        152   dmul.o
       156          4          0          0          0        140   dnaninf.o
        12          0          0          0          0        116   dretinf.o
       108          0          0          0          0        128   drleqf.o
       408         56          0          0          0        168   dsqrt_umaal.o
        86          4          0          0          0        132   f2d.o
       140          4          0          0          0        132   fnaninf.o
        10          0          0          0          0        116   fpinit.o
        10          0          0          0          0        116   fretinf.o
         0          0          0          0          0          0   usenofp.o
       880        110         80          0          0        200   asin.o
       292         42          0          0          0        180   asinf.o
       752        104        152          0          0        344   atan.o
       496         70          0          0          0        156   atan2.o
       588         90          0          0          0        176   atan2f.o
       216         16          0          0          0        152   cos.o
       368         46         48          0          0        200   cos_i.o
        32          8          0          0          0        124   dunder.o
        24          0          0          0          0        124   fabs.o
        48          0          0          0          0        124   fpclassify.o
        38          0          0          0          0        116   fpclassifyf.o
        16          6          0          0          0        116   funder.o
       248          0          0          0          0        152   poly.o
         0          0          8          0          0          0   qnan.o
      1080        142        200          0          0        188   rred.o
       216         16          0          0          0        152   sin.o
       304         24         40          0          0        208   sin_i.o
       232          0          0          0          0        296   sqrt.o
        62          0          0          0          0        136   sqrtf.o

    ----------------------------------------------------------------------
     11682        982        816          0         96       8568   Library Totals
        32          8          4          0          0          0   (incl. Padding)

    ----------------------------------------------------------------------

      Code (inc. data)   RO Data    RW Data    ZI Data      Debug   Library Name

      2440         48        284          0         96       2404   c_w.l
      3318        252          0          0          0       3020   fz_wm.l
      5892        674        528          0          0       3144   m_wm.l

    ----------------------------------------------------------------------
     11682        982        816          0         96       8568   Library Totals

    ----------------------------------------------------------------------

==============================================================================


      Code (inc. data)   RO Data    RW Data    ZI Data      Debug   

    148078      13950      10082        792      14744     757620   Grand Totals
    148078      13950      10082        216      14744     757620   ELF Image Totals (compressed)
    148078      13950      10082        216          0          0   ROM Totals

==============================================================================

    Total RO  Size (Code + RO Data)               158160 ( 154.45kB)
    Total RW  Size (RW Data + ZI Data)             15536 (  15.17kB)
    Total ROM Size (Code + RO Data + RW Data)     158376 ( 154.66kB)

==============================================================================

