Product: MDK-ARM Professional 5.10
Component: ARM Compiler 5.04 update 1 (build 49)
Tool: armlink [5040049]

==============================================================================

Section Cross References

    application.o(.text) refers to led.o(.text) for LED_set1
    application.o(.text) refers to thread.o(.text) for rt_thread_delay
    application.o(.text) refers to inv_mpu.o(.text) for mpu_run_self_test
    application.o(.text) refers to inv_mpu_dmp_motion_driver.o(.text) for dmp_set_gyro_bias
    application.o(.text) refers to hardtimer.o(.text) for Timer4_init
    application.o(.text) refers to kservice.o(.text) for rt_kprintf
    application.o(.text) refers to dflt_clz.o(x$fpl$dflt) for __aeabi_i2d
    application.o(.text) refers to ddiv.o(x$fpl$ddiv) for __aeabi_ddiv
    application.o(.text) refers to d2f.o(x$fpl$d2f) for __aeabi_d2f
    application.o(.text) refers to ahrs.o(.text) for MoveAve_WMA
    application.o(.text) refers to dmul.o(x$fpl$dmul) for __aeabi_dmul
    application.o(.text) refers to application.o(.data) for led_period
    application.o(.text) refers to application.o(.bss) for quat
    application.o(.text) refers to ahrs.o(.bss) for MPU6050_GYR_FIFO
    application.o(.text) refers to ahrs.o(.data) for mpu_gryo_pitch
    application.o(.text) refers to f2d.o(x$fpl$f2d) for __aeabi_f2d
    application.o(.text) refers to asin.o(i.__hardfp_asin) for __hardfp_asin
    application.o(.text) refers to basic.o(x$fpl$basic) for __aeabi_dneg
    application.o(.text) refers to daddsub_clz.o(x$fpl$dadd) for __aeabi_dadd
    application.o(.text) refers to atan2.o(i.__hardfp_atan2) for __hardfp_atan2
    application.o(.text) refers to dfixu.o(x$fpl$dfixu) for __aeabi_d2uiz
    application.o(.text) refers to dfix.o(x$fpl$dfix) for __aeabi_d2iz
    application.o(.text) refers to ipc.o(.text) for rt_event_send
    application.o(.text) refers to mem.o(.text) for rt_calloc
    application.o(.text) refers to daddsub_clz.o(x$fpl$drsb) for __aeabi_drsub
    application.o(.text) refers to settings.o(.bss) for settings
    application.o(.text) refers to drleqf.o(x$fpl$drleqf) for __aeabi_cdrcmple
    application.o(.text) refers to pid.o(.text) for PID_SetTarget
    application.o(.text) refers to dleqf.o(x$fpl$dleqf) for __aeabi_cdcmple
    application.o(.text) refers to pwm.o(.data) for PWM3_Time
    application.o(.text) refers to motor.o(.text) for Motor_Set
    application.o(.text) refers to hmc5883.o(.text) for HMC5883_DataDeal
    application.o(.text) refers to dflt_clz.o(x$fpl$dfltu) for __aeabi_ui2d
    application.o(.text) refers to daddsub_clz.o(x$fpl$dsub) for __aeabi_dsub
    application.o(.text) refers to sonar.o(.data) for sonar_state
    application.o(.text) refers to sonar.o(.bss) for sonar_sem
    application.o(.text) refers to settings.o(.text) for save_settings
    application.o(.text) refers to stm32f4xx_rcc.o(.text) for RCC_AHB1PeriphClockCmd
    application.o(.text) refers to stm32f4xx_gpio.o(.text) for GPIO_Init
    application.o(.text) refers to components.o(.text) for rt_components_init
    application.o(.text) refers to stm32_iic.o(.text) for i2cInit
    application.o(.text) refers to spi2.o(.text) for rt_hw_spi2_init
    application.o(.text) refers to dfs_fs.o(.text) for dfs_mount
    application.o(.text) refers to sonar.o(.text) for sonar_init
    application.o(VSymTab) refers to application.o(.constdata) for __vsym_pwmcon_name
    application.o(VSymTab) refers to application.o(.data) for pwmcon
    startup.o(.text) refers to kservice.o(.text) for rt_kprintf
    startup.o(.text) refers to board.o(.text) for rt_hw_board_init
    startup.o(.text) refers to clock.o(.text) for rt_system_tick_init
    startup.o(.text) refers to object.o(.text) for rt_system_object_init
    startup.o(.text) refers to timer.o(.text) for rt_system_timer_init
    startup.o(.text) refers to mem.o(.text) for rt_system_heap_init
    startup.o(.text) refers to scheduler.o(.text) for rt_system_scheduler_init
    startup.o(.text) refers to application.o(.text) for rt_application_init
    startup.o(.text) refers to shell.o(.text) for finsh_system_init
    startup.o(.text) refers to idle.o(.text) for rt_thread_idle_init
    startup.o(.text) refers to context_rvds.o(.text) for rt_hw_interrupt_disable
    motor.o(.text) refers to dflt_clz.o(x$fpl$dfltu) for __aeabi_ui2d
    motor.o(.text) refers to pid.o(.text) for RangeValue
    motor.o(.text) refers to dfixu.o(x$fpl$dfixu) for __aeabi_d2uiz
    motor.o(.text) refers to stm32f4xx_tim.o(.text) for TIM_SetCompare4
    motor.o(.text) refers to pwm.o(.text) for PWMOUT1_Init
    motor.o(.text) refers to dflt_clz.o(x$fpl$dflt) for __aeabi_i2d
    motor.o(.text) refers to motor.o(.data) for Motor6
    pid.o(.text) refers to drleqf.o(x$fpl$drleqf) for __aeabi_cdrcmple
    pid.o(.text) refers to dleqf.o(x$fpl$dleqf) for __aeabi_cdcmple
    pid.o(.text) refers to daddsub_clz.o(x$fpl$dsub) for __aeabi_dsub
[...]
    ff_cre_syncobj                           0x08019361   Thumb Code    40  dfs_elm.o(.text)
    ff_del_syncobj                           0x08019389   Thumb Code    16  dfs_elm.o(.text)
    ff_req_grant                             0x08019399   Thumb Code    24  dfs_elm.o(.text)
    ff_rel_grant                             0x080193b1   Thumb Code    12  dfs_elm.o(.text)
    clust2sect                               0x08019575   Thumb Code    26  ff.o(.text)
    get_fat                                  0x0801958f   Thumb Code   280  ff.o(.text)
    put_fat                                  0x080196a7   Thumb Code   336  ff.o(.text)
    f_mount                                  0x0801a265   Thumb Code    70  ff.o(.text)
    f_open                                   0x0801a2ab   Thumb Code   296  ff.o(.text)
    f_read                                   0x0801a3d3   Thumb Code   624  ff.o(.text)
    f_write                                  0x0801a643   Thumb Code   670  ff.o(.text)
    f_sync                                   0x0801a8e1   Thumb Code   158  ff.o(.text)
    f_close                                  0x0801a97f   Thumb Code    22  ff.o(.text)
    f_lseek                                  0x0801a995   Thumb Code   912  ff.o(.text)
    f_opendir                                0x0801ad25   Thumb Code   106  ff.o(.text)
    f_readdir                                0x0801ad8f   Thumb Code    96  ff.o(.text)
    f_seekdir                                0x0801adef   Thumb Code    60  ff.o(.text)
    f_stat                                   0x0801ae2b   Thumb Code    66  ff.o(.text)
    f_getfree                                0x0801ae6d   Thumb Code   262  ff.o(.text)
    f_truncate                               0x0801af73   Thumb Code   164  ff.o(.text)
    f_unlink                                 0x0801b017   Thumb Code   174  ff.o(.text)
    f_mkdir                                  0x0801b0c5   Thumb Code   334  ff.o(.text)
    f_chmod                                  0x0801b213   Thumb Code    92  ff.o(.text)
    f_utime                                  0x0801b26f   Thumb Code    82  ff.o(.text)
    f_rename                                 0x0801b2c1   Thumb Code   274  ff.o(.text)
    f_mkfs                                   0x0801b3d3   Thumb Code  1238  ff.o(.text)
    elm_get_vol                              0x0801b8a9   Thumb Code    32  ff.o(.text)
    dfs_romfs_mount                          0x0801b8d5   Thumb Code    22  dfs_romfs.o(.text)
    dfs_romfs_unmount                        0x0801b8eb   Thumb Code     6  dfs_romfs.o(.text)
    dfs_romfs_ioctl                          0x0801b8f1   Thumb Code     8  dfs_romfs.o(.text)
    dfs_romfs_lookup                         0x0801b8f9   Thumb Code   216  dfs_romfs.o(.text)
    dfs_romfs_read                           0x0801b9d1   Thumb Code    98  dfs_romfs.o(.text)
    dfs_romfs_lseek                          0x0801ba33   Thumb Code    20  dfs_romfs.o(.text)
    dfs_romfs_close                          0x0801ba47   Thumb Code     8  dfs_romfs.o(.text)
    dfs_romfs_open                           0x0801ba4f   Thumb Code    92  dfs_romfs.o(.text)
    dfs_romfs_stat                           0x0801baab   Thumb Code    88  dfs_romfs.o(.text)
    dfs_romfs_getdents                       0x0801bb03   Thumb Code   176  dfs_romfs.o(.text)
    dfs_romfs_init                           0x0801bbb3   Thumb Code    12  dfs_romfs.o(.text)
    rt_i2c_bus_device_register               0x0801bc25   Thumb Code    66  i2c_core.o(.text)
    rt_i2c_bus_device_find                   0x0801bc67   Thumb Code    38  i2c_core.o(.text)
    rt_i2c_transfer                          0x0801bc8d   Thumb Code   126  i2c_core.o(.text)
    rt_i2c_master_send                       0x0801bd0b   Thumb Code    66  i2c_core.o(.text)
    rt_i2c_master_recv                       0x0801bd4d   Thumb Code   108  i2c_core.o(.text)
    rt_i2c_core_init                         0x0801bdb9   Thumb Code    14  i2c_core.o(.text)
    rt_i2c_bus_device_device_init            0x0801c03b   Thumb Code    80  i2c_dev.o(.text)
    rt_spi_bus_register                      0x0801c139   Thumb Code    50  spi_core.o(.text)
    rt_spi_bus_attach_device                 0x0801c16b   Thumb Code    74  spi_core.o(.text)
    rt_spi_configure                         0x0801c1b5   Thumb Code   114  spi_core.o(.text)
    rt_spi_send_then_send                    0x0801c227   Thumb Code   276  spi_core.o(.text)
    rt_spi_send_then_recv                    0x0801c33b   Thumb Code   276  spi_core.o(.text)
    rt_spi_transfer                          0x0801c44f   Thumb Code   234  spi_core.o(.text)
    rt_spi_transfer_message                  0x0801c539   Thumb Code   278  spi_core.o(.text)
    rt_spi_take_bus                          0x0801c64f   Thumb Code   178  spi_core.o(.text)
    rt_spi_release_bus                       0x0801c701   Thumb Code   132  spi_core.o(.text)
    rt_spi_take                              0x0801c785   Thumb Code   120  spi_core.o(.text)
    rt_spi_release                           0x0801c7fd   Thumb Code   120  spi_core.o(.text)
    rt_spi_bus_device_init                   0x0801c9bf   Thumb Code    76  spi_dev.o(.text)
    rt_spidev_device_init                    0x0801cb25   Thumb Code    76  spi_dev.o(.text)
    w25qxx_page_write                        0x0801ccd5   Thumb Code   204  spi_flash_w25qxx.o(.text)
    w25qxx_init                              0x0801cebb   Thumb Code   882  spi_flash_w25qxx.o(.text)
    finsh_set_device                         0x0801d295   Thumb Code   136  shell.o(.text)
    finsh_get_device                         0x0801d31d   Thumb Code    46  shell.o(.text)
    finsh_set_echo                           0x0801d34b   Thumb Code    48  shell.o(.text)
    finsh_get_echo                           0x0801d37b   Thumb Code    50  shell.o(.text)
    finsh_run_line                           0x0801d3c9   Thumb Code   150  shell.o(.text)
    finsh_thread_entry                       0x0801d51b   Thumb Code  1656  shell.o(.text)
    finsh_system_function_init               0x0801db93   Thumb Code    10  shell.o(.text)
    finsh_system_var_init                    0x0801db9d   Thumb Code    10  shell.o(.text)
    finsh_system_init                        0x0801dba7   Thumb Code   122  shell.o(.text)
    hello                                    0x0801dc89   Thumb Code    12  cmd.o(.text)
    version                                  0x0801dc95   Thumb Code    10  cmd.o(.text)
    list_thread                              0x0801dd4b   Thumb Code    10  cmd.o(.text)
    list_sem                                 0x0801dde9   Thumb Code    12  cmd.o(.text)
    list_event                               0x0801de55   Thumb Code    12  cmd.o(.text)
    list_mutex                               0x0801dea3   Thumb Code    12  cmd.o(.text)
    list_mailbox                             0x0801df27   Thumb Code    12  cmd.o(.text)
    list_msgqueue                            0x0801df9f   Thumb Code    12  cmd.o(.text)
    list_mempool                             0x0801e011   Thumb Code    12  cmd.o(.text)
    list_timer                               0x0801e455   Thumb Code    10  cmd.o(.text)
    list_device                              0x0801e4b1   Thumb Code    12  cmd.o(.text)
    list                                     0x0801e4bd   Thumb Code   126  cmd.o(.text)
    list_prefix                              0x0801e57d   Thumb Code   434  cmd.o(.text)
    finsh_compiler_run                       0x0801ffe7   Thumb Code    88  finsh_compiler.o(.text)
    finsh_error_init                         0x08020051   Thumb Code     8  finsh_error.o(.text)
    finsh_error_set                          0x08020059   Thumb Code    10  finsh_error.o(.text)
    finsh_errno                              0x08020063   Thumb Code     6  finsh_error.o(.text)
    finsh_error_string                       0x08020069   Thumb Code    10  finsh_error.o(.text)
    finsh_heap_init                          0x0802007d   Thumb Code    36  finsh_heap.o(.text)
    finsh_heap_free                          0x080201a1   Thumb Code    34  finsh_heap.o(.text)
    finsh_heap_allocate                      0x08020211   Thumb Code   106  finsh_heap.o(.text)
    finsh_init                               0x0802028d   Thumb Code    30  finsh_init.o(.text)
    finsh_stack_bottom                       0x080202ab   Thumb Code     6  finsh_init.o(.text)
    finsh_flush                              0x080202b1   Thumb Code    22  finsh_init.o(.text)
    finsh_reset                              0x080202c7   Thumb Code    24  finsh_init.o(.text)
    finsh_node_init                          0x080202e5   Thumb Code    16  finsh_node.o(.text)
    finsh_node_allocate                      0x080202f5   Thumb Code    56  finsh_node.o(.text)
    finsh_node_new_id                        0x0802032d   Thumb Code   118  finsh_node.o(.text)
    finsh_node_new_char                      0x080203a3   Thumb Code    30  finsh_node.o(.text)
    finsh_node_new_int                       0x080203c1   Thumb Code    30  finsh_node.o(.text)
    finsh_node_new_long                      0x080203df   Thumb Code    30  finsh_node.o(.text)
    finsh_node_new_string                    0x080203fd   Thumb Code    74  finsh_node.o(.text)
    finsh_node_new_ptr                       0x08020447   Thumb Code    30  finsh_node.o(.text)
    OP_no_op                                 0x08020469   Thumb Code     2  finsh_ops.o(.text)
    OP_add_byte                              0x0802046b   Thumb Code    42  finsh_ops.o(.text)
    OP_add_word                              0x08020495   Thumb Code    44  finsh_ops.o(.text)
    OP_add_dword                             0x080204c1   Thumb Code    42  finsh_ops.o(.text)
    OP_sub_byte                              0x080204eb   Thumb Code    42  finsh_ops.o(.text)
    OP_sub_word                              0x08020515   Thumb Code    44  finsh_ops.o(.text)
    OP_sub_dword                             0x08020541   Thumb Code    42  finsh_ops.o(.text)
    OP_div_byte                              0x0802056b   Thumb Code    44  finsh_ops.o(.text)
    OP_div_word                              0x08020597   Thumb Code    46  finsh_ops.o(.text)
    OP_div_dword                             0x080205c5   Thumb Code    44  finsh_ops.o(.text)
    OP_mod_byte                              0x080205f1   Thumb Code    48  finsh_ops.o(.text)
    OP_mod_word                              0x08020621   Thumb Code    48  finsh_ops.o(.text)
    OP_mod_dword                             0x08020651   Thumb Code    48  finsh_ops.o(.text)
    OP_mul_byte                              0x08020681   Thumb Code    44  finsh_ops.o(.text)
    OP_mul_word                              0x080206ad   Thumb Code    46  finsh_ops.o(.text)
    OP_mul_dword                             0x080206db   Thumb Code    42  finsh_ops.o(.text)
    OP_and_byte                              0x08020705   Thumb Code    42  finsh_ops.o(.text)
    OP_and_word                              0x0802072f   Thumb Code    42  finsh_ops.o(.text)
    OP_and_dword                             0x08020759   Thumb Code    42  finsh_ops.o(.text)
    OP_or_byte                               0x08020783   Thumb Code    42  finsh_ops.o(.text)
    OP_or_word                               0x080207ad   Thumb Code    42  finsh_ops.o(.text)
    OP_or_dword                              0x080207d7   Thumb Code    42  finsh_ops.o(.text)
    OP_xor_byte                              0x08020801   Thumb Code    42  finsh_ops.o(.text)
    OP_xor_word                              0x0802082b   Thumb Code    46  finsh_ops.o(.text)
    OP_xor_dword                             0x08020859   Thumb Code    42  finsh_ops.o(.text)
    OP_bw_byte                               0x08020883   Thumb Code    20  finsh_ops.o(.text)
    OP_bw_word                               0x08020897   Thumb Code    20  finsh_ops.o(.text)
    OP_bw_dword                              0x080208ab   Thumb Code    20  finsh_ops.o(.text)
    OP_shl_byte                              0x080208bf   Thumb Code    42  finsh_ops.o(.text)
    OP_shl_word                              0x080208e9   Thumb Code    44  finsh_ops.o(.text)
    OP_shl_dword                             0x08020915   Thumb Code    42  finsh_ops.o(.text)
    OP_shr_byte                              0x0802093f   Thumb Code    42  finsh_ops.o(.text)
    OP_shr_word                              0x08020969   Thumb Code    42  finsh_ops.o(.text)
    OP_shr_dword                             0x08020993   Thumb Code    42  finsh_ops.o(.text)
    OP_ld_byte                               0x080209bd   Thumb Code    34  finsh_ops.o(.text)
    OP_ld_word                               0x080209df   Thumb Code    46  finsh_ops.o(.text)
    OP_ld_dword                              0x08020a0d   Thumb Code    64  finsh_ops.o(.text)
    OP_ld_value_byte                         0x08020a4d   Thumb Code    66  finsh_ops.o(.text)
    OP_ld_value_byte_stack                   0x08020a8f   Thumb Code    20  finsh_ops.o(.text)
    OP_ld_value_word                         0x08020aa3   Thumb Code    66  finsh_ops.o(.text)
    OP_ld_value_word_stack                   0x08020ae5   Thumb Code    20  finsh_ops.o(.text)
    OP_ld_value_dword                        0x08020af9   Thumb Code    66  finsh_ops.o(.text)
    OP_ld_value_dword_stack                  0x08020b3b   Thumb Code    20  finsh_ops.o(.text)
    OP_st_byte                               0x08020b4f   Thumb Code    30  finsh_ops.o(.text)
    OP_st_word                               0x08020b6d   Thumb Code    30  finsh_ops.o(.text)
    OP_st_dword                              0x08020b8b   Thumb Code    30  finsh_ops.o(.text)
    OP_pop                                   0x08020ba9   Thumb Code    12  finsh_ops.o(.text)
    OP_call                                  0x08020bb5   Thumb Code   906  finsh_ops.o(.text)
    finsh_parser_run                         0x080217d5   Thumb Code   220  finsh_parser.o(.text)
    finsh_parser_init                        0x080218b1   Thumb Code    16  finsh_parser.o(.text)
    finsh_var_init                           0x080218c1   Thumb Code    14  finsh_var.o(.text)
    finsh_var_insert                         0x080218cf   Thumb Code   114  finsh_var.o(.text)
    finsh_var_delete                         0x08021941   Thumb Code    68  finsh_var.o(.text)
    finsh_var_lookup                         0x08021985   Thumb Code    58  finsh_var.o(.text)
    finsh_sysvar_append                      0x080219bf   Thumb Code    62  finsh_var.o(.text)
    finsh_sysvar_lookup                      0x080219fd   Thumb Code    78  finsh_var.o(.text)
    finsh_vm_run                             0x08021a5d   Thumb Code    62  finsh_vm.o(.text)
    finsh_syscall_append                     0x08021a9b   Thumb Code    54  finsh_vm.o(.text)
    finsh_syscall_lookup                     0x08021ad1   Thumb Code    78  finsh_vm.o(.text)
    finsh_token_init                         0x08021b41   Thumb Code    20  finsh_token.o(.text)
    token_get_string                         0x08021f31   Thumb Code   120  finsh_token.o(.text)
    finsh_token_token                        0x08022169   Thumb Code    24  finsh_token.o(.text)
    finsh_token_get_token                    0x08022181   Thumb Code    20  finsh_token.o(.text)
    rt_components_board_init                 0x080221a5   Thumb Code    20  components.o(.text)
    rt_components_init                       0x080221b9   Thumb Code    20  components.o(.text)
    __aeabi_ldivmod                          0x080221d9   Thumb Code     0  llsdiv.o(.text)
    _ll_sdiv                                 0x080221d9   Thumb Code    72  llsdiv.o(.text)
    atoi                                     0x08022221   Thumb Code    26  atoi.o(.text)
    memcmp                                   0x0802223b   Thumb Code    88  memcmp.o(.text)
    strrchr                                  0x08022293   Thumb Code    22  strrchr.o(.text)
    strlen                                   0x080222a9   Thumb Code    62  strlen.o(.text)
    strncmp                                  0x080222e7   Thumb Code   150  strncmp.o(.text)
    __aeabi_memcpy                           0x0802237d   Thumb Code     0  rt_memcpy_v6.o(.text)
    __rt_memcpy                              0x0802237d   Thumb Code   138  rt_memcpy_v6.o(.text)
    _memcpy_lastbytes                        0x080223e3   Thumb Code     0  rt_memcpy_v6.o(.text)
    __aeabi_memcpy4                          0x08022407   Thumb Code     0  rt_memcpy_w.o(.text)
    __aeabi_memcpy8                          0x08022407   Thumb Code     0  rt_memcpy_w.o(.text)
    __rt_memcpy_w                            0x08022407   Thumb Code   100  rt_memcpy_w.o(.text)
    _memcpy_lastbytes_aligned                0x0802244f   Thumb Code     0  rt_memcpy_w.o(.text)
    __aeabi_memset                           0x0802246b   Thumb Code    16  aeabi_memset.o(.text)
    __aeabi_memclr                           0x0802247b   Thumb Code     0  rt_memclr.o(.text)
    __rt_memclr                              0x0802247b   Thumb Code    68  rt_memclr.o(.text)
    _memset                                  0x0802247f   Thumb Code     0  rt_memclr.o(.text)
    __aeabi_memclr4                          0x080224bf   Thumb Code     0  rt_memclr_w.o(.text)
    __aeabi_memclr8                          0x080224bf   Thumb Code     0  rt_memclr_w.o(.text)
    __rt_memclr_w                            0x080224bf   Thumb Code    78  rt_memclr_w.o(.text)
    _memset_w                                0x080224c3   Thumb Code     0  rt_memclr_w.o(.text)
    strncpy                                  0x0802250d   Thumb Code    86  strncpy.o(.text)
    strcmp                                   0x08022565   Thumb Code   128  strcmpv7m.o(.text)
    mktime                                   0x0802261b   Thumb Code   356  mktime.o(.text)
    __use_two_region_memory                  0x08022789   Thumb Code     2  heapauxi.o(.text)
    __rt_heap_escrow$2region                 0x0802278b   Thumb Code     2  heapauxi.o(.text)
    __rt_heap_expand$2region                 0x0802278d   Thumb Code     2  heapauxi.o(.text)
    __aeabi_errno_addr                       0x08022791   Thumb Code     8  rt_errno_addr_intlibspace.o(.text)
    __errno$intlibspace                      0x08022791   Thumb Code     0  rt_errno_addr_intlibspace.o(.text)
    __rt_errno_addr$intlibspace              0x08022791   Thumb Code     0  rt_errno_addr_intlibspace.o(.text)
    __aeabi_uldivmod                         0x08022799   Thumb Code     0  lludivv7m.o(.text)
    _ll_udiv                                 0x08022799   Thumb Code   238  lludivv7m.o(.text)
    __read_errno                             0x08022887   Thumb Code    10  _rserrno.o(.text)
    __set_errno                              0x08022891   Thumb Code    12  _rserrno.o(.text)
    strtol                                   0x0802289d   Thumb Code   112  strtol.o(.text)
    __user_libspace                          0x0802290d   Thumb Code     8  libspace.o(.text)
    __user_perproc_libspace                  0x0802290d   Thumb Code     0  libspace.o(.text)
    __user_perthread_libspace                0x0802290d   Thumb Code     0  libspace.o(.text)
    __rt_ctype_table                         0x08022915   Thumb Code    16  rt_ctype_table.o(.text)
    _strtoul                                 0x08022925   Thumb Code   158  _strtoul.o(.text)
    __user_setup_stackheap                   0x080229c3   Thumb Code    74  sys_stackheap_outer.o(.text)
    __rt_locale                              0x08022a0d   Thumb Code     8  rt_locale_intlibspace.o(.text)
    _chval                                   0x08022a15   Thumb Code    28  _chval.o(.text)
    exit                                     0x08022a31   Thumb Code    12  exit.o(.text)
    _sys_exit                                0x08022a3d   Thumb Code     8  sys_exit.o(.text)
    __I$use$semihosting                      0x08022a49   Thumb Code     0  use_no_semi.o(.text)
    __use_no_semihosting_swi                 0x08022a49   Thumb Code     2  use_no_semi.o(.text)
    __ARM_fpclassify                         0x08022a4b   Thumb Code    48  fpclassify.o(i.__ARM_fpclassify)
    __semihosting_library_function           0x08022a4b   Thumb Code     0  indicate_semi.o(.text)
    __ARM_fpclassifyf                        0x08022a7b   Thumb Code    38  fpclassifyf.o(i.__ARM_fpclassifyf)
    __hardfp_asin                            0x08022aa1   Thumb Code   770  asin.o(i.__hardfp_asin)
    __hardfp_asinf                           0x08022e11   Thumb Code   250  asinf.o(i.__hardfp_asinf)
    __hardfp_atan                            0x08022f39   Thumb Code   632  atan.o(i.__hardfp_atan)
    __hardfp_atan2                           0x08023219   Thumb Code   426  atan2.o(i.__hardfp_atan2)
    __hardfp_atan2f                          0x08023409   Thumb Code   498  atan2f.o(i.__hardfp_atan2f)
    __hardfp_cos                             0x08023659   Thumb Code   200  cos.o(i.__hardfp_cos)
    __hardfp_sin                             0x08023731   Thumb Code   200  sin.o(i.__hardfp_sin)
    __hardfp_sqrt                            0x08023809   Thumb Code   122  sqrt.o(i.__hardfp_sqrt)
    __ieee754_rem_pio2                       0x08023889   Thumb Code   938  rred.o(i.__ieee754_rem_pio2)
    __kernel_cos                             0x08023cc1   Thumb Code   322  cos_i.o(i.__kernel_cos)
    __kernel_poly                            0x08023e31   Thumb Code   248  poly.o(i.__kernel_poly)
    __kernel_sin                             0x08023f29   Thumb Code   280  sin_i.o(i.__kernel_sin)
    __mathlib_dbl_underflow                  0x08024059   Thumb Code    24  dunder.o(i.__mathlib_dbl_underflow)
    __mathlib_flt_underflow                  0x08024079   Thumb Code    10  funder.o(i.__mathlib_flt_underflow)
    atan                                     0x08024089   Thumb Code    16  atan.o(i.atan)
    fabs                                     0x08024099   Thumb Code    24  fabs.o(i.fabs)
    sqrt                                     0x080240b1   Thumb Code   110  sqrt.o(i.sqrt)
    sqrtf                                    0x0802411f   Thumb Code    62  sqrtf.o(i.sqrtf)
    _get_lc_ctype                            0x0802415d   Thumb Code    44  lc_ctype_c.o(locale$$code)
    __aeabi_dneg                             0x08024189   Thumb Code     0  basic.o(x$fpl$basic)
    _dneg                                    0x08024189   Thumb Code     6  basic.o(x$fpl$basic)
    __aeabi_fneg                             0x0802418f   Thumb Code     0  basic.o(x$fpl$basic)
    _fneg                                    0x0802418f   Thumb Code     6  basic.o(x$fpl$basic)
    _dabs                                    0x08024195   Thumb Code     6  basic.o(x$fpl$basic)
    _fabs                                    0x0802419b   Thumb Code     6  basic.o(x$fpl$basic)
    __aeabi_d2f                              0x080241a1   Thumb Code     0  d2f.o(x$fpl$d2f)
    _d2f                                     0x080241a1   Thumb Code    98  d2f.o(x$fpl$d2f)
    __aeabi_dadd                             0x08024205   Thumb Code     0  daddsub_clz.o(x$fpl$dadd)
    _dadd                                    0x08024205   Thumb Code   332  daddsub_clz.o(x$fpl$dadd)
    __fpl_dcmp_Inf                           0x08024355   Thumb Code    24  dcmpi.o(x$fpl$dcmpinf)
    __aeabi_ddiv                             0x0802436d   Thumb Code     0  ddiv.o(x$fpl$ddiv)
    _ddiv                                    0x0802436d   Thumb Code   552  ddiv.o(x$fpl$ddiv)
    __aeabi_d2iz                             0x0802461d   Thumb Code     0  dfix.o(x$fpl$dfix)
    _dfix                                    0x0802461d   Thumb Code    94  dfix.o(x$fpl$dfix)
    __aeabi_d2uiz                            0x0802467d   Thumb Code     0  dfixu.o(x$fpl$dfixu)
    _dfixu                                   0x0802467d   Thumb Code    90  dfixu.o(x$fpl$dfixu)
    __aeabi_i2d                              0x080246d7   Thumb Code     0  dflt_clz.o(x$fpl$dflt)
    _dflt                                    0x080246d7   Thumb Code    46  dflt_clz.o(x$fpl$dflt)
    __aeabi_ui2d                             0x08024705   Thumb Code     0  dflt_clz.o(x$fpl$dfltu)
    _dfltu                                   0x08024705   Thumb Code    38  dflt_clz.o(x$fpl$dfltu)
    __aeabi_cdcmple                          0x0802472d   Thumb Code     0  dleqf.o(x$fpl$dleqf)
    _dcmple                                  0x0802472d   Thumb Code   120  dleqf.o(x$fpl$dleqf)
    __fpl_dcmple_InfNaN                      0x0802478f   Thumb Code     0  dleqf.o(x$fpl$dleqf)
    __aeabi_dmul                             0x080247a5   Thumb Code     0  dmul.o(x$fpl$dmul)
    _dmul                                    0x080247a5   Thumb Code   332  dmul.o(x$fpl$dmul)
    __fpl_dnaninf                            0x080248f9   Thumb Code   156  dnaninf.o(x$fpl$dnaninf)
    __fpl_dretinf                            0x08024995   Thumb Code    12  dretinf.o(x$fpl$dretinf)
    __aeabi_cdrcmple                         0x080249a1   Thumb Code     0  drleqf.o(x$fpl$drleqf)
    _drcmple                                 0x080249a1   Thumb Code   108  drleqf.o(x$fpl$drleqf)
    __aeabi_drsub                            0x08024a0d   Thumb Code     0  daddsub_clz.o(x$fpl$drsb)
    _drsb                                    0x08024a0d   Thumb Code    22  daddsub_clz.o(x$fpl$drsb)
    _dsqrt                                   0x08024a25   Thumb Code   404  dsqrt_umaal.o(x$fpl$dsqrt)
    __aeabi_dsub                             0x08024bbd   Thumb Code     0  daddsub_clz.o(x$fpl$dsub)
    _dsub                                    0x08024bbd   Thumb Code   464  daddsub_clz.o(x$fpl$dsub)
    __aeabi_f2d                              0x08024d91   Thumb Code     0  f2d.o(x$fpl$f2d)
    _f2d                                     0x08024d91   Thumb Code    86  f2d.o(x$fpl$f2d)
    __fpl_fnaninf                            0x08024de7   Thumb Code   140  fnaninf.o(x$fpl$fnaninf)
    _fp_init                                 0x08024e73   Thumb Code    10  fpinit.o(x$fpl$fpinit)
    __fplib_config_fpu_vfp                   0x08024e7b   Thumb Code     0  fpinit.o(x$fpl$fpinit)
    __fplib_config_pureend_doubles           0x08024e7b   Thumb Code     0  fpinit.o(x$fpl$fpinit)
    __fpl_fretinf                            0x08024e7d   Thumb Code    10  fretinf.o(x$fpl$fretinf)
    __I$use$fp                               0x08024e86   Number         0  usenofp.o(x$fpl$usenofp)
    gyroscale                                0x08024e88   Data           8  application.o(.constdata)
    __vsym_pwmcon_name                       0x08024e90   Data           7  application.o(.constdata)
    __vsym_pwmcon_desc                       0x08024e97   Data          11  application.o(.constdata)
    __fsym_get_fps_name                      0x08024ea2   Data           8  ahrs.o(.constdata)
    __fsym_get_fps_desc                      0x08024eaa   Data          13  ahrs.o(.constdata)
    __fsym_angle_fix_name                    0x08024eb7   Data          10  ahrs.o(.constdata)
    __fsym_angle_fix_desc                    0x08024ec1   Data          16  ahrs.o(.constdata)
    __fsym_save_name                         0x08024f56   Data           5  settings.o(.constdata)
    __fsym_save_desc                         0x08024f5b   Data          16  settings.o(.constdata)
    __fsym_get_pid_name                      0x08024f6b   Data           8  settings.o(.constdata)
    __fsym_get_pid_desc                      0x08024f73   Data          22  settings.o(.constdata)
    __fsym_set_pitch_name                    0x08024f89   Data          10  settings.o(.constdata)
    __fsym_set_pitch_desc                    0x08024f93   Data          30  settings.o(.constdata)
    __fsym_set_roll_name                     0x08024fb1   Data           9  settings.o(.constdata)
    __fsym_set_roll_desc                     0x08024fba   Data          29  settings.o(.constdata)
    __fsym_set_yaw_name                      0x08024fd7   Data           8  settings.o(.constdata)
    __fsym_set_yaw_desc                      0x08024fdf   Data          28  settings.o(.constdata)
    __fsym_set_height_name                   0x08024ffb   Data          11  settings.o(.constdata)
    __fsym_set_height_desc                   0x08025006   Data          28  settings.o(.constdata)
    __fsym_set_pwm_name                      0x08025022   Data           8  settings.o(.constdata)
    __fsym_set_pwm_desc                      0x0802502a   Data          20  settings.o(.constdata)
    __fsym_out_ahrs_name                     0x0802503e   Data           9  settings.o(.constdata)
    __fsym_out_ahrs_desc                     0x08025047   Data          16  settings.o(.constdata)
    __fsym_out_pwm_name                      0x08025057   Data           8  settings.o(.constdata)
    __fsym_out_pwm_desc                      0x0802505f   Data          15  settings.o(.constdata)
    __fsym_device_test_name                  0x0802506e   Data          12  settings.o(.constdata)
    __fsym_device_test_desc                  0x0802507a   Data          24  settings.o(.constdata)
    hw                                       0x0802509c   Data          12  inv_mpu.o(.constdata)
    reg                                      0x080250a8   Data          27  inv_mpu.o(.constdata)
    test                                     0x080250c4   Data          40  inv_mpu.o(.constdata)
    __vsym_h_name                            0x08025ce2   Data           2  sonar.o(.constdata)
    __vsym_h_desc                            0x08025ce4   Data          13  sonar.o(.constdata)
    __lowest_bit_bitmap                      0x08025f86   Data         256  kservice.o(.constdata)
    __fsym_list_mem_name                     0x080260a8   Data           9  mem.o(.constdata)
    __fsym_list_mem_desc                     0x080260b1   Data          30  mem.o(.constdata)
    __fsym_mkfs_name                         0x0802633b   Data           5  dfs_fs.o(.constdata)
    __fsym_mkfs_desc                         0x08026340   Data          19  dfs_fs.o(.constdata)
    __fsym_df_name                           0x08026353   Data           3  dfs_fs.o(.constdata)
    __fsym_df_desc                           0x08026356   Data          14  dfs_fs.o(.constdata)
    __fsym_ls_name                           0x08026397   Data           3  dfs_file.o(.constdata)
    __fsym_ls_desc                           0x0802639a   Data          24  dfs_file.o(.constdata)
    __fsym_rm_name                           0x080263b2   Data           3  dfs_file.o(.constdata)
    __fsym_rm_desc                           0x080263b5   Data          28  dfs_file.o(.constdata)
    __fsym_cat_name                          0x080263d1   Data           4  dfs_file.o(.constdata)
    __fsym_cat_desc                          0x080263d5   Data          11  dfs_file.o(.constdata)
    __fsym_copy_name                         0x080263e0   Data           5  dfs_file.o(.constdata)
    __fsym_copy_desc                         0x080263e5   Data          17  dfs_file.o(.constdata)
    __fsym_mkdir_name                        0x080263f6   Data           6  dfs_posix.o(.constdata)
    __fsym_mkdir_desc                        0x080263fc   Data          19  dfs_posix.o(.constdata)
    __fsym_hello_name                        0x080267e8   Data           6  cmd.o(.constdata)
    __fsym_hello_desc                        0x080267ee   Data          16  cmd.o(.constdata)
    __fsym_version_name                      0x080267fe   Data           8  cmd.o(.constdata)
    __fsym_version_desc                      0x08026806   Data          35  cmd.o(.constdata)
    __fsym_list_thread_name                  0x08026829   Data          12  cmd.o(.constdata)
    __fsym_list_thread_desc                  0x08026835   Data          12  cmd.o(.constdata)
    __fsym_list_sem_name                     0x08026841   Data           9  cmd.o(.constdata)
    __fsym_list_sem_desc                     0x0802684a   Data          25  cmd.o(.constdata)
    __fsym_list_event_name                   0x08026863   Data          11  cmd.o(.constdata)
    __fsym_list_event_desc                   0x0802686e   Data          21  cmd.o(.constdata)
    __fsym_list_mutex_name                   0x08026883   Data          11  cmd.o(.constdata)
    __fsym_list_mutex_desc                   0x0802688e   Data          21  cmd.o(.constdata)
    __fsym_list_mailbox_name                 0x080268a3   Data          13  cmd.o(.constdata)
    __fsym_list_mailbox_desc                 0x080268b0   Data          24  cmd.o(.constdata)
    __fsym_list_msgqueue_name                0x080268c8   Data          14  cmd.o(.constdata)
    __fsym_list_msgqueue_desc                0x080268d6   Data          29  cmd.o(.constdata)
    __fsym_list_mempool_name                 0x080268f3   Data          13  cmd.o(.constdata)
    __fsym_list_mempool_desc                 0x08026900   Data          27  cmd.o(.constdata)
    __fsym_list_timer_name                   0x0802691b   Data          11  cmd.o(.constdata)
    __fsym_list_timer_desc                   0x08026926   Data          21  cmd.o(.constdata)
    __fsym_list_device_name                  0x0802693b   Data          12  cmd.o(.constdata)
    __fsym_list_device_desc                  0x08026947   Data          22  cmd.o(.constdata)
    __fsym_list_name                         0x0802695d   Data           5  cmd.o(.constdata)
    __fsym_list_desc                         0x08026962   Data          26  cmd.o(.constdata)
    __vsym_dummy_name                        0x0802697c   Data           6  cmd.o(.constdata)
    __vsym_dummy_desc                        0x08026982   Data          25  cmd.o(.constdata)
    op_table                                 0x080269e8   Data         196  finsh_ops.o(.constdata)
    _monlen                                  0x08026b40   Data          12  _monlen.o(.constdata)
    __mathlib_zero                           0x08026c18   Data           8  qnan.o(.constdata)
    __rt_init_rti_start                      0x08027170   Data           4  components.o(.rti_fn.0)
    __rt_init_rti_board_end                  0x08027174   Data           4  components.o(.rti_fn.1.post)
    __rt_init_dfs_init                       0x08027178   Data           4  dfs.o(.rti_fn.3)
    __rt_init_rt_i2c_core_init               0x0802717c   Data           4  i2c_core.o(.rti_fn.3)
    __rt_init_finsh_system_init              0x08027180   Data           4  shell.o(.rti_fn.3)
    __rt_init_elm_init                       0x08027184   Data           4  dfs_elm.o(.rti_fn.4)
    __rt_init_dfs_romfs_init                 0x08027188   Data           4  dfs_romfs.o(.rti_fn.4)
    __rt_init_rti_end                        0x0802718c   Data           4  components.o(.rti_fn.7)
    FSymTab$$Base                            0x08027190   Number         0  ahrs.o(FSymTab)
    __fsym_get_fps                           0x08027190   Data          12  ahrs.o(FSymTab)
    __fsym_angle_fix                         0x0802719c   Data          12  ahrs.o(FSymTab)
    __fsym_save                              0x080271a8   Data          12  settings.o(FSymTab)
    __fsym_get_pid                           0x080271b4   Data          12  settings.o(FSymTab)
    __fsym_set_pitch                         0x080271c0   Data          12  settings.o(FSymTab)
    __fsym_set_roll                          0x080271cc   Data          12  settings.o(FSymTab)
    __fsym_set_yaw                           0x080271d8   Data          12  settings.o(FSymTab)
    __fsym_set_height                        0x080271e4   Data          12  settings.o(FSymTab)
    __fsym_set_pwm                           0x080271f0   Data          12  settings.o(FSymTab)
    __fsym_out_ahrs                          0x080271fc   Data          12  settings.o(FSymTab)
    __fsym_out_pwm                           0x08027208   Data          12  settings.o(FSymTab)
    __fsym_device_test                       0x08027214   Data          12  settings.o(FSymTab)
    __fsym_list_mem                          0x08027220   Data          12  mem.o(FSymTab)
    __fsym_mkfs                              0x0802722c   Data          12  dfs_fs.o(FSymTab)
    __fsym_df                                0x08027238   Data          12  dfs_fs.o(FSymTab)
    __fsym_ls                                0x08027244   Data          12  dfs_file.o(FSymTab)
    __fsym_rm                                0x08027250   Data          12  dfs_file.o(FSymTab)
    __fsym_cat                               0x0802725c   Data          12  dfs_file.o(FSymTab)
    __fsym_copy                              0x08027268   Data          12  dfs_file.o(FSymTab)
    __fsym_mkdir                             0x08027274   Data          12  dfs_posix.o(FSymTab)
    __fsym_hello                             0x08027280   Data          12  cmd.o(FSymTab)
    __fsym_version                           0x0802728c   Data          12  cmd.o(FSymTab)
    __fsym_list_thread                       0x08027298   Data          12  cmd.o(FSymTab)
    __fsym_list_sem                          0x080272a4   Data          12  cmd.o(FSymTab)
    __fsym_list_event                        0x080272b0   Data          12  cmd.o(FSymTab)
    __fsym_list_mutex                        0x080272bc   Data          12  cmd.o(FSymTab)
    __fsym_list_mailbox                      0x080272c8   Data          12  cmd.o(FSymTab)
    __fsym_list_msgqueue                     0x080272d4   Data          12  cmd.o(FSymTab)
    __fsym_list_mempool                      0x080272e0   Data          12  cmd.o(FSymTab)
    __fsym_list_timer                        0x080272ec   Data          12  cmd.o(FSymTab)
    __fsym_list_device                       0x080272f8   Data          12  cmd.o(FSymTab)
    __fsym_list                              0x08027304   Data          12  cmd.o(FSymTab)
    FSymTab$$Limit                           0x08027310   Number         0  cmd.o(FSymTab)
    Region$$Table$$Base                      0x08027310   Number         0  anon$$obj.o(Region$$Table)
    Region$$Table$$Limit                     0x08027330   Number         0  anon$$obj.o(Region$$Table)
    VSymTab$$Base                            0x08027330   Number         0  application.o(VSymTab)
    __vsym_pwmcon                            0x08027330   Data          16  application.o(VSymTab)
    __vsym_h                                 0x08027340   Data          16  sonar.o(VSymTab)
    __vsym_dummy                             0x08027350   Data          16  cmd.o(VSymTab)
    VSymTab$$Limit                           0x08027360   Number         0  cmd.o(VSymTab)
    __ctype                                  0x0802736d   Data           0  lc_ctype_c.o(locale$$data)
    led_period                               0x20000000   Data           4  application.o(.data)
    en_out_ahrs                              0x20000004   Data           1  application.o(.data)
    gyro                                     0x20000006   Data           6  application.o(.data)
    accel                                    0x2000000c   Data           6  application.o(.data)
    sensors                                  0x20000012   Data           2  application.o(.data)
    sensor_timestamp                         0x20000030   Data           4  application.o(.data)
    more                                     0x20000034   Data           1  application.o(.data)
    balence                                  0x20000035   Data           1  application.o(.data)
    pwmcon                                   0x20000036   Data           1  application.o(.data)
    lost_ahrs                                0x20000038   Data           4  application.o(.data)
    en_out_pwm                               0x2000003c   Data           1  application.o(.data)
    Motor1                                   0x20000040   Data           2  motor.o(.data)
    Motor2                                   0x20000042   Data           2  motor.o(.data)
    Motor3                                   0x20000044   Data           2  motor.o(.data)
    Motor4                                   0x20000046   Data           2  motor.o(.data)
    Motor5                                   0x20000048   Data           2  motor.o(.data)
    Motor6                                   0x2000004a   Data           2  motor.o(.data)
    coderinited                              0x2000004c   Data           1  pwm.o(.data)
    PWM1_Time                                0x2000004e   Data           2  pwm.o(.data)
    PWM2_Time                                0x20000050   Data           2  pwm.o(.data)
    PWM3_Time                                0x20000052   Data           2  pwm.o(.data)
    PWM4_Time                                0x20000054   Data           2  pwm.o(.data)
    PWM5_Time                                0x20000056   Data           2  pwm.o(.data)
    PWM6_Time                                0x20000058   Data           2  pwm.o(.data)
    PWM7_Time                                0x2000005a   Data           2  pwm.o(.data)
    PWM8_Time                                0x2000005c   Data           2  pwm.o(.data)
    rising                                   0x2000005e   Data           8  pwm.o(.data)
    predir                                   0x20000066   Data           1  pwm.o(.data)
    count                                    0x20000068   Data           4  pwm.o(.data)
    upcount                                  0x2000006c   Data           4  pwm.o(.data)
    mpu_acc_x                                0x20000070   Data           2  ahrs.o(.data)
    mpu_acc_y                                0x20000072   Data           2  ahrs.o(.data)
    mpu_acc_z                                0x20000074   Data           2  ahrs.o(.data)
    mpu_gryo_pitch                           0x20000076   Data           2  ahrs.o(.data)
    mpu_gryo_roll                            0x20000078   Data           2  ahrs.o(.data)
    mpu_gryo_yaw                             0x2000007a   Data           2  ahrs.o(.data)
    curq                                     0x20000088   Data          16  ahrs.o(.data)
    exInt                                    0x20000098   Data           4  ahrs.o(.data)
    eyInt                                    0x2000009c   Data           4  ahrs.o(.data)
    ezInt                                    0x200000a0   Data           4  ahrs.o(.data)
    p                                        0x200000a8   Data           8  ahrs.o(.data)
    r                                        0x200000b0   Data           8  ahrs.o(.data)
    cnt                                      0x200000b8   Data           4  ahrs.o(.data)
    MPU6050_Diff                             0x200000c0   Data          48  ahrs.o(.data)
    uart2                                    0x200000f4   Data          12  usart.o(.data)
    uart3                                    0x20000100   Data          12  usart.o(.data)
    uart2_debug                              0x2000010c   Data           4  usart.o(.data)
    sonar_avr                                0x2000013c   Data           8  sonar.o(.data)
    sonar_state                              0x20000144   Data           1  sonar.o(.data)
    sonar_h                                  0x20000148   Data           4  sonar.o(.data)
    Xmax                                     0x20000150   Data           4  hmc5883.o(.data)
    Xmin                                     0x20000154   Data           4  hmc5883.o(.data)
    Ymax                                     0x20000158   Data           4  hmc5883.o(.data)
    Ymin                                     0x2000015c   Data           4  hmc5883.o(.data)
    Zmax                                     0x20000160   Data           4  hmc5883.o(.data)
    Zmin                                     0x20000164   Data           4  hmc5883.o(.data)
    magOffsetX                               0x20000168   Data           4  hmc5883.o(.data)
    magOffsetY                               0x2000016c   Data           4  hmc5883.o(.data)
    magOffsetZ                               0x20000170   Data           4  hmc5883.o(.data)
    BUF                                      0x20000174   Data           6  hmc5883.o(.data)
    angle                                    0x2000017c   Data           4  hmc5883.o(.data)
    calThreshold                             0x20000180   Data           4  hmc5883.o(.data)
    x                                        0x20000184   Data           4  hmc5883.o(.data)
    y                                        0x20000188   Data           4  hmc5883.o(.data)
    z                                        0x2000018c   Data           4  hmc5883.o(.data)
    SystemCoreClock                          0x20000190   Data           4  system_stm32f4xx.o(.data)
    AHBPrescTable                            0x20000194   Data          16  system_stm32f4xx.o(.data)
    rt_interrupt_nest                        0x200001bc   Data           1  irq.o(.data)
    rt_object_container                      0x200001f0   Data         144  object.o(.data)
    rt_object_trytake_hook                   0x20000288   Data           4  object.o(.data)
    rt_object_take_hook                      0x2000028c   Data           4  object.o(.data)
    rt_object_put_hook                       0x20000290   Data           4  object.o(.data)
    rt_current_thread                        0x20000298   Data           4  scheduler.o(.data)
    rt_current_priority                      0x2000029c   Data           1  scheduler.o(.data)
    rt_thread_ready_priority_group           0x200002a0   Data           4  scheduler.o(.data)
    rt_thread_defunct                        0x200002a4   Data           8  scheduler.o(.data)
    rt_interrupt_from_thread                 0x200002c0   Data           4  cpuport.o(.data)
    rt_interrupt_to_thread                   0x200002c4   Data           4  cpuport.o(.data)
    rt_thread_switch_interrupt_flag          0x200002c8   Data           4  cpuport.o(.data)
    shell                                    0x200002e4   Data           4  shell.o(.data)
    _syscall_table_begin                     0x200002e8   Data           4  symbol.o(.data)
    _syscall_table_end                       0x200002ec   Data           4  symbol.o(.data)
    _sysvar_table_begin                      0x200002f0   Data           4  symbol.o(.data)
    _sysvar_table_end                        0x200002f4   Data           4  symbol.o(.data)
    finsh_compile_sp                         0x200002fc   Data           4  finsh_compiler.o(.data)
    finsh_compile_pc                         0x20000300   Data           4  finsh_compiler.o(.data)
    global_errno                             0x20000304   Data           1  finsh_error.o(.data)
    global_sysvar_list                       0x2000034c   Data           4  finsh_var.o(.data)
    finsh_sp                                 0x20000350   Data           4  finsh_vm.o(.data)
    finsh_pc                                 0x20000354   Data           4  finsh_vm.o(.data)
    global_syscall_list                      0x20000358   Data           4  finsh_vm.o(.data)
    quat                                     0x20000c00   Data          16  application.o(.bss)
    p_rate_pid                               0x20000c10   Data         104  application.o(.bss)
    r_rate_pid                               0x20000c78   Data         104  application.o(.bss)
    y_rate_pid                               0x20000ce0   Data         104  application.o(.bss)
    p_angle_pid                              0x20000d48   Data         104  application.o(.bss)
    r_angle_pid                              0x20000db0   Data         104  application.o(.bss)
    y_angle_pid                              0x20000e18   Data         104  application.o(.bss)
    h_pid                                    0x20000e80   Data         104  application.o(.bss)
    pitch_ctl                                0x20000ee8   Data          32  application.o(.bss)
    roll_ctl                                 0x20000f08   Data          32  application.o(.bss)
    yaw_ctl                                  0x20000f28   Data          32  application.o(.bss)
    pre                                      0x20000f48   Data          16  pwm.o(.bss)
    ahrs                                     0x20000f58   Data          80  ahrs.o(.bss)
    angle_fix_sem                            0x20000fa8   Data          32  ahrs.o(.bss)
    MPU6050_ACC_FIFO                         0x20000fc8   Data        1536  ahrs.o(.bss)
    MPU6050_GYR_FIFO                         0x200015c8   Data        1536  ahrs.o(.bss)
    settings                                 0x20001bc8   Data         176  settings.o(.bss)
    spi2_bus                                 0x20001c78   Data         108  spi2.o(.bss)
    spi_flash                                0x20001ce4   Data          76  spi2.o(.bss)
    uart2_int_rx                             0x20001d30   Data          72  usart.o(.bss)
    uart2_device                             0x20001d78   Data          64  usart.o(.bss)
    uart3_int_rx                             0x20001db8   Data          72  usart.o(.bss)
    uart3_dma_tx                             0x20001e00   Data         148  usart.o(.bss)
    uart3_device                             0x20001e94   Data          64  usart.o(.bss)
    sonar_sem                                0x20002168   Data          32  sonar.o(.bss)
    rt_thread_priority_table                 0x200027a8   Data         256  scheduler.o(.bss)
    filesystem_operation_table               0x200028a8   Data          16  dfs.o(.bss)
    filesystem_table                         0x200028b8   Data          32  dfs.o(.bss)
    fd_table                                 0x200028fc   Data         128  dfs.o(.bss)
    finsh_heap                               0x200033b8   Data         128  finsh_heap.o(.bss)
    global_node_table                        0x20003438   Data         320  finsh_node.o(.bss)
    global_variable                          0x20003578   Data         192  finsh_var.o(.bss)
    finsh_vm_stack                           0x20003638   Data         256  finsh_vm.o(.bss)
    text_segment                             0x20003738   Data         128  finsh_vm.o(.bss)
    __libspace_start                         0x200037b8   Data          96  libspace.o(.bss)
    __temporary_stack_top$libspace           0x20003818   Data           0  libspace.o(.bss)
    Image$$RW_IRAM1$$ZI$$Limit               0x20003e18   Number         0  anon$$obj.o ABSOLUTE



==============================================================================

Memory Map of the image

  Image Entry point : 0x08000189

  Load Region LR_IROM1 (Base: 0x08000000, Size: 0x000277cc, Max: 0x00100000, ABSOLUTE, COMPRESSED[0x00027548])

    Execution Region ER_IROM1 (Base: 0x08000000, Size: 0x00027470, Max: 0x00100000, ABSOLUTE)

    Base Addr    Size         Type   Attr      Idx    E Section Name        Object

    0x08000000   0x00000188   Data   RO         1196    RESET               startup_stm32f4xx.o
    0x08000188   0x00000008   Code   RO         2007  * !!!main             c_w.l(__main.o)
    0x08000190   0x00000034   Code   RO         2391    !!!scatter          c_w.l(__scatter.o)
    0x080001c4   0x0000005a   Code   RO         2389    !!dczerorl2         c_w.l(__dczerorl2.o)
    0x0800021e   0x00000002   PAD
    0x08000220   0x0000001c   Code   RO         2393    !!handler_zi        c_w.l(__scatter_zi.o)
    0x0800023c   0x00000002   Code   RO         2261    .ARM.Collect$$libinit$$00000000  c_w.l(libinit.o)
    0x0800023e   0x00000004   Code   RO         2268    .ARM.Collect$$libinit$$00000001  c_w.l(libinit2.o)
    0x08000242   0x00000000   Code   RO         2272    .ARM.Collect$$libinit$$00000008  c_w.l(libinit2.o)
    0x08000242   0x00000000   Code   RO         2274    .ARM.Collect$$libinit$$0000000A  c_w.l(libinit2.o)
    0x08000242   0x00000000   Code   RO         2276    .ARM.Collect$$libinit$$0000000C  c_w.l(libinit2.o)
    0x08000242   0x00000006   Code   RO         2277    .ARM.Collect$$libinit$$0000000D  c_w.l(libinit2.o)
    0x08000248   0x00000000   Code   RO         2279    .ARM.Collect$$libinit$$0000000F  c_w.l(libinit2.o)
    0x08000248   0x0000000c   Code   RO         2280    .ARM.Collect$$libinit$$00000010  c_w.l(libinit2.o)
    0x08000254   0x00000000   Code   RO         2281    .ARM.Collect$$libinit$$00000011  c_w.l(libinit2.o)
    0x08000254   0x00000000   Code   RO         2283    .ARM.Collect$$libinit$$00000013  c_w.l(libinit2.o)
    0x08000254   0x00000000   Code   RO         2285    .ARM.Collect$$libinit$$00000015  c_w.l(libinit2.o)
    0x08000254   0x00000000   Code   RO         2287    .ARM.Collect$$libinit$$00000017  c_w.l(libinit2.o)
    0x08000254   0x00000000   Code   RO         2289    .ARM.Collect$$libinit$$00000019  c_w.l(libinit2.o)
    0x08000254   0x00000000   Code   RO         2291    .ARM.Collect$$libinit$$0000001B  c_w.l(libinit2.o)
    0x08000254   0x00000000   Code   RO         2293    .ARM.Collect$$libinit$$0000001D  c_w.l(libinit2.o)
    0x08000254   0x00000000   Code   RO         2295    .ARM.Collect$$libinit$$0000001F  c_w.l(libinit2.o)
    0x08000254   0x00000000   Code   RO         2297    .ARM.Collect$$libinit$$00000021  c_w.l(libinit2.o)
    0x08000254   0x00000000   Code   RO         2299    .ARM.Collect$$libinit$$00000023  c_w.l(libinit2.o)
    0x08000254   0x00000000   Code   RO         2303    .ARM.Collect$$libinit$$0000002A  c_w.l(libinit2.o)
    0x08000254   0x00000000   Code   RO         2305    .ARM.Collect$$libinit$$0000002C  c_w.l(libinit2.o)
    0x08000254   0x00000000   Code   RO         2307    .ARM.Collect$$libinit$$0000002E  c_w.l(libinit2.o)
    0x08000254   0x00000000   Code   RO         2309    .ARM.Collect$$libinit$$00000030  c_w.l(libinit2.o)
    0x08000254   0x00000002   Code   RO         2310    .ARM.Collect$$libinit$$00000031  c_w.l(libinit2.o)
    0x08000256   0x00000002   Code   RO         2340    .ARM.Collect$$libshutdown$$00000000  c_w.l(libshutdown.o)
    0x08000258   0x00000000   Code   RO         2358    .ARM.Collect$$libshutdown$$00000003  c_w.l(libshutdown2.o)
    0x08000258   0x00000000   Code   RO         2361    .ARM.Collect$$libshutdown$$00000006  c_w.l(libshutdown2.o)
    0x08000258   0x00000000   Code   RO         2364    .ARM.Collect$$libshutdown$$00000009  c_w.l(libshutdown2.o)
    0x08000258   0x00000000   Code   RO         2366    .ARM.Collect$$libshutdown$$0000000B  c_w.l(libshutdown2.o)
    0x08000258   0x00000000   Code   RO         2369    .ARM.Collect$$libshutdown$$0000000E  c_w.l(libshutdown2.o)
    0x08000258   0x00000002   Code   RO         2370    .ARM.Collect$$libshutdown$$0000000F  c_w.l(libshutdown2.o)
    0x0800025a   0x00000000   Code   RO         2131    .ARM.Collect$$rtentry$$00000000  c_w.l(rtentry.o)
    0x0800025a   0x00000000   Code   RO         2218    .ARM.Collect$$rtentry$$00000002  c_w.l(rtentry2.o)
    0x0800025a   0x00000006   Code   RO         2230    .ARM.Collect$$rtentry$$00000004  c_w.l(rtentry4.o)
    0x08000260   0x00000000   Code   RO         2220    .ARM.Collect$$rtentry$$00000009  c_w.l(rtentry2.o)
    0x08000260   0x00000004   Code   RO         2221    .ARM.Collect$$rtentry$$0000000A  c_w.l(rtentry2.o)
    0x08000264   0x00000000   Code   RO         2223    .ARM.Collect$$rtentry$$0000000C  c_w.l(rtentry2.o)
    0x08000264   0x00000008   Code   RO         2224    .ARM.Collect$$rtentry$$0000000D  c_w.l(rtentry2.o)
    0x0800026c   0x00000002   Code   RO         2262    .ARM.Collect$$rtexit$$00000000  c_w.l(rtexit.o)
    0x0800026e   0x00000000   Code   RO         2312    .ARM.Collect$$rtexit$$00000002  c_w.l(rtexit2.o)
    0x0800026e   0x00000004   Code   RO         2313    .ARM.Collect$$rtexit$$00000003  c_w.l(rtexit2.o)
    0x08000272   0x00000006   Code   RO         2314    .ARM.Collect$$rtexit$$00000004  c_w.l(rtexit2.o)
    0x08000278   0x00001a4c   Code   RO            2    .text               application.o
    0x08001cc4   0x000000cc   Code   RO          281    .text               startup.o
    0x08001d90   0x0000030c   Code   RO          298    .text               motor.o
    0x0800209c   0x00000510   Code   RO          319    .text               pid.o
    0x080025ac   0x000009ac   Code   RO          333    .text               pwm.o
    0x08002f58   0x000018a8   Code   RO          356    .text               ahrs.o
    0x08004800   0x000000b0   Code   RO          381    .text               board.o
    0x080048b0   0x0000007c   Code   RO          401    .text               hardtimer.o
    0x0800492c   0x0000009c   Code   RO          417    .text               led.o
    0x080049c8   0x0000063c   Code   RO          433    .text               serial.o
    0x08005004   0x000018ac   Code   RO          453    .text               settings.o
    0x080068b0   0x000001d8   Code   RO          488    .text               spi2.o
    0x08006a88   0x000003ac   Code   RO          509    .text               stm32_iic.o
    0x08006e34   0x00000040   Code   RO          525    .text               stm32f4xx_it.o
    0x08006e74   0x0000019c   Code   RO          542    .text               usart.o
    0x08007010   0x00001f10   Code   RO          565    .text               inv_mpu.o
    0x08008f20   0x00000d90   Code   RO          599    .text               inv_mpu_dmp_motion_driver.o
    0x08009cb0   0x0000013c   Code   RO          631    .text               sonar.o
    0x08009dec   0x0000077c   Code   RO          656    .text               hmc5883.o
    0x0800a568   0x00000210   Code   RO          675    .text               system_stm32f4xx.o
    0x0800a778   0x000001ec   Code   RO          697    .text               misc.o
    0x0800a964   0x000013cc   Code   RO          873    .text               stm32f4xx_dma.o
    0x0800bd30   0x00000916   Code   RO          937    .text               stm32f4xx_gpio.o
    0x0800c646   0x00000002   PAD
    0x0800c648   0x00000d7c   Code   RO         1049    .text               stm32f4xx_rcc.o
    0x0800d3c4   0x00000bc8   Code   RO         1115    .text               stm32f4xx_spi.o
    0x0800df8c   0x00003294   Code   RO         1147    .text               stm32f4xx_tim.o
    0x08011220   0x00000eb4   Code   RO         1163    .text               stm32f4xx_usart.o
    0x080120d4   0x00000040   Code   RO         1197    .text               startup_stm32f4xx.o
    0x08012114   0x00000064   Code   RO         1201    .text               clock.o
    0x08012178   0x000003f0   Code   RO         1215    .text               device.o
    0x08012568   0x0000016c   Code   RO         1229    .text               idle.o
    0x080126d4   0x00001af8   Code   RO         1249    .text               ipc.o
    0x080141cc   0x00000048   Code   RO         1266    .text               irq.o
    0x08014214   0x000009d0   Code   RO         1281    .text               kservice.o
    0x08014be4   0x000009b4   Code   RO         1298    .text               mem.o
    0x08015598   0x00000444   Code   RO         1317    .text               mempool.o
    0x080159dc   0x00000360   Code   RO         1335    .text               object.o
    0x08015d3c   0x00000334   Code   RO         1354    .text               scheduler.o
    0x08016070   0x000006b4   Code   RO         1375    .text               thread.o
    0x08016724   0x00000510   Code   RO         1392    .text               timer.o
    0x08016c34   0x000001c0   Code   RO         1411    .text               cpuport.o
    0x08016df4   0x00000110   Code   RO         1427    .text               context_rvds.o
    0x08016f04   0x000003fc   Code   RO         1465    .text               dfs.o
    0x08017300   0x00000644   Code   RO         1496    .text               dfs_fs.o
    0x08017944   0x000009c8   Code   RO         1512    .text               dfs_file.o
    0x0801830c   0x00000560   Code   RO         1532    .text               dfs_posix.o
    0x0801886c   0x00000b60   Code   RO         1548    .text               dfs_elm.o
    0x080193cc   0x00002508   Code   RO         1581    .text               ff.o
    0x0801b8d4   0x00000350   Code   RO         1596    .text               dfs_romfs.o
    0x0801bc24   0x00000278   Code   RO         1626    .text               i2c_core.o
    0x0801be9c   0x0000029c   Code   RO         1643    .text               i2c_dev.o
    0x0801c138   0x0000076c   Code   RO         1656    .text               spi_core.o
    0x0801c8a4   0x00000398   Code   RO         1669    .text               spi_dev.o
    0x0801cc3c   0x00000624   Code   RO         1682    .text               spi_flash_w25qxx.o
    0x0801d260   0x00000a14   Code   RO         1703    .text               shell.o
    0x0801dc74   0x00000bc4   Code   RO         1735    .text               cmd.o
    0x0801e838   0x00001818   Code   RO         1758    .text               finsh_compiler.o
    0x08020050   0x0000002c   Code   RO         1795    .text               finsh_error.o
    0x0802007c   0x00000210   Code   RO         1811    .text               finsh_heap.o
    0x0802028c   0x00000058   Code   RO         1827    .text               finsh_init.o
    0x080202e4   0x00000184   Code   RO         1845    .text               finsh_node.o
    0x08020468   0x00000adc   Code   RO         1860    .text               finsh_ops.o
    0x08020f44   0x0000097c   Code   RO         1878    .text               finsh_parser.o
    0x080218c0   0x0000019c   Code   RO         1893    .text               finsh_var.o
    0x08021a5c   0x000000e4   Code   RO         1916    .text               finsh_vm.o
    0x08021b40   0x00000658   Code   RO         1943    .text               finsh_token.o
    0x08022198   0x00000040   Code   RO         1958    .text               components.o
    0x080221d8   0x00000048   Code   RO         1977    .text               c_w.l(llsdiv.o)
    0x08022220   0x0000001a   Code   RO         1979    .text               c_w.l(atoi.o)
    0x0802223a   0x00000058   Code   RO         1981    .text               c_w.l(memcmp.o)
    0x08022292   0x00000016   Code   RO         1983    .text               c_w.l(strrchr.o)
    0x080222a8   0x0000003e   Code   RO         1985    .text               c_w.l(strlen.o)
    0x080222e6   0x00000096   Code   RO         1987    .text               c_w.l(strncmp.o)
    0x0802237c   0x0000008a   Code   RO         1989    .text               c_w.l(rt_memcpy_v6.o)
    0x08022406   0x00000064   Code   RO         1991    .text               c_w.l(rt_memcpy_w.o)
    0x0802246a   0x00000010   Code   RO         1993    .text               c_w.l(aeabi_memset.o)
    0x0802247a   0x00000044   Code   RO         1995    .text               c_w.l(rt_memclr.o)
    0x080224be   0x0000004e   Code   RO         1997    .text               c_w.l(rt_memclr_w.o)
    0x0802250c   0x00000056   Code   RO         1999    .text               c_w.l(strncpy.o)
    0x08022562   0x00000002   PAD
    0x08022564   0x00000080   Code   RO         2001    .text               c_w.l(strcmpv7m.o)
    0x080225e4   0x000001a4   Code   RO         2003    .text               c_w.l(mktime.o)
    0x08022788   0x00000006   Code   RO         2005    .text               c_w.l(heapauxi.o)
    0x0802278e   0x00000002   PAD
    0x08022790   0x00000008   Code   RO         2135    .text               c_w.l(rt_errno_addr_intlibspace.o)
    0x08022798   0x000000ee   Code   RO         2137    .text               c_w.l(lludivv7m.o)
    0x08022886   0x00000016   Code   RO         2139    .text               c_w.l(_rserrno.o)
    0x0802289c   0x00000070   Code   RO         2141    .text               c_w.l(strtol.o)
    0x0802290c   0x00000008   Code   RO         2214    .text               c_w.l(libspace.o)
    0x08022914   0x00000010   Code   RO         2232    .text               c_w.l(rt_ctype_table.o)
    0x08022924   0x0000009e   Code   RO         2238    .text               c_w.l(_strtoul.o)
    0x080229c2   0x0000004a   Code   RO         2240    .text               c_w.l(sys_stackheap_outer.o)
    0x08022a0c   0x00000008   Code   RO         2247    .text               c_w.l(rt_locale_intlibspace.o)
    0x08022a14   0x0000001c   Code   RO         2249    .text               c_w.l(_chval.o)
    0x08022a30   0x0000000c   Code   RO         2254    .text               c_w.l(exit.o)
    0x08022a3c   0x0000000c   Code   RO         2328    .text               c_w.l(sys_exit.o)
    0x08022a48   0x00000002   Code   RO         2345    .text               c_w.l(use_no_semi.o)
    0x08022a4a   0x00000000   Code   RO         2347    .text               c_w.l(indicate_semi.o)
    0x08022a4a   0x00000030   Code   RO         2182    i.__ARM_fpclassify  m_wm.l(fpclassify.o)
    0x08022a7a   0x00000026   Code   RO         2184    i.__ARM_fpclassifyf  m_wm.l(fpclassifyf.o)
    0x08022aa0   0x00000370   Code   RO         2045    i.__hardfp_asin     m_wm.l(asin.o)
    0x08022e10   0x00000124   Code   RO         2059    i.__hardfp_asinf    m_wm.l(asinf.o)
    0x08022f34   0x00000004   PAD
    0x08022f38   0x000002e0   Code   RO         2157    i.__hardfp_atan     m_wm.l(atan.o)
    0x08023218   0x000001f0   Code   RO         2071    i.__hardfp_atan2    m_wm.l(atan2.o)
    0x08023408   0x0000024c   Code   RO         2083    i.__hardfp_atan2f   m_wm.l(atan2f.o)
    0x08023654   0x00000004   PAD
    0x08023658   0x000000d8   Code   RO         2095    i.__hardfp_cos      m_wm.l(cos.o)
    0x08023730   0x000000d8   Code   RO         2107    i.__hardfp_sin      m_wm.l(sin.o)
    0x08023808   0x0000007a   Code   RO         2119    i.__hardfp_sqrt     m_wm.l(sqrt.o)
    0x08023882   0x00000006   PAD
    0x08023888   0x00000438   Code   RO         2191    i.__ieee754_rem_pio2  m_wm.l(rred.o)
    0x08023cc0   0x00000170   Code   RO         2171    i.__kernel_cos      m_wm.l(cos_i.o)
    0x08023e30   0x000000f8   Code   RO         2188    i.__kernel_poly     m_wm.l(poly.o)
    0x08023f28   0x00000130   Code   RO         2196    i.__kernel_sin      m_wm.l(sin_i.o)
    0x08024058   0x00000020   Code   RO         2174    i.__mathlib_dbl_underflow  m_wm.l(dunder.o)
    0x08024078   0x00000010   Code   RO         2186    i.__mathlib_flt_underflow  m_wm.l(funder.o)
    0x08024088   0x00000010   Code   RO         2159    i.atan              m_wm.l(atan.o)
    0x08024098   0x00000018   Code   RO         2178    i.fabs              m_wm.l(fabs.o)
    0x080240b0   0x0000006e   Code   RO         2121    i.sqrt              m_wm.l(sqrt.o)
    0x0802411e   0x0000003e   Code   RO         2204    i.sqrtf             m_wm.l(sqrtf.o)
    0x0802415c   0x0000002c   Code   RO         2252    locale$$code        c_w.l(lc_ctype_c.o)
    0x08024188   0x00000018   Code   RO         2009    x$fpl$basic         fz_wm.l(basic.o)
    0x080241a0   0x00000062   Code   RO         2011    x$fpl$d2f           fz_wm.l(d2f.o)
    0x08024202   0x00000002   PAD
    0x08024204   0x00000150   Code   RO         2013    x$fpl$dadd          fz_wm.l(daddsub_clz.o)
    0x08024354   0x00000018   Code   RO         2144    x$fpl$dcmpinf       fz_wm.l(dcmpi.o)
    0x0802436c   0x000002b0   Code   RO         2020    x$fpl$ddiv          fz_wm.l(ddiv.o)
    0x0802461c   0x0000005e   Code   RO         2023    x$fpl$dfix          fz_wm.l(dfix.o)
    0x0802467a   0x00000002   PAD
    0x0802467c   0x0000005a   Code   RO         2027    x$fpl$dfixu         fz_wm.l(dfixu.o)
    0x080246d6   0x0000002e   Code   RO         2032    x$fpl$dflt          fz_wm.l(dflt_clz.o)
    0x08024704   0x00000026   Code   RO         2031    x$fpl$dfltu         fz_wm.l(dflt_clz.o)
    0x0802472a   0x00000002   PAD
    0x0802472c   0x00000078   Code   RO         2037    x$fpl$dleqf         fz_wm.l(dleqf.o)
    0x080247a4   0x00000154   Code   RO         2039    x$fpl$dmul          fz_wm.l(dmul.o)
    0x080248f8   0x0000009c   Code   RO         2146    x$fpl$dnaninf       fz_wm.l(dnaninf.o)
    0x08024994   0x0000000c   Code   RO         2148    x$fpl$dretinf       fz_wm.l(dretinf.o)
    0x080249a0   0x0000006c   Code   RO         2041    x$fpl$drleqf        fz_wm.l(drleqf.o)
    0x08024a0c   0x00000016   Code   RO         2014    x$fpl$drsb          fz_wm.l(daddsub_clz.o)
    0x08024a22   0x00000002   PAD
    0x08024a24   0x00000198   Code   RO         2150    x$fpl$dsqrt         fz_wm.l(dsqrt_umaal.o)
    0x08024bbc   0x000001d4   Code   RO         2015    x$fpl$dsub          fz_wm.l(daddsub_clz.o)
    0x08024d90   0x00000056   Code   RO         2043    x$fpl$f2d           fz_wm.l(f2d.o)
    0x08024de6   0x0000008c   Code   RO         2152    x$fpl$fnaninf       fz_wm.l(fnaninf.o)
    0x08024e72   0x0000000a   Code   RO         2326    x$fpl$fpinit        fz_wm.l(fpinit.o)
    0x08024e7c   0x0000000a   Code   RO         2154    x$fpl$fretinf       fz_wm.l(fretinf.o)
    0x08024e86   0x00000000   Code   RO         2156    x$fpl$usenofp       fz_wm.l(usenofp.o)
    0x08024e86   0x00000002   PAD
    0x08024e88   0x0000001a   Data   RO            4    .constdata          application.o
    0x08024ea2   0x0000002f   Data   RO          358    .constdata          ahrs.o
    0x08024ed1   0x00000085   Data   RO          434    .constdata          serial.o
    0x08024f56   0x0000013c   Data   RO          455    .constdata          settings.o
    0x08025092   0x00000002   PAD
    0x08025094   0x00000008   Data   RO          490    .constdata          spi2.o
    0x0802509c   0x00000050   Data   RO          566    .constdata          inv_mpu.o
    0x080250ec   0x00000bf6   Data   RO          601    .constdata          inv_mpu_dmp_motion_driver.o
    0x08025ce2   0x0000000f   Data   RO          633    .constdata          sonar.o
    0x08025cf1   0x000000a8   Data   RO         1216    .constdata          device.o
    0x08025d99   0x00000016   Data   RO         1231    .constdata          idle.o
    0x08025daf   0x000001d7   Data   RO         1250    .constdata          ipc.o
    0x08025f86   0x00000122   Data   RO         1283    .constdata          kservice.o
    0x080260a8   0x0000006d   Data   RO         1300    .constdata          mem.o
    0x08026115   0x0000003e   Data   RO         1318    .constdata          mempool.o
    0x08026153   0x0000005e   Data   RO         1336    .constdata          object.o
    0x080261b1   0x0000004e   Data   RO         1356    .constdata          scheduler.o
    0x080261ff   0x000000aa   Data   RO         1376    .constdata          thread.o
    0x080262a9   0x0000005c   Data   RO         1393    .constdata          timer.o
    0x08026305   0x00000013   Data   RO         1412    .constdata          cpuport.o
    0x08026318   0x00000023   Data   RO         1467    .constdata          dfs.o
    0x0802633b   0x0000005c   Data   RO         1497    .constdata          dfs_fs.o
    0x08026397   0x0000005f   Data   RO         1514    .constdata          dfs_file.o
    0x080263f6   0x00000019   Data   RO         1533    .constdata          dfs_posix.o
    0x0802640f   0x00000001   PAD
    0x08026410   0x000000b9   Data   RO         1549    .constdata          dfs_elm.o
    0x080264c9   0x00000001   PAD
    0x080264ca   0x0000002c   Data   RO         1582    .constdata          ff.o
    0x080264f6   0x00000002   PAD
    0x080264f8   0x00000066   Data   RO         1597    .constdata          dfs_romfs.o
    0x0802655e   0x00000013   Data   RO         1628    .constdata          i2c_core.o
    0x08026571   0x00000072   Data   RO         1644    .constdata          i2c_dev.o
    0x080265e3   0x000000a3   Data   RO         1657    .constdata          spi_core.o
    0x08026686   0x000000d9   Data   RO         1670    .constdata          spi_dev.o
    0x0802675f   0x00000027   Data   RO         1684    .constdata          spi_flash_w25qxx.o
    0x08026786   0x00000060   Data   RO         1705    .constdata          shell.o
    0x080267e6   0x00000002   PAD
    0x080267e8   0x00000200   Data   RO         1736    .constdata          cmd.o
    0x080269e8   0x000000c4   Data   RO         1861    .constdata          finsh_ops.o
    0x08026aac   0x00000040   Data   RO         1944    .constdata          finsh_token.o
    0x08026aec   0x00000004   PAD
    0x08026af0   0x00000050   Data   RO         2048    .constdata          m_wm.l(asin.o)
    0x08026b40   0x0000000c   Data   RO         2143    .constdata          c_w.l(_monlen.o)
    0x08026b4c   0x00000004   PAD
    0x08026b50   0x00000098   Data   RO         2160    .constdata          m_wm.l(atan.o)
    0x08026be8   0x00000030   Data   RO         2172    .constdata          m_wm.l(cos_i.o)
    0x08026c18   0x00000008   Data   RO         2190    .constdata          m_wm.l(qnan.o)
    0x08026c20   0x000000c8   Data   RO         2193    .constdata          m_wm.l(rred.o)
    0x08026ce8   0x00000028   Data   RO         2197    .constdata          m_wm.l(sin_i.o)
    0x08026d10   0x0000004d   Data   RO          567    .conststring        inv_mpu.o
    0x08026d5d   0x00000003   PAD
    0x08026d60   0x000000ed   Data   RO         1301    .conststring        mem.o
    0x08026e4d   0x00000003   PAD
    0x08026e50   0x00000048   Data   RO         1550    .conststring        dfs_elm.o
    0x08026e98   0x00000004   Data   RO         1598    .conststring        dfs_romfs.o
    0x08026e9c   0x0000019d   Data   RO         1737    .conststring        cmd.o
    0x08027039   0x00000003   PAD
    0x0802703c   0x000000f3   Data   RO         1796    .conststring        finsh_error.o
    0x0802712f   0x00000001   PAD
    0x08027130   0x0000003e   Data   RO         1945    .conststring        finsh_token.o
    0x0802716e   0x00000002   PAD
    0x08027170   0x00000004   Data   RO         1959    .rti_fn.0           components.o
    0x08027174   0x00000004   Data   RO         1960    .rti_fn.1.post      components.o
    0x08027178   0x00000004   Data   RO         1468    .rti_fn.3           dfs.o
    0x0802717c   0x00000004   Data   RO         1629    .rti_fn.3           i2c_core.o
    0x08027180   0x00000004   Data   RO         1707    .rti_fn.3           shell.o
    0x08027184   0x00000004   Data   RO         1552    .rti_fn.4           dfs_elm.o
    0x08027188   0x00000004   Data   RO         1599    .rti_fn.4           dfs_romfs.o
    0x0802718c   0x00000004   Data   RO         1961    .rti_fn.7           components.o
    0x08027190   0x00000018   Data   RO          360    FSymTab             ahrs.o
    0x080271a8   0x00000078   Data   RO          456    FSymTab             settings.o
    0x08027220   0x0000000c   Data   RO         1303    FSymTab             mem.o
    0x0802722c   0x00000018   Data   RO         1498    FSymTab             dfs_fs.o
    0x08027244   0x00000030   Data   RO         1515    FSymTab             dfs_file.o
    0x08027274   0x0000000c   Data   RO         1534    FSymTab             dfs_posix.o
    0x08027280   0x00000090   Data   RO         1739    FSymTab             cmd.o
    0x08027310   0x00000020   Data   RO         2387    Region$$Table       anon$$obj.o
    0x08027330   0x00000010   Data   RO            6    VSymTab             application.o
    0x08027340   0x00000010   Data   RO          635    VSymTab             sonar.o
    0x08027350   0x00000010   Data   RO         1740    VSymTab             cmd.o
    0x08027360   0x00000110   Data   RO         2251    locale$$data        c_w.l(lc_ctype_c.o)


    Execution Region RW_IRAM1 (Base: 0x20000000, Size: 0x00003e18, Max: 0x00020000, ABSOLUTE, COMPRESSED[0x000000d8])

    Base Addr    Size         Type   Attr      Idx    E Section Name        Object

    0x20000000   0x00000040   Data   RW            5    .data               application.o
    0x20000040   0x0000000c   Data   RW          299    .data               motor.o
    0x2000004c   0x00000024   Data   RW          335    .data               pwm.o
    0x20000070   0x00000080   Data   RW          359    .data               ahrs.o
    0x200000f0   0x00000004   Data   RW          491    .data               spi2.o
    0x200000f4   0x0000001c   Data   RW          544    .data               usart.o
    0x20000110   0x0000002c   Data   RW          568    .data               inv_mpu.o
    0x2000013c   0x00000012   Data   RW          634    .data               sonar.o
    0x2000014e   0x00000002   PAD
    0x20000150   0x00000040   Data   RW          657    .data               hmc5883.o
    0x20000190   0x00000014   Data   RW          676    .data               system_stm32f4xx.o
    0x200001a4   0x00000010   Data   RW         1050    .data               stm32f4xx_rcc.o
    0x200001b4   0x00000004   Data   RW         1202    .data               clock.o
    0x200001b8   0x00000004   Data   RW         1232    .data               idle.o
    0x200001bc   0x00000001   Data   RW         1267    .data               irq.o
    0x200001bd   0x00000003   PAD
    0x200001c0   0x00000008   Data   RW         1284    .data               kservice.o
    0x200001c8   0x00000020   Data   RW         1302    .data               mem.o
    0x200001e8   0x00000008   Data   RW         1319    .data               mempool.o
    0x200001f0   0x000000a4   Data   RW         1337    .data               object.o
    0x20000294   0x0000001c   Data   RW         1357    .data               scheduler.o
    0x200002b0   0x00000010   Data   RW         1394    .data               timer.o
    0x200002c0   0x00000010   Data   RW         1413    .data               cpuport.o
    0x200002d0   0x00000008   Data   RW         1551    .data               dfs_elm.o
    0x200002d8   0x0000000a   Data   RW         1583    .data               ff.o
    0x200002e2   0x00000002   PAD
    0x200002e4   0x00000004   Data   RW         1706    .data               shell.o
    0x200002e8   0x00000010   Data   RW         1722    .data               symbol.o
    0x200002f8   0x00000004   Data   RW         1738    .data               cmd.o
    0x200002fc   0x00000008   Data   RW         1759    .data               finsh_compiler.o
    0x20000304   0x00000040   Data   RW         1797    .data               finsh_error.o
    0x20000344   0x00000008   Data   RW         1813    .data               finsh_heap.o
    0x2000034c   0x00000004   Data   RW         1895    .data               finsh_var.o
    0x20000350   0x0000000c   Data   RW         1918    .data               finsh_vm.o
    0x2000035c   0x00000004   PAD
    0x20000360   0x00000be8   Zero   RW            3    .bss                application.o
    0x20000f48   0x00000010   Zero   RW          334    .bss                pwm.o
    0x20000f58   0x00000c70   Zero   RW          357    .bss                ahrs.o
    0x20001bc8   0x000000b0   Zero   RW          454    .bss                settings.o
    0x20001c78   0x000000b8   Zero   RW          489    .bss                spi2.o
    0x20001d30   0x000001a4   Zero   RW          543    .bss                usart.o
    0x20001ed4   0x00000010   Zero   RW          600    .bss                inv_mpu_dmp_motion_driver.o
    0x20001ee4   0x00000004   PAD
    0x20001ee8   0x000002a0   Zero   RW          632    .bss                sonar.o
    0x20002188   0x00000580   Zero   RW         1230    .bss                idle.o
    0x20002708   0x00000080   Zero   RW         1282    .bss                kservice.o
    0x20002788   0x00000020   Zero   RW         1299    .bss                mem.o
    0x200027a8   0x00000100   Zero   RW         1355    .bss                scheduler.o
    0x200028a8   0x000000d4   Zero   RW         1466    .bss                dfs.o
    0x2000297c   0x00000124   Zero   RW         1513    .bss                dfs_file.o
    0x20002aa0   0x00000024   Zero   RW         1627    .bss                i2c_core.o
    0x20002ac4   0x00000074   Zero   RW         1683    .bss                spi_flash_w25qxx.o
    0x20002b38   0x00000880   Zero   RW         1704    .bss                shell.o
    0x200033b8   0x00000080   Zero   RW         1812    .bss                finsh_heap.o
    0x20003438   0x00000140   Zero   RW         1846    .bss                finsh_node.o
    0x20003578   0x000000c0   Zero   RW         1894    .bss                finsh_var.o
    0x20003638   0x00000180   Zero   RW         1917    .bss                finsh_vm.o
    0x200037b8   0x00000060   Zero   RW         2215    .bss                c_w.l(libspace.o)
    0x20003818   0x00000200   Zero   RW         1195    HEAP                startup_stm32f4xx.o
    0x20003a18   0x00000400   Zero   RW         1194    STACK               startup_stm32f4xx.o


==============================================================================

Image component sizes


      Code (inc. data)   RO Data    RW Data    ZI Data      Debug   Object Name

      6312        272         71        128       3184       6939   ahrs.o
      6732        976         42         64       3048     313740   application.o
       176         16          0          0          0      19279   board.o
       100          6          0          4          0       1596   clock.o
      3012       1244       1085          4          0      10479   cmd.o
        64         12         12          0          0       1766   components.o
       272         24          0          0          0        848   context_rvds.o
       448        220         19         16          0       3795   cpuport.o
      1008        166        168          0          0       5089   device.o
      1020        160         39          0        212       9183   dfs.o
      2912        262        261          8          0      17530   dfs_elm.o
      2504        358        143          0        292       8831   dfs_file.o
      1604        292        116          0          0       5860   dfs_fs.o
      1376         48         37          0          0       7271   dfs_posix.o
       848        102        110          0          0       5527   dfs_romfs.o
      9480        142         44         10          0      24797   ff.o
      6168        154          0          8          0      10842   finsh_compiler.o
        44         10        243         64          0       1753   finsh_error.o
       528         18          0          8        128       3439   finsh_heap.o
        88          6          0          0          0       1700   finsh_init.o
       388          4          0          0        320       3444   finsh_node.o
      2780         36        196          0          0       8940   finsh_ops.o
      2428         32          0          0          0       9609   finsh_parser.o
      1624         16        126          0          0       6008   finsh_token.o
       412         18          0          4        192       7293   finsh_var.o
       228         34          0         12        384       6982   finsh_vm.o
       124          8          0          0          0        716   hardtimer.o
      1916        122          0         64          0       5332   hmc5883.o
       632        214         23          0         36       3256   i2c_core.o
       668        174        114          0          0       2904   i2c_dev.o
       364        106         22          4       1408       2951   idle.o
      7952        204        157         44          0      21405   inv_mpu.o
      3472        142       3062          0         16      15111   inv_mpu_dmp_motion_driver.o
      6904        466        471          0          0      21427   ipc.o
        72          6          0          1          0       1458   irq.o
      2512        168        290          8        128      11056   kservice.o
       156          4          0          0          0       1083   led.o
      2484        592        358         32         32       6039   mem.o
      1092        116         62          8          0       5378   mempool.o
       492         74          0          0          0       2025   misc.o
       780         44          0         12          0       2448   motor.o
       864        180         94        164          0       5964   object.o
      1296        112          0          0          0       2677   pid.o
      2476        120          0         36         16       4389   pwm.o
       820        180         78         28        256       4917   scheduler.o
      1596        298        133          0          0       5417   serial.o
      6316       1712        436          0        176      10371   settings.o
      2580        306        100          4       2176       5419   shell.o
       316         76         31         18        672       1663   sonar.o
       472         58          8          4        184       2521   spi2.o
      1900        144        163          0          0       6106   spi_core.o
       920        204        217          0          0       4431   spi_dev.o
      1572        474         39          0        116       7972   spi_flash_w25qxx.o
       204         98          0          0          0       1327   startup.o
        64         26        392          0       1536        900   startup_stm32f4xx.o
       940          6          0          0          0       4362   stm32_iic.o
      5068        352          0          0          0       8649   stm32f4xx_dma.o
      2326        132          0          0          0       5205   stm32f4xx_gpio.o
        64          8          0          0          0       1395   stm32f4xx_it.o
      3452        262          0         16          0      12895   stm32f4xx_rcc.o
      3016        118          0          0          0       8121   stm32f4xx_spi.o
     12948        670          0          0          0      29236   stm32f4xx_tim.o
      3764        164          0          0          0       9572   stm32f4xx_usart.o
         0          0          0         16          0       4181   symbol.o
       528         46          0         20          0       1959   system_stm32f4xx.o
      1716        246        170          0          0       7906   thread.o
      1296        138         92         16          0       7007   timer.o
       412         50          0         28        420       2710   usart.o

    ----------------------------------------------------------------------
    139104      13248       9280        860      14940     772401   Object Totals
         0          0         32          0          0          0   (incl. Generated)
         2          0         24          7          8          0   (incl. Padding)

    ----------------------------------------------------------------------

      Code (inc. data)   RO Data    RW Data    ZI Data      Debug   Library Member Name

        90          0          0          0          0          0   __dczerorl2.o
         8          0          0          0          0         68   __main.o
        52          8          0          0          0          0   __scatter.o
        28          0          0          0          0          0   __scatter_zi.o
        28          0          0          0          0         68   _chval.o
         0          0         12          0          0          0   _monlen.o
        22          0          0          0          0        100   _rserrno.o
       158          0          0          0          0         92   _strtoul.o
        16          0          0          0          0         68   aeabi_memset.o
        26          0          0          0          0         80   atoi.o
        12          0          0          0          0         72   exit.o
         6          0          0          0          0        152   heapauxi.o
         0          0          0          0          0          0   indicate_semi.o
        44         10        272          0          0         76   lc_ctype_c.o
         2          0          0          0          0          0   libinit.o
        24          0          0          0          0          0   libinit2.o
         2          0          0          0          0          0   libshutdown.o
         2          0          0          0          0          0   libshutdown2.o
         8          4          0          0         96         68   libspace.o
        72          0          0          0          0         76   llsdiv.o
       238          0          0          0          0        100   lludivv7m.o
        88          0          0          0          0         76   memcmp.o
       420         10          0          0          0        128   mktime.o
        16          4          0          0          0         76   rt_ctype_table.o
         8          4          0          0          0         68   rt_errno_addr_intlibspace.o
         8          4          0          0          0         68   rt_locale_intlibspace.o
        68          0          0          0          0         68   rt_memclr.o
        78          0          0          0          0         80   rt_memclr_w.o
       138          0          0          0          0         68   rt_memcpy_v6.o
       100          0          0          0          0         80   rt_memcpy_w.o
         0          0          0          0          0          0   rtentry.o
        12          0          0          0          0          0   rtentry2.o
         6          0          0          0          0          0   rtentry4.o
         2          0          0          0          0          0   rtexit.o
        10          0          0          0          0          0   rtexit2.o
       128          0          0          0          0         68   strcmpv7m.o
        62          0          0          0          0         76   strlen.o
       150          0          0          0          0         80   strncmp.o
        86          0          0          0          0         76   strncpy.o
        22          0          0          0          0         68   strrchr.o
       112          0          0          0          0         88   strtol.o
        12          4          0          0          0         68   sys_exit.o
        74          0          0          0          0         80   sys_stackheap_outer.o
         2          0          0          0          0         68   use_no_semi.o
        24          0          0          0          0        164   basic.o
        98          4          0          0          0        140   d2f.o
       826         16          0          0          0        492   daddsub_clz.o
        24          0          0          0          0        116   dcmpi.o
       688        140          0          0          0        256   ddiv.o
        94          4          0          0          0        140   dfix.o
        90          4          0          0          0        140   dfixu.o
        84          0          0          0          0        232   dflt_clz.o
       120          4          0          0          0        140   dleqf.o
       340         12          0          0          0        152   dmul.o
       156          4          0          0          0        140   dnaninf.o
        12          0          0          0          0        116   dretinf.o
       108          0          0          0          0        128   drleqf.o
       408         56          0          0          0        168   dsqrt_umaal.o
        86          4          0          0          0        132   f2d.o
       140          4          0          0          0        132   fnaninf.o
        10          0          0          0          0        116   fpinit.o
        10          0          0          0          0        116   fretinf.o
         0          0          0          0          0          0   usenofp.o
       880        110         80          0          0        200   asin.o
       292         42          0          0          0        180   asinf.o
       752        104        152          0          0        344   atan.o
       496         70          0          0          0        156   atan2.o
       588         90          0          0          0        176   atan2f.o
       216         16          0          0          0        152   cos.o
       368         46         48          0          0        200   cos_i.o
        32          8          0          0          0        124   dunder.o
        24          0          0          0          0        124   fabs.o
        48          0          0          0          0        124   fpclassify.o
        38          0          0          0          0        116   fpclassifyf.o
        16          6          0          0          0        116   funder.o
       248          0          0          0          0        152   poly.o
         0          0          8          0          0          0   qnan.o
      1080        142        200          0          0        188   rred.o
       216         16          0          0          0        152   sin.o
       304         24         40          0          0        208   sin_i.o
       232          0          0          0          0        296   sqrt.o
        62          0          0          0          0        136   sqrtf.o

    ----------------------------------------------------------------------
     11680        982        816          0         96       8568   Library Totals
        30          8          4          0          0          0   (incl. Padding)

    ----------------------------------------------------------------------

      Code (inc. data)   RO Data    RW Data    ZI Data      Debug   Library Name

      2440         48        284          0         96       2404   c_w.l
      3318        252          0          0          0       3020   fz_wm.l
      5892        674        528          0          0       3144   m_wm.l

    ----------------------------------------------------------------------
     11680        982        816          0         96       8568   Library Totals

    ----------------------------------------------------------------------

==============================================================================


      Code (inc. data)   RO Data    RW Data    ZI Data      Debug   

    150784      14230      10096        860      15036     764017   Grand Totals
    150784      14230      10096        216      15036     764017   ELF Image Totals (compressed)
    150784      14230      10096        216          0          0   ROM Totals

==============================================================================

    Total RO  Size (Code + RO Data)               160880 ( 157.11kB)
    Total RW  Size (RW Data + ZI Data)             15896 (  15.52kB)
    Total ROM Size (Code + RO Data + RW Data)     161096 ( 157.32kB)

==============================================================================

